#
# There is insufficient memory for the Java Runtime Environment to continue.
# Native memory allocation (malloc) failed to allocate 4207440 bytes. Error detail: Chunk::new
# Possible reasons:
#   The system is out of physical RAM or swap space
#   This process is running with CompressedOops enabled, and the Java Heap may be blocking the growth of the native heap
# Possible solutions:
#   Reduce memory load on the system
#   Increase physical memory or swap space
#   Check if swap backing store is full
#   Decrease Java heap size (-Xmx/-Xms)
#   Decrease number of Java threads
#   Decrease Java thread stack sizes (-Xss)
#   Set larger code cache with -XX:ReservedCodeCacheSize=
#   JVM is running with Unscaled Compressed Oops mode in which the Java heap is
#     placed in the first 4GB address space. The Java Heap base address is the
#     maximum limit for the native heap growth. Please use -XX:HeapBaseMinAddress
#     to set the Java Heap base and to place the Java Heap above 4GB virtual address.
# This output file may be truncated or incomplete.
#
#  Out of Memory Error (arena.cpp:162), pid=23664, tid=30744
#
# JRE version: OpenJDK Runtime Environment Zulu24.30+11-CA (24.0.1+9) (build 24.0.1+9)
# Java VM: OpenJDK 64-Bit Server VM Zulu24.30+11-CA (24.0.1+9, mixed mode, sharing, tiered, compressed oops, compressed class ptrs, g1 gc, windows-amd64)
# No core dump will be written. Minidumps are not enabled by default on client versions of Windows
#

---------------  S U M M A R Y ------------

Command Line: -Dfile.encoding=UTF-8 --module-path=C:\Users\Admin\Documents\NetBeansProjects\EmplyeeMangagement\build\classes emplyeemangagement.Update

Host: 12th Gen Intel(R) Core(TM) i7-12650H, 16 cores, 7G,  Windows 11 , 64 bit Build 22621 (10.0.22621.4391)
Time: Thu Oct 23 16:25:43 2025 SE Asia Standard Time elapsed time: 0.713057 seconds (0d 0h 0m 0s)

---------------  T H R E A D  ---------------

Current thread (0x000002758e1ce190):  JavaThread "C2 CompilerThread1" daemon [_thread_in_native, id=30744, stack(0x000000be0dc00000,0x000000be0dd00000) (1024K)]


Current CompileTask:
C2:713 2288   !   4       sun.font.TrueTypeFont::getTableBuffer (208 bytes)

Stack: [0x000000be0dc00000,0x000000be0dd00000]
Native frames: (J=compiled Java code, j=interpreted, Vv=VM code, C=native code)
V  [jvm.dll+0x7410c9]  (no source info available)
V  [jvm.dll+0x97def3]  (no source info available)
V  [jvm.dll+0x98021d]  (no source info available)
V  [jvm.dll+0x980893]  (no source info available)
V  [jvm.dll+0x2b5b16]  (no source info available)
V  [jvm.dll+0xd019f]  (no source info available)
V  [jvm.dll+0xd03ff]  (no source info available)
V  [jvm.dll+0x15b8bf]  (no source info available)
V  [jvm.dll+0x74698f]  (no source info available)
V  [jvm.dll+0x27a528]  (no source info available)
V  [jvm.dll+0x279641]  (no source info available)
V  [jvm.dll+0x1f313a]  (no source info available)
V  [jvm.dll+0x288e35]  (no source info available)
V  [jvm.dll+0x2870ca]  (no source info available)
V  [jvm.dll+0x43df56]  (no source info available)
V  [jvm.dll+0x920928]  (no source info available)
V  [jvm.dll+0x73f855]  (no source info available)
C  [ucrtbase.dll+0x29333]  (no source info available)
C  [KERNEL32.DLL+0x1259d]  (no source info available)
C  [ntdll.dll+0x5af38]  (no source info available)

Lock stack of current Java thread (top to bottom):


---------------  P R O C E S S  ---------------

Threads class SMR info:
_java_thread_list=0x000002758ed07410, length=22, elements={
0x0000027548f9c220, 0x0000027548f9d970, 0x0000027548fa3240, 0x0000027548fa3ea0,
0x0000027548fa5150, 0x0000027548fa6f00, 0x0000027548faa180, 0x0000027548fb0300,
0x000002758e089370, 0x000002758e093990, 0x000002758e095130, 0x000002758e0958c0,
0x000002758e1ca600, 0x000002758e1ce190, 0x000002758e260bb0, 0x000002758e5ff610,
0x000002758e5ffd50, 0x000002758e874b50, 0x000002758e65dad0, 0x0000027590cd2b20,
0x00000275291ee3d0, 0x0000027590929da0
}

Java Threads: ( => current thread )
  0x0000027548f9c220 JavaThread "Reference Handler"          daemon [_thread_blocked, id=14824, stack(0x000000be0cf00000,0x000000be0d000000) (1024K)]
  0x0000027548f9d970 JavaThread "Finalizer"                  daemon [_thread_blocked, id=28912, stack(0x000000be0d000000,0x000000be0d100000) (1024K)]
  0x0000027548fa3240 JavaThread "Signal Dispatcher"          daemon [_thread_blocked, id=22916, stack(0x000000be0d100000,0x000000be0d200000) (1024K)]
  0x0000027548fa3ea0 JavaThread "Attach Listener"            daemon [_thread_blocked, id=27592, stack(0x000000be0d200000,0x000000be0d300000) (1024K)]
  0x0000027548fa5150 JavaThread "Service Thread"             daemon [_thread_blocked, id=32148, stack(0x000000be0d300000,0x000000be0d400000) (1024K)]
  0x0000027548fa6f00 JavaThread "Monitor Deflation Thread"   daemon [_thread_blocked, id=8916, stack(0x000000be0d400000,0x000000be0d500000) (1024K)]
  0x0000027548faa180 JavaThread "C2 CompilerThread0"         daemon [_thread_in_native, id=12076, stack(0x000000be0d500000,0x000000be0d600000) (1024K)]
  0x0000027548fb0300 JavaThread "C1 CompilerThread0"         daemon [_thread_blocked, id=18952, stack(0x000000be0d600000,0x000000be0d700000) (1024K)]
  0x000002758e089370 JavaThread "Common-Cleaner"             daemon [_thread_blocked, id=33084, stack(0x000000be0d700000,0x000000be0d800000) (1024K)]
  0x000002758e093990 JavaThread "C1 CompilerThread1"         daemon [_thread_blocked, id=25412, stack(0x000000be0d800000,0x000000be0d900000) (1024K)]
  0x000002758e095130 JavaThread "C1 CompilerThread2"         daemon [_thread_blocked, id=27400, stack(0x000000be0d900000,0x000000be0da00000) (1024K)]
  0x000002758e0958c0 JavaThread "C1 CompilerThread3"         daemon [_thread_blocked, id=34160, stack(0x000000be0da00000,0x000000be0db00000) (1024K)]
  0x000002758e1ca600 JavaThread "Notification Thread"        daemon [_thread_blocked, id=30808, stack(0x000000be0db00000,0x000000be0dc00000) (1024K)]
=>0x000002758e1ce190 JavaThread "C2 CompilerThread1"         daemon [_thread_in_native, id=30744, stack(0x000000be0dc00000,0x000000be0dd00000) (1024K)]
  0x000002758e260bb0 JavaThread "C2 CompilerThread2"         daemon [_thread_blocked, id=25644, stack(0x000000be0dd00000,0x000000be0de00000) (1024K)]
  0x000002758e5ff610 JavaThread "Java2D Disposer"            daemon [_thread_blocked, id=26372, stack(0x000000be0de00000,0x000000be0df00000) (1024K)]
  0x000002758e5ffd50 JavaThread "AWT-Shutdown"                      [_thread_blocked, id=34760, stack(0x000000be0df00000,0x000000be0e000000) (1024K)]
  0x000002758e874b50 JavaThread "AWT-Windows"                daemon [_thread_in_native, id=12088, stack(0x000000be0e000000,0x000000be0e100000) (1024K)]
  0x000002758e65dad0 JavaThread "mysql-cj-abandoned-connection-cleanup" daemon [_thread_blocked, id=14492, stack(0x000000be0e100000,0x000000be0e200000) (1024K)]
  0x0000027590cd2b20 JavaThread "AWT-EventQueue-0"                  [_thread_blocked, id=34184, stack(0x000000be0e200000,0x000000be0e300000) (1024K)]
  0x00000275291ee3d0 JavaThread "DestroyJavaVM"                     [_thread_blocked, id=5708, stack(0x000000be0c700000,0x000000be0c800000) (1024K)]
  0x0000027590929da0 JavaThread "TimerQueue"                 daemon [_thread_blocked, id=34096, stack(0x000000be0e600000,0x000000be0e700000) (1024K)]
Total: 22

Other Threads:
  0x0000027548f8cf50 VMThread "VM Thread"                           [id=17260, stack(0x000000be0ce00000,0x000000be0cf00000) (1024K)]
  0x0000027548f7fab0 WatcherThread "VM Periodic Task Thread"        [id=33616, stack(0x000000be0cd00000,0x000000be0ce00000) (1024K)]
  0x000002752b5843f0 WorkerThread "GC Thread#0"                     [id=28236, stack(0x000000be0c800000,0x000000be0c900000) (1024K)]
  0x000002752b598a30 ConcurrentGCThread "G1 Main Marker"            [id=32688, stack(0x000000be0c900000,0x000000be0ca00000) (1024K)]
  0x000002752b599ce0 WorkerThread "G1 Conc#0"                       [id=33904, stack(0x000000be0ca00000,0x000000be0cb00000) (1024K)]
  0x000002752b5ee890 ConcurrentGCThread "G1 Refine#0"               [id=33232, stack(0x000000be0cb00000,0x000000be0cc00000) (1024K)]
  0x0000027548e4eaf0 ConcurrentGCThread "G1 Service"                [id=26872, stack(0x000000be0cc00000,0x000000be0cd00000) (1024K)]
Total: 7

Threads with active compile tasks:
C2 CompilerThread0  729 2311       4       sun.font.TrueTypeFont::initAllNames (182 bytes)
C2 CompilerThread1  729 2288   !   4       sun.font.TrueTypeFont::getTableBuffer (208 bytes)
Total: 2

VM state: not at safepoint (normal execution)

VM Mutex/Monitor currently owned by a thread: None

Heap address: 0x0000000084a00000, size: 1974 MB, Compressed Oops mode: 32-bit

CDS archive(s) mapped at: [0x0000027549000000-0x0000027549d40000-0x0000027549d40000), size 13893632, SharedBaseAddress: 0x0000027549000000, ArchiveRelocationMode: 1.
Compressed class space mapped at: 0x000002754a000000-0x000002758a000000, reserved size: 1073741824
UseCompressedClassPointers 1, UseCompactObjectHeaders 0
Narrow klass pointer bits 32, Max shift 3
Narrow klass base: 0x0000027549000000, Narrow klass shift: 0
Encoding Range: [0x0000027549000000 - 0x0000027649000000), (4294967296 bytes)
Klass Range:    [0x0000027549000000 - 0x000002758a000000), (1090519040 bytes)
Klass ID Range:  [8 - 1090519033) (1090519025)

GC Precious Log:
 CardTable entry size: 512
 Card Set container configuration: InlinePtr #cards 5 size 8 Array Of Cards #cards 10 size 36 Howl #buckets 4 coarsen threshold 1843 Howl Bitmap #cards 512 size 80 coarsen threshold 460 Card regions per heap region 1 cards per card region 2048
 CPUs: 16 total, 16 available
 Memory: 7895M
 Large Page Support: Disabled
 NUMA Support: Disabled
 Compressed Oops: Enabled (32-bit)
 Heap Region Size: 1M
 Heap Min Capacity: 8M
 Heap Initial Capacity: 124M
 Heap Max Capacity: 1974M
 Pre-touch: Disabled
 Parallel Workers: 13
 Concurrent Workers: 3
 Concurrent Refinement Workers: 13
 Periodic GC: Disabled

Heap:
 garbage-first heap   total reserved 2021376K, committed 129024K, used 44144K [0x0000000084a00000, 0x0000000100000000)
  region size 1024K, 39 young (39936K), 0 survivors (0K)
 Metaspace       used 17251K, committed 17472K, reserved 1114112K
  class space    used 1552K, committed 1664K, reserved 1048576K

Heap Regions: E=young(eden), S=young(survivor), O=old, HS=humongous(starts), HC=humongous(continues), CS=collection set, F=free, TAMS=top-at-mark-start, PB=parsable bottom
|   0|0x0000000084a00000, 0x0000000084b00000, 0x0000000084b00000|100%|HS|  |TAMS 0x0000000084a00000| PB 0x0000000084a00000| Complete |  0
|   1|0x0000000084b00000, 0x0000000084c00000, 0x0000000084c00000|100%|HC|  |TAMS 0x0000000084b00000| PB 0x0000000084b00000| Complete |  0
|   2|0x0000000084c00000, 0x0000000084d00000, 0x0000000084d00000|100%|HC|  |TAMS 0x0000000084c00000| PB 0x0000000084c00000| Complete |  0
|   3|0x0000000084d00000, 0x0000000084e00000, 0x0000000084e00000|100%|HC|  |TAMS 0x0000000084d00000| PB 0x0000000084d00000| Complete |  0
|   4|0x0000000084e00000, 0x0000000084e00000, 0x0000000084f00000|  0%| F|  |TAMS 0x0000000084e00000| PB 0x0000000084e00000| Untracked |  0
|   5|0x0000000084f00000, 0x0000000084f00000, 0x0000000085000000|  0%| F|  |TAMS 0x0000000084f00000| PB 0x0000000084f00000| Untracked |  0
|   6|0x0000000085000000, 0x0000000085000000, 0x0000000085100000|  0%| F|  |TAMS 0x0000000085000000| PB 0x0000000085000000| Untracked |  0
|   7|0x0000000085100000, 0x0000000085100000, 0x0000000085200000|  0%| F|  |TAMS 0x0000000085100000| PB 0x0000000085100000| Untracked |  0
|   8|0x0000000085200000, 0x0000000085200000, 0x0000000085300000|  0%| F|  |TAMS 0x0000000085200000| PB 0x0000000085200000| Untracked |  0
|   9|0x0000000085300000, 0x0000000085300000, 0x0000000085400000|  0%| F|  |TAMS 0x0000000085300000| PB 0x0000000085300000| Untracked |  0
|  10|0x0000000085400000, 0x0000000085400000, 0x0000000085500000|  0%| F|  |TAMS 0x0000000085400000| PB 0x0000000085400000| Untracked |  0
|  11|0x0000000085500000, 0x0000000085500000, 0x0000000085600000|  0%| F|  |TAMS 0x0000000085500000| PB 0x0000000085500000| Untracked |  0
|  12|0x0000000085600000, 0x0000000085600000, 0x0000000085700000|  0%| F|  |TAMS 0x0000000085600000| PB 0x0000000085600000| Untracked |  0
|  13|0x0000000085700000, 0x0000000085700000, 0x0000000085800000|  0%| F|  |TAMS 0x0000000085700000| PB 0x0000000085700000| Untracked |  0
|  14|0x0000000085800000, 0x0000000085800000, 0x0000000085900000|  0%| F|  |TAMS 0x0000000085800000| PB 0x0000000085800000| Untracked |  0
|  15|0x0000000085900000, 0x0000000085900000, 0x0000000085a00000|  0%| F|  |TAMS 0x0000000085900000| PB 0x0000000085900000| Untracked |  0
|  16|0x0000000085a00000, 0x0000000085a00000, 0x0000000085b00000|  0%| F|  |TAMS 0x0000000085a00000| PB 0x0000000085a00000| Untracked |  0
|  17|0x0000000085b00000, 0x0000000085b00000, 0x0000000085c00000|  0%| F|  |TAMS 0x0000000085b00000| PB 0x0000000085b00000| Untracked |  0
|  18|0x0000000085c00000, 0x0000000085c00000, 0x0000000085d00000|  0%| F|  |TAMS 0x0000000085c00000| PB 0x0000000085c00000| Untracked |  0
|  19|0x0000000085d00000, 0x0000000085d00000, 0x0000000085e00000|  0%| F|  |TAMS 0x0000000085d00000| PB 0x0000000085d00000| Untracked |  0
|  20|0x0000000085e00000, 0x0000000085e00000, 0x0000000085f00000|  0%| F|  |TAMS 0x0000000085e00000| PB 0x0000000085e00000| Untracked |  0
|  21|0x0000000085f00000, 0x0000000085f00000, 0x0000000086000000|  0%| F|  |TAMS 0x0000000085f00000| PB 0x0000000085f00000| Untracked |  0
|  22|0x0000000086000000, 0x0000000086000000, 0x0000000086100000|  0%| F|  |TAMS 0x0000000086000000| PB 0x0000000086000000| Untracked |  0
|  23|0x0000000086100000, 0x0000000086100000, 0x0000000086200000|  0%| F|  |TAMS 0x0000000086100000| PB 0x0000000086100000| Untracked |  0
|  24|0x0000000086200000, 0x0000000086200000, 0x0000000086300000|  0%| F|  |TAMS 0x0000000086200000| PB 0x0000000086200000| Untracked |  0
|  25|0x0000000086300000, 0x0000000086300000, 0x0000000086400000|  0%| F|  |TAMS 0x0000000086300000| PB 0x0000000086300000| Untracked |  0
|  26|0x0000000086400000, 0x0000000086400000, 0x0000000086500000|  0%| F|  |TAMS 0x0000000086400000| PB 0x0000000086400000| Untracked |  0
|  27|0x0000000086500000, 0x0000000086500000, 0x0000000086600000|  0%| F|  |TAMS 0x0000000086500000| PB 0x0000000086500000| Untracked |  0
|  28|0x0000000086600000, 0x0000000086600000, 0x0000000086700000|  0%| F|  |TAMS 0x0000000086600000| PB 0x0000000086600000| Untracked |  0
|  29|0x0000000086700000, 0x0000000086700000, 0x0000000086800000|  0%| F|  |TAMS 0x0000000086700000| PB 0x0000000086700000| Untracked |  0
|  30|0x0000000086800000, 0x0000000086800000, 0x0000000086900000|  0%| F|  |TAMS 0x0000000086800000| PB 0x0000000086800000| Untracked |  0
|  31|0x0000000086900000, 0x0000000086900000, 0x0000000086a00000|  0%| F|  |TAMS 0x0000000086900000| PB 0x0000000086900000| Untracked |  0
|  32|0x0000000086a00000, 0x0000000086a00000, 0x0000000086b00000|  0%| F|  |TAMS 0x0000000086a00000| PB 0x0000000086a00000| Untracked |  0
|  33|0x0000000086b00000, 0x0000000086b00000, 0x0000000086c00000|  0%| F|  |TAMS 0x0000000086b00000| PB 0x0000000086b00000| Untracked |  0
|  34|0x0000000086c00000, 0x0000000086c00000, 0x0000000086d00000|  0%| F|  |TAMS 0x0000000086c00000| PB 0x0000000086c00000| Untracked |  0
|  35|0x0000000086d00000, 0x0000000086d00000, 0x0000000086e00000|  0%| F|  |TAMS 0x0000000086d00000| PB 0x0000000086d00000| Untracked |  0
|  36|0x0000000086e00000, 0x0000000086e00000, 0x0000000086f00000|  0%| F|  |TAMS 0x0000000086e00000| PB 0x0000000086e00000| Untracked |  0
|  37|0x0000000086f00000, 0x0000000086f00000, 0x0000000087000000|  0%| F|  |TAMS 0x0000000086f00000| PB 0x0000000086f00000| Untracked |  0
|  38|0x0000000087000000, 0x0000000087000000, 0x0000000087100000|  0%| F|  |TAMS 0x0000000087000000| PB 0x0000000087000000| Untracked |  0
|  39|0x0000000087100000, 0x0000000087100000, 0x0000000087200000|  0%| F|  |TAMS 0x0000000087100000| PB 0x0000000087100000| Untracked |  0
|  40|0x0000000087200000, 0x0000000087200000, 0x0000000087300000|  0%| F|  |TAMS 0x0000000087200000| PB 0x0000000087200000| Untracked |  0
|  41|0x0000000087300000, 0x0000000087300000, 0x0000000087400000|  0%| F|  |TAMS 0x0000000087300000| PB 0x0000000087300000| Untracked |  0
|  42|0x0000000087400000, 0x0000000087400000, 0x0000000087500000|  0%| F|  |TAMS 0x0000000087400000| PB 0x0000000087400000| Untracked |  0
|  43|0x0000000087500000, 0x0000000087500000, 0x0000000087600000|  0%| F|  |TAMS 0x0000000087500000| PB 0x0000000087500000| Untracked |  0
|  44|0x0000000087600000, 0x0000000087600000, 0x0000000087700000|  0%| F|  |TAMS 0x0000000087600000| PB 0x0000000087600000| Untracked |  0
|  45|0x0000000087700000, 0x0000000087700000, 0x0000000087800000|  0%| F|  |TAMS 0x0000000087700000| PB 0x0000000087700000| Untracked |  0
|  46|0x0000000087800000, 0x0000000087800000, 0x0000000087900000|  0%| F|  |TAMS 0x0000000087800000| PB 0x0000000087800000| Untracked |  0
|  47|0x0000000087900000, 0x0000000087900000, 0x0000000087a00000|  0%| F|  |TAMS 0x0000000087900000| PB 0x0000000087900000| Untracked |  0
|  48|0x0000000087a00000, 0x0000000087a00000, 0x0000000087b00000|  0%| F|  |TAMS 0x0000000087a00000| PB 0x0000000087a00000| Untracked |  0
|  49|0x0000000087b00000, 0x0000000087b00000, 0x0000000087c00000|  0%| F|  |TAMS 0x0000000087b00000| PB 0x0000000087b00000| Untracked |  0
|  50|0x0000000087c00000, 0x0000000087c00000, 0x0000000087d00000|  0%| F|  |TAMS 0x0000000087c00000| PB 0x0000000087c00000| Untracked |  0
|  51|0x0000000087d00000, 0x0000000087d00000, 0x0000000087e00000|  0%| F|  |TAMS 0x0000000087d00000| PB 0x0000000087d00000| Untracked |  0
|  52|0x0000000087e00000, 0x0000000087e00000, 0x0000000087f00000|  0%| F|  |TAMS 0x0000000087e00000| PB 0x0000000087e00000| Untracked |  0
|  53|0x0000000087f00000, 0x0000000087f00000, 0x0000000088000000|  0%| F|  |TAMS 0x0000000087f00000| PB 0x0000000087f00000| Untracked |  0
|  54|0x0000000088000000, 0x0000000088000000, 0x0000000088100000|  0%| F|  |TAMS 0x0000000088000000| PB 0x0000000088000000| Untracked |  0
|  55|0x0000000088100000, 0x0000000088100000, 0x0000000088200000|  0%| F|  |TAMS 0x0000000088100000| PB 0x0000000088100000| Untracked |  0
|  56|0x0000000088200000, 0x0000000088200000, 0x0000000088300000|  0%| F|  |TAMS 0x0000000088200000| PB 0x0000000088200000| Untracked |  0
|  57|0x0000000088300000, 0x0000000088300000, 0x0000000088400000|  0%| F|  |TAMS 0x0000000088300000| PB 0x0000000088300000| Untracked |  0
|  58|0x0000000088400000, 0x0000000088400000, 0x0000000088500000|  0%| F|  |TAMS 0x0000000088400000| PB 0x0000000088400000| Untracked |  0
|  59|0x0000000088500000, 0x0000000088500000, 0x0000000088600000|  0%| F|  |TAMS 0x0000000088500000| PB 0x0000000088500000| Untracked |  0
|  60|0x0000000088600000, 0x0000000088600000, 0x0000000088700000|  0%| F|  |TAMS 0x0000000088600000| PB 0x0000000088600000| Untracked |  0
|  61|0x0000000088700000, 0x0000000088700000, 0x0000000088800000|  0%| F|  |TAMS 0x0000000088700000| PB 0x0000000088700000| Untracked |  0
|  62|0x0000000088800000, 0x0000000088800000, 0x0000000088900000|  0%| F|  |TAMS 0x0000000088800000| PB 0x0000000088800000| Untracked |  0
|  63|0x0000000088900000, 0x0000000088900000, 0x0000000088a00000|  0%| F|  |TAMS 0x0000000088900000| PB 0x0000000088900000| Untracked |  0
|  64|0x0000000088a00000, 0x0000000088a00000, 0x0000000088b00000|  0%| F|  |TAMS 0x0000000088a00000| PB 0x0000000088a00000| Untracked |  0
|  65|0x0000000088b00000, 0x0000000088b00000, 0x0000000088c00000|  0%| F|  |TAMS 0x0000000088b00000| PB 0x0000000088b00000| Untracked |  0
|  66|0x0000000088c00000, 0x0000000088c00000, 0x0000000088d00000|  0%| F|  |TAMS 0x0000000088c00000| PB 0x0000000088c00000| Untracked |  0
|  67|0x0000000088d00000, 0x0000000088d00000, 0x0000000088e00000|  0%| F|  |TAMS 0x0000000088d00000| PB 0x0000000088d00000| Untracked |  0
|  68|0x0000000088e00000, 0x0000000088e00000, 0x0000000088f00000|  0%| F|  |TAMS 0x0000000088e00000| PB 0x0000000088e00000| Untracked |  0
|  69|0x0000000088f00000, 0x0000000088f00000, 0x0000000089000000|  0%| F|  |TAMS 0x0000000088f00000| PB 0x0000000088f00000| Untracked |  0
|  70|0x0000000089000000, 0x0000000089000000, 0x0000000089100000|  0%| F|  |TAMS 0x0000000089000000| PB 0x0000000089000000| Untracked |  0
|  71|0x0000000089100000, 0x0000000089100000, 0x0000000089200000|  0%| F|  |TAMS 0x0000000089100000| PB 0x0000000089100000| Untracked |  0
|  72|0x0000000089200000, 0x0000000089200000, 0x0000000089300000|  0%| F|  |TAMS 0x0000000089200000| PB 0x0000000089200000| Untracked |  0
|  73|0x0000000089300000, 0x0000000089300000, 0x0000000089400000|  0%| F|  |TAMS 0x0000000089300000| PB 0x0000000089300000| Untracked |  0
|  74|0x0000000089400000, 0x0000000089400000, 0x0000000089500000|  0%| F|  |TAMS 0x0000000089400000| PB 0x0000000089400000| Untracked |  0
|  75|0x0000000089500000, 0x0000000089500000, 0x0000000089600000|  0%| F|  |TAMS 0x0000000089500000| PB 0x0000000089500000| Untracked |  0
|  76|0x0000000089600000, 0x0000000089600000, 0x0000000089700000|  0%| F|  |TAMS 0x0000000089600000| PB 0x0000000089600000| Untracked |  0
|  77|0x0000000089700000, 0x0000000089700000, 0x0000000089800000|  0%| F|  |TAMS 0x0000000089700000| PB 0x0000000089700000| Untracked |  0
|  78|0x0000000089800000, 0x0000000089800000, 0x0000000089900000|  0%| F|  |TAMS 0x0000000089800000| PB 0x0000000089800000| Untracked |  0
|  79|0x0000000089900000, 0x0000000089900000, 0x0000000089a00000|  0%| F|  |TAMS 0x0000000089900000| PB 0x0000000089900000| Untracked |  0
|  80|0x0000000089a00000, 0x0000000089a00000, 0x0000000089b00000|  0%| F|  |TAMS 0x0000000089a00000| PB 0x0000000089a00000| Untracked |  0
|  81|0x0000000089b00000, 0x0000000089b00000, 0x0000000089c00000|  0%| F|  |TAMS 0x0000000089b00000| PB 0x0000000089b00000| Untracked |  0
|  82|0x0000000089c00000, 0x0000000089c00000, 0x0000000089d00000|  0%| F|  |TAMS 0x0000000089c00000| PB 0x0000000089c00000| Untracked |  0
|  83|0x0000000089d00000, 0x0000000089d00000, 0x0000000089e00000|  0%| F|  |TAMS 0x0000000089d00000| PB 0x0000000089d00000| Untracked |  0
|  84|0x0000000089e00000, 0x0000000089e00000, 0x0000000089f00000|  0%| F|  |TAMS 0x0000000089e00000| PB 0x0000000089e00000| Untracked |  0
|  85|0x0000000089f00000, 0x0000000089f80000, 0x000000008a000000| 50%| E|  |TAMS 0x0000000089f00000| PB 0x0000000089f00000| Complete |  0
|  86|0x000000008a000000, 0x000000008a100000, 0x000000008a100000|100%| E|CS|TAMS 0x000000008a000000| PB 0x000000008a000000| Complete |  0
|  87|0x000000008a100000, 0x000000008a200000, 0x000000008a200000|100%| E|CS|TAMS 0x000000008a100000| PB 0x000000008a100000| Complete |  0
|  88|0x000000008a200000, 0x000000008a300000, 0x000000008a300000|100%| E|CS|TAMS 0x000000008a200000| PB 0x000000008a200000| Complete |  0
|  89|0x000000008a300000, 0x000000008a400000, 0x000000008a400000|100%| E|CS|TAMS 0x000000008a300000| PB 0x000000008a300000| Complete |  0
|  90|0x000000008a400000, 0x000000008a500000, 0x000000008a500000|100%| E|CS|TAMS 0x000000008a400000| PB 0x000000008a400000| Complete |  0
|  91|0x000000008a500000, 0x000000008a600000, 0x000000008a600000|100%| E|CS|TAMS 0x000000008a500000| PB 0x000000008a500000| Complete |  0
|  92|0x000000008a600000, 0x000000008a700000, 0x000000008a700000|100%| E|CS|TAMS 0x000000008a600000| PB 0x000000008a600000| Complete |  0
|  93|0x000000008a700000, 0x000000008a800000, 0x000000008a800000|100%| E|CS|TAMS 0x000000008a700000| PB 0x000000008a700000| Complete |  0
|  94|0x000000008a800000, 0x000000008a900000, 0x000000008a900000|100%| E|CS|TAMS 0x000000008a800000| PB 0x000000008a800000| Complete |  0
|  95|0x000000008a900000, 0x000000008aa00000, 0x000000008aa00000|100%| E|CS|TAMS 0x000000008a900000| PB 0x000000008a900000| Complete |  0
|  96|0x000000008aa00000, 0x000000008ab00000, 0x000000008ab00000|100%| E|CS|TAMS 0x000000008aa00000| PB 0x000000008aa00000| Complete |  0
|  97|0x000000008ab00000, 0x000000008ac00000, 0x000000008ac00000|100%| E|CS|TAMS 0x000000008ab00000| PB 0x000000008ab00000| Complete |  0
|  98|0x000000008ac00000, 0x000000008ad00000, 0x000000008ad00000|100%| E|CS|TAMS 0x000000008ac00000| PB 0x000000008ac00000| Complete |  0
|  99|0x000000008ad00000, 0x000000008ae00000, 0x000000008ae00000|100%| E|CS|TAMS 0x000000008ad00000| PB 0x000000008ad00000| Complete |  0
| 100|0x000000008ae00000, 0x000000008af00000, 0x000000008af00000|100%| E|CS|TAMS 0x000000008ae00000| PB 0x000000008ae00000| Complete |  0
| 101|0x000000008af00000, 0x000000008b000000, 0x000000008b000000|100%| E|CS|TAMS 0x000000008af00000| PB 0x000000008af00000| Complete |  0
| 102|0x000000008b000000, 0x000000008b100000, 0x000000008b100000|100%| E|CS|TAMS 0x000000008b000000| PB 0x000000008b000000| Complete |  0
| 103|0x000000008b100000, 0x000000008b200000, 0x000000008b200000|100%| E|CS|TAMS 0x000000008b100000| PB 0x000000008b100000| Complete |  0
| 104|0x000000008b200000, 0x000000008b300000, 0x000000008b300000|100%| E|CS|TAMS 0x000000008b200000| PB 0x000000008b200000| Complete |  0
| 105|0x000000008b300000, 0x000000008b400000, 0x000000008b400000|100%| E|CS|TAMS 0x000000008b300000| PB 0x000000008b300000| Complete |  0
| 106|0x000000008b400000, 0x000000008b500000, 0x000000008b500000|100%| E|CS|TAMS 0x000000008b400000| PB 0x000000008b400000| Complete |  0
| 107|0x000000008b500000, 0x000000008b600000, 0x000000008b600000|100%| E|CS|TAMS 0x000000008b500000| PB 0x000000008b500000| Complete |  0
| 108|0x000000008b600000, 0x000000008b700000, 0x000000008b700000|100%| E|CS|TAMS 0x000000008b600000| PB 0x000000008b600000| Complete |  0
| 109|0x000000008b700000, 0x000000008b800000, 0x000000008b800000|100%| E|CS|TAMS 0x000000008b700000| PB 0x000000008b700000| Complete |  0
| 110|0x000000008b800000, 0x000000008b900000, 0x000000008b900000|100%| E|CS|TAMS 0x000000008b800000| PB 0x000000008b800000| Complete |  0
| 111|0x000000008b900000, 0x000000008ba00000, 0x000000008ba00000|100%| E|CS|TAMS 0x000000008b900000| PB 0x000000008b900000| Complete |  0
| 112|0x000000008ba00000, 0x000000008bb00000, 0x000000008bb00000|100%| E|CS|TAMS 0x000000008ba00000| PB 0x000000008ba00000| Complete |  0
| 113|0x000000008bb00000, 0x000000008bc00000, 0x000000008bc00000|100%| E|CS|TAMS 0x000000008bb00000| PB 0x000000008bb00000| Complete |  0
| 114|0x000000008bc00000, 0x000000008bd00000, 0x000000008bd00000|100%| E|CS|TAMS 0x000000008bc00000| PB 0x000000008bc00000| Complete |  0
| 115|0x000000008bd00000, 0x000000008be00000, 0x000000008be00000|100%| E|CS|TAMS 0x000000008bd00000| PB 0x000000008bd00000| Complete |  0
| 116|0x000000008be00000, 0x000000008bf00000, 0x000000008bf00000|100%| E|CS|TAMS 0x000000008be00000| PB 0x000000008be00000| Complete |  0
| 117|0x000000008bf00000, 0x000000008c000000, 0x000000008c000000|100%| E|CS|TAMS 0x000000008bf00000| PB 0x000000008bf00000| Complete |  0
| 118|0x000000008c000000, 0x000000008c100000, 0x000000008c100000|100%| E|CS|TAMS 0x000000008c000000| PB 0x000000008c000000| Complete |  0
| 119|0x000000008c100000, 0x000000008c200000, 0x000000008c200000|100%| E|CS|TAMS 0x000000008c100000| PB 0x000000008c100000| Complete |  0
| 120|0x000000008c200000, 0x000000008c300000, 0x000000008c300000|100%| E|CS|TAMS 0x000000008c200000| PB 0x000000008c200000| Complete |  0
| 121|0x000000008c300000, 0x000000008c400000, 0x000000008c400000|100%| E|CS|TAMS 0x000000008c300000| PB 0x000000008c300000| Complete |  0
| 122|0x000000008c400000, 0x000000008c500000, 0x000000008c500000|100%| E|CS|TAMS 0x000000008c400000| PB 0x000000008c400000| Complete |  0
| 123|0x000000008c500000, 0x000000008c600000, 0x000000008c600000|100%| E|CS|TAMS 0x000000008c500000| PB 0x000000008c500000| Complete |  0
|1972|0x00000000ffe00000, 0x00000000fff00000, 0x00000000fff00000|100%| O|  |TAMS 0x00000000ffe00000| PB 0x00000000ffe00000| Untracked |  0
|1973|0x00000000fff00000, 0x00000000fff1c2f8, 0x0000000100000000| 11%| O|  |TAMS 0x00000000fff00000| PB 0x00000000fff00000| Untracked |  0

Card table byte_map: [0x0000027543ca0000,0x0000027544080000] _byte_map_base: 0x000002754387b000

Marking Bits: (CMBitMap*) 0x000002752b584b00
 Bits: [0x0000027544080000, 0x0000027545f58000)

Polling page: 0x000002752ad00000

Metaspace:

Usage:
  Non-class:     15.33 MB used.
      Class:      1.52 MB used.
       Both:     16.85 MB used.

Virtual space:
  Non-class space:       64.00 MB reserved,      15.44 MB ( 24%) committed,  1 nodes.
      Class space:        1.00 GB reserved,       1.62 MB ( <1%) committed,  1 nodes.
             Both:        1.06 GB reserved,      17.06 MB (  2%) committed. 

Chunk freelists:
   Non-Class:  461.00 KB
       Class:  14.24 MB
        Both:  14.69 MB

MaxMetaspaceSize: unlimited
CompressedClassSpaceSize: 1.00 GB
Initial GC threshold: 21.00 MB
Current GC threshold: 21.00 MB
CDS: on
 - commit_granule_bytes: 65536.
 - commit_granule_words: 8192.
 - virtual_space_node_default_size: 8388608.
 - enlarge_chunks_in_place: 1.
UseCompressedClassPointers 1, UseCompactObjectHeaders 0
Narrow klass pointer bits 32, Max shift 3
Narrow klass base: 0x0000027549000000, Narrow klass shift: 0
Encoding Range: [0x0000027549000000 - 0x0000027649000000), (4294967296 bytes)
Klass Range:    [0x0000027549000000 - 0x000002758a000000), (1090519040 bytes)
Klass ID Range:  [8 - 1090519033) (1090519025)


Internal statistics:

num_allocs_failed_limit: 0.
num_arena_births: 154.
num_arena_deaths: 0.
num_vsnodes_births: 2.
num_vsnodes_deaths: 0.
num_space_committed: 273.
num_space_uncommitted: 0.
num_chunks_returned_to_freelist: 0.
num_chunks_taken_from_freelist: 335.
num_chunk_merges: 0.
num_chunk_splits: 202.
num_chunks_enlarged: 126.
num_inconsistent_stats: 0.

CodeHeap 'non-profiled nmethods': size=119232Kb used=651Kb max_used=651Kb free=118580Kb
 bounds [0x000002753bbc0000, 0x000002753be30000, 0x0000027543030000]
CodeHeap 'profiled nmethods': size=119104Kb used=3659Kb max_used=3659Kb free=115445Kb
 bounds [0x0000027534030000, 0x00000275343d0000, 0x000002753b480000]
CodeHeap 'non-nmethods': size=7424Kb used=3282Kb max_used=3306Kb free=4141Kb
 bounds [0x000002753b480000, 0x000002753b7c0000, 0x000002753bbc0000]
CodeCache: size=245760Kb, used=7592Kb, max_used=7616Kb, free=238166Kb
 total_blobs=3087, nmethods=2332, adapters=656, full_count=0
Compilation: enabled, stopped_count=0, restarted_count=0

Compilation events (20 events):
Event: 0.710 Thread 0x000002758e093990 2323       3       javax.swing.RepaintManager::currentManager (37 bytes)
Event: 0.710 Thread 0x000002758e095130 2324       1       java.awt.Component::getGraphicsConfiguration_NoClientCode (5 bytes)
Event: 0.710 Thread 0x000002758e093990 nmethod 2323 0x00000275343c1508 code [0x00000275343c1660, 0x00000275343c1a98]
Event: 0.710 Thread 0x000002758e095130 nmethod 2324 0x000002753bc61c88 code [0x000002753bc61d80, 0x000002753bc61e48]
Event: 0.711 Thread 0x000002758e093990 2326       1       sun.awt.Win32GraphicsDevice::getDefaultScaleY (5 bytes)
Event: 0.711 Thread 0x000002758e095130 2325       1       sun.awt.Win32GraphicsDevice::getDefaultScaleX (5 bytes)
Event: 0.711 Thread 0x000002758e093990 nmethod 2326 0x000002753bc61f88 code [0x000002753bc62080, 0x000002753bc62148]
Event: 0.711 Thread 0x000002758e095130 nmethod 2325 0x000002753bc62288 code [0x000002753bc62380, 0x000002753bc62448]
Event: 0.711 Thread 0x000002758e0958c0 2327       3       javax.swing.JComponent::setFlag (34 bytes)
Event: 0.711 Thread 0x000002758e093990 2328       3       javax.swing.JComponent::getHeight (5 bytes)
Event: 0.711 Thread 0x000002758e093990 nmethod 2328 0x00000275343c1b08 code [0x00000275343c1c20, 0x00000275343c1d40]
Event: 0.711 Thread 0x000002758e095130 2329       3       javax.swing.JComponent::getWidth (5 bytes)
Event: 0.711 Thread 0x000002758e0958c0 nmethod 2327 0x00000275343c1e08 code [0x00000275343c1f20, 0x00000275343c20c0]
Event: 0.711 Thread 0x000002758e095130 nmethod 2329 0x00000275343c2108 code [0x00000275343c2220, 0x00000275343c2340]
Event: 0.712 Thread 0x000002758e095130 2330       1       java.awt.geom.AffineTransform::getScaleY (5 bytes)
Event: 0.712 Thread 0x000002758e095130 nmethod 2330 0x000002753bc62588 code [0x000002753bc62680, 0x000002753bc62748]
Event: 0.712 Thread 0x000002758e095130 2331       3       java.awt.Rectangle::<init> (26 bytes)
Event: 0.712 Thread 0x000002758e095130 nmethod 2331 0x00000275343c2408 code [0x00000275343c2520, 0x00000275343c2750]
Event: 0.712 Thread 0x000002758e0958c0 2332       1       javax.swing.text.View::getParent (5 bytes)
Event: 0.712 Thread 0x000002758e0958c0 nmethod 2332 0x000002753bc62888 code [0x000002753bc62980, 0x000002753bc62a48]

GC Heap History (0 events):
No events

Dll operation events (11 events):
Event: 0.004 Loaded shared library C:\Program Files\Apache NetBeans\jdk\bin\java.dll
Event: 0.020 Loaded shared library C:\Program Files\Apache NetBeans\jdk\bin\jsvml.dll
Event: 0.035 Loaded shared library C:\Program Files\Apache NetBeans\jdk\bin\net.dll
Event: 0.035 Loaded shared library C:\Program Files\Apache NetBeans\jdk\bin\nio.dll
Event: 0.048 Loaded shared library C:\Program Files\Apache NetBeans\jdk\bin\zip.dll
Event: 0.056 Loaded shared library C:\Program Files\Apache NetBeans\jdk\bin\jimage.dll
Event: 0.061 Loaded shared library C:\Program Files\Apache NetBeans\jdk\bin\awt.dll
Event: 0.248 Loaded shared library C:\Program Files\Apache NetBeans\jdk\bin\extnet.dll
Event: 0.359 Loaded shared library C:\Program Files\Apache NetBeans\jdk\bin\sunmscapi.dll
Event: 0.525 Loaded shared library C:\Program Files\Apache NetBeans\jdk\bin\freetype.dll
Event: 0.525 Loaded shared library C:\Program Files\Apache NetBeans\jdk\bin\fontmanager.dll

Deoptimization events (20 events):
Event: 0.582 Thread 0x0000027590cd2b20 Uncommon trap: trap_request=0xffffff4d fr.pc=0x000002753bc403f4 relative=0x00000000000001d4
Event: 0.582 Thread 0x0000027590cd2b20 Uncommon trap: reason=unstable_if action=reinterpret pc=0x000002753bc403f4 method=jdk.internal.classfile.impl.EntryMap.put(II)V @ 120 c2
Event: 0.582 Thread 0x0000027590cd2b20 DEOPT PACKING pc=0x000002753bc403f4 sp=0x000000be0e2fc0f0
Event: 0.582 Thread 0x0000027590cd2b20 DEOPT UNPACKING pc=0x000002753b597e02 sp=0x000000be0e2fc070 mode 2
Event: 0.585 Thread 0x0000027590cd2b20 Uncommon trap: trap_request=0xffffff5c fr.pc=0x000002753bc1abe4 relative=0x0000000000000064
Event: 0.585 Thread 0x0000027590cd2b20 Uncommon trap: reason=speculate_null_check action=make_not_entrant pc=0x000002753bc1abe4 method=jdk.internal.misc.Unsafe.getIntUnaligned(Ljava/lang/Object;JZ)I @ 5 c2
Event: 0.585 Thread 0x0000027590cd2b20 DEOPT PACKING pc=0x000002753bc1abe4 sp=0x000000be0e2fd140
Event: 0.585 Thread 0x0000027590cd2b20 DEOPT UNPACKING pc=0x000002753b597e02 sp=0x000000be0e2fd098 mode 2
Event: 0.607 Thread 0x0000027590cd2b20 Uncommon trap: trap_request=0xffffff4d fr.pc=0x000002753bc07dd0 relative=0x0000000000000050
Event: 0.607 Thread 0x0000027590cd2b20 Uncommon trap: reason=unstable_if action=reinterpret pc=0x000002753bc07dd0 method=java.lang.CharacterData.of(I)Ljava/lang/CharacterData; @ 4 c2
Event: 0.607 Thread 0x0000027590cd2b20 DEOPT PACKING pc=0x000002753bc07dd0 sp=0x000000be0e2fcd10
Event: 0.607 Thread 0x0000027590cd2b20 DEOPT UNPACKING pc=0x000002753b597e02 sp=0x000000be0e2fcca8 mode 2
Event: 0.608 Thread 0x0000027590cd2b20 Uncommon trap: trap_request=0xffffff4d fr.pc=0x000002753bbcc8b0 relative=0x0000000000000090
Event: 0.608 Thread 0x0000027590cd2b20 Uncommon trap: reason=unstable_if action=reinterpret pc=0x000002753bbcc8b0 method=java.lang.String.isLatin1()Z @ 10 c2
Event: 0.608 Thread 0x0000027590cd2b20 DEOPT PACKING pc=0x000002753bbcc8b0 sp=0x000000be0e2fcde0
Event: 0.608 Thread 0x0000027590cd2b20 DEOPT UNPACKING pc=0x000002753b597e02 sp=0x000000be0e2fcd10 mode 2
Event: 0.687 Thread 0x0000027590cd2b20 Uncommon trap: trap_request=0xffffff4d fr.pc=0x000002753bc5bd68 relative=0x0000000000000408
Event: 0.687 Thread 0x0000027590cd2b20 Uncommon trap: reason=unstable_if action=reinterpret pc=0x000002753bc5bd68 method=java.lang.Character.isSurrogate(C)Z @ 3 c2
Event: 0.687 Thread 0x0000027590cd2b20 DEOPT PACKING pc=0x000002753bc5bd68 sp=0x000000be0e2fd010
Event: 0.687 Thread 0x0000027590cd2b20 DEOPT UNPACKING pc=0x000002753b597e02 sp=0x000000be0e2fcf28 mode 2

Classes loaded (20 events):
Event: 0.708 Loading class java/text/AttributedString
Event: 0.708 Loading class java/text/AttributedString done
Event: 0.708 Loading class java/text/AttributedString$AttributedStringIterator
Event: 0.708 Loading class java/text/AttributedCharacterIterator
Event: 0.708 Loading class java/text/AttributedCharacterIterator done
Event: 0.708 Loading class java/text/AttributedString$AttributedStringIterator done
Event: 0.708 Loading class java/awt/event/ContainerEvent
Event: 0.708 Loading class java/awt/event/ContainerEvent done
Event: 0.708 Loading class javax/swing/TimerQueue
Event: 0.708 Loading class javax/swing/TimerQueue done
Event: 0.708 Loading class java/util/concurrent/DelayQueue
Event: 0.709 Loading class java/util/concurrent/DelayQueue done
Event: 0.709 Loading class java/util/PriorityQueue
Event: 0.709 Loading class java/util/PriorityQueue done
Event: 0.709 Loading class javax/swing/TimerQueue$DelayedTimer
Event: 0.709 Loading class java/util/concurrent/Delayed
Event: 0.709 Loading class java/util/concurrent/Delayed done
Event: 0.709 Loading class javax/swing/TimerQueue$DelayedTimer done
Event: 0.709 Loading class java/awt/TextComponent
Event: 0.709 Loading class java/awt/TextComponent done

Classes unloaded (0 events):
No events

Classes redefined (0 events):
No events

Internal exceptions (20 events):
Event: 0.200 Thread 0x00000275291ee3d0 Exception <a 'java/lang/NoSuchMethodError'{0x000000008b96e0f8}: 'java.lang.Object java.lang.invoke.DirectMethodHandle$Holder.invokeVirtual(java.lang.Object, java.lang.Object, java.lang.Object)'> (0x000000008b96e0f8) 
thrown [s\src\hotspot\share\interpreter\linkResolver.cpp, line 805]
Event: 0.278 Thread 0x00000275291ee3d0 Exception <a 'java/lang/NoSuchMethodError'{0x000000008b4d1aa0}: 'void java.lang.invoke.DirectMethodHandle$Holder.invokeStaticInit(java.lang.Object, java.lang.Object)'> (0x000000008b4d1aa0) 
thrown [s\src\hotspot\share\interpreter\linkResolver.cpp, line 805]
Event: 0.315 Thread 0x00000275291ee3d0 Exception <a 'sun/nio/fs/WindowsException'{0x000000008b2a2e20}> (0x000000008b2a2e20) 
thrown [s\src\hotspot\share\prims\jni.cpp, line 518]
Event: 0.334 Thread 0x00000275291ee3d0 Exception <a 'java/lang/NoSuchMethodError'{0x000000008b1cc268}: 'java.lang.Object java.lang.invoke.DirectMethodHandle$Holder.invokeStaticInit(java.lang.Object, int, int, int, int)'> (0x000000008b1cc268) 
thrown [s\src\hotspot\share\interpreter\linkResolver.cpp, line 805]
Event: 0.351 Thread 0x00000275291ee3d0 Exception <a 'java/lang/NoSuchMethodError'{0x000000008b0a0920}: 'java.lang.Object java.lang.invoke.DirectMethodHandle$Holder.invokeStaticInit(java.lang.Object, java.lang.Object, int, int, int, int)'> (0x000000008b0a0920) 
thrown [s\src\hotspot\share\interpreter\linkResolver.cpp, line 805]
Event: 0.431 Thread 0x00000275291ee3d0 Exception <a 'java/lang/NoSuchMethodError'{0x000000008afabd10}: 'void java.lang.invoke.DirectMethodHandle$Holder.invokeVirtual(java.lang.Object, java.lang.Object)'> (0x000000008afabd10) 
thrown [s\src\hotspot\share\interpreter\linkResolver.cpp, line 805]
Event: 0.457 Thread 0x00000275291ee3d0 Exception <a 'java/lang/NoSuchMethodError'{0x000000008ae6fe40}: 'java.lang.Object java.lang.invoke.Invokers$Holder.invoke_MT(java.lang.Object, java.lang.Object, java.lang.Object, java.lang.Object, java.lang.Object, java.lang.Object)'> (0x000000008ae6fe40) 
thrown [s\src\hotspot\share\interpreter\linkResolver.cpp, line 805]
Event: 0.458 Thread 0x00000275291ee3d0 Exception <a 'java/lang/NoSuchMethodError'{0x000000008ae7b920}: 'java.lang.Object java.lang.invoke.DirectMethodHandle$Holder.invokeStatic(java.lang.Object, java.lang.Object, int)'> (0x000000008ae7b920) 
thrown [s\src\hotspot\share\interpreter\linkResolver.cpp, line 805]
Event: 0.460 Thread 0x00000275291ee3d0 Exception <a 'java/lang/NoSuchMethodError'{0x000000008ae9d640}: 'void java.lang.invoke.DelegatingMethodHandle$Holder.delegate(java.lang.Object, java.lang.Object, int, java.lang.Object)'> (0x000000008ae9d640) 
thrown [s\src\hotspot\share\interpreter\linkResolver.cpp, line 805]
Event: 0.460 Thread 0x00000275291ee3d0 Exception <a 'java/lang/NoSuchMethodError'{0x000000008aea5ee0}: 'int java.lang.invoke.DirectMethodHandle$Holder.invokeSpecial(java.lang.Object, java.lang.Object, java.lang.Object)'> (0x000000008aea5ee0) 
thrown [s\src\hotspot\share\interpreter\linkResolver.cpp, line 805]
Event: 0.523 Thread 0x00000275291ee3d0 Exception <a 'java/lang/NoSuchMethodError'{0x000000008ab83e48}: 'void java.lang.invoke.DirectMethodHandle$Holder.invokeStaticInit(java.lang.Object)'> (0x000000008ab83e48) 
thrown [s\src\hotspot\share\interpreter\linkResolver.cpp, line 805]
Event: 0.529 Thread 0x00000275291ee3d0 Exception <a 'java/lang/NoSuchMethodError'{0x000000008abb0d40}: 'long java.lang.invoke.DirectMethodHandle$Holder.invokeStaticInit(java.lang.Object, long, long, long, long)'> (0x000000008abb0d40) 
thrown [s\src\hotspot\share\interpreter\linkResolver.cpp, line 805]
Event: 0.529 Thread 0x00000275291ee3d0 Exception <a 'java/lang/NoSuchMethodError'{0x000000008abb9748}: 'java.lang.Object java.lang.invoke.DirectMethodHandle$Holder.invokeInterface(java.lang.Object, java.lang.Object, long, long)'> (0x000000008abb9748) 
thrown [s\src\hotspot\share\interpreter\linkResolver.cpp, line 805]
Event: 0.530 Thread 0x00000275291ee3d0 Exception <a 'java/lang/NoSuchMethodError'{0x000000008abd2020}: 'void java.lang.invoke.DirectMethodHandle$Holder.invokeStaticInit(java.lang.Object, java.lang.Object, long, java.lang.Object)'> (0x000000008abd2020) 
thrown [s\src\hotspot\share\interpreter\linkResolver.cpp, line 805]
Event: 0.531 Thread 0x00000275291ee3d0 Exception <a 'java/lang/NoSuchMethodError'{0x000000008abda790}: 'long java.lang.invoke.DirectMethodHandle$Holder.invokeStatic(java.lang.Object, long, long)'> (0x000000008abda790) 
thrown [s\src\hotspot\share\interpreter\linkResolver.cpp, line 805]
Event: 0.532 Thread 0x00000275291ee3d0 Exception <a 'java/lang/NoSuchMethodError'{0x000000008abff390}: 'java.lang.Object java.lang.invoke.DirectMethodHandle$Holder.newInvokeSpecial(java.lang.Object, int, java.lang.Object)'> (0x000000008abff390) 
thrown [s\src\hotspot\share\interpreter\linkResolver.cpp, line 805]
Event: 0.535 Thread 0x00000275291ee3d0 Exception <a 'java/io/FileNotFoundException'{0x000000008aa362b8}> (0x000000008aa362b8) 
thrown [s\src\hotspot\share\prims\jni.cpp, line 518]
Event: 0.580 Thread 0x0000027590cd2b20 Exception <a 'java/lang/NoSuchMethodError'{0x000000008ab2efb8}: 'void java.lang.invoke.DelegatingMethodHandle$Holder.reinvoke_L(java.lang.Object, java.lang.Object, java.lang.Object, java.lang.Object, long, long, float)'> (0x000000008ab2efb8) 
thrown [s\src\hotspot\share\interpreter\linkResolver.cpp, line 805]
Event: 0.582 Thread 0x0000027590cd2b20 Exception <a 'java/lang/NoSuchMethodError'{0x000000008ab4f608}: 'java.lang.Object java.lang.invoke.DirectMethodHandle$Holder.invokeStatic(java.lang.Object, java.lang.Object, java.lang.Object, java.lang.Object, java.lang.Object, long)'> (0x000000008ab4f608) 
thrown [s\src\hotspot\share\interpreter\linkResolver.cpp, line 805]
Event: 0.584 Thread 0x0000027590cd2b20 Exception <a 'java/lang/NoSuchMethodError'{0x000000008a912e38}: 'float java.lang.invoke.DelegatingMethodHandle$Holder.reinvoke_L(java.lang.Object, java.lang.Object, java.lang.Object, java.lang.Object, long, long)'> (0x000000008a912e38) 
thrown [s\src\hotspot\share\interpreter\linkResolver.cpp, line 805]

VM Operations (20 events):
Event: 0.268 Executing VM operation: HandshakeAllThreads (Deoptimize)
Event: 0.268 Executing VM operation: HandshakeAllThreads (Deoptimize) done
Event: 0.305 Executing VM operation: HandshakeAllThreads (Deoptimize)
Event: 0.305 Executing VM operation: HandshakeAllThreads (Deoptimize) done
Event: 0.448 Executing VM operation: HandshakeAllThreads (Deoptimize)
Event: 0.448 Executing VM operation: HandshakeAllThreads (Deoptimize) done
Event: 0.459 Executing VM operation: HandshakeAllThreads (Deoptimize)
Event: 0.459 Executing VM operation: HandshakeAllThreads (Deoptimize) done
Event: 0.462 Executing VM operation: HandshakeAllThreads (Deoptimize)
Event: 0.462 Executing VM operation: HandshakeAllThreads (Deoptimize) done
Event: 0.462 Executing VM operation: HandshakeAllThreads (Deoptimize)
Event: 0.462 Executing VM operation: HandshakeAllThreads (Deoptimize) done
Event: 0.532 Executing VM operation: HandshakeAllThreads (Deoptimize)
Event: 0.532 Executing VM operation: HandshakeAllThreads (Deoptimize) done
Event: 0.565 Executing VM operation: HandshakeAllThreads (Deoptimize)
Event: 0.565 Executing VM operation: HandshakeAllThreads (Deoptimize) done
Event: 0.575 Executing VM operation: HandshakeAllThreads (Deoptimize)
Event: 0.575 Executing VM operation: HandshakeAllThreads (Deoptimize) done
Event: 0.607 Executing VM operation: HandshakeAllThreads (Deoptimize)
Event: 0.607 Executing VM operation: HandshakeAllThreads (Deoptimize) done

Memory protections (0 events):
No events

Nmethod flushes (0 events):
No events

Events (20 events):
Event: 0.019 Thread 0x00000275291ee3d0 Thread added: 0x0000027548fa3ea0
Event: 0.019 Thread 0x00000275291ee3d0 Thread added: 0x0000027548fa5150
Event: 0.019 Thread 0x00000275291ee3d0 Thread added: 0x0000027548fa6f00
Event: 0.019 Thread 0x00000275291ee3d0 Thread added: 0x0000027548faa180
Event: 0.019 Thread 0x00000275291ee3d0 Thread added: 0x0000027548fb0300
Event: 0.033 Thread 0x00000275291ee3d0 Thread added: 0x000002758e089370
Event: 0.038 Thread 0x0000027548fb0300 Thread added: 0x000002758e093990
Event: 0.038 Thread 0x000002758e093990 Thread added: 0x000002758e095130
Event: 0.038 Thread 0x000002758e093990 Thread added: 0x000002758e0958c0
Event: 0.044 Thread 0x00000275291ee3d0 Thread added: 0x000002758e1ca600
Event: 0.045 Thread 0x0000027548fb0300 Thread added: 0x000002758e1ce190
Event: 0.046 Thread 0x0000027548fb0300 Thread added: 0x000002758e260bb0
Event: 0.088 Thread 0x00000275291ee3d0 Thread added: 0x000002758e5ff610
Event: 0.088 Thread 0x00000275291ee3d0 Thread added: 0x000002758e5ffd50
Event: 0.088 Thread 0x00000275291ee3d0 Thread added: 0x000002758e874b50
Event: 0.164 Thread 0x00000275291ee3d0 Thread added: 0x000002758e65dad0
Event: 0.514 Thread 0x000002758e874b50 Thread added: 0x0000027590cd2b20
Event: 0.566 Thread 0x00000275291ee3d0 Thread exited: 0x00000275291ee3d0
Event: 0.566 Thread 0x00000275291ee3d0 Thread added: 0x00000275291ee3d0
Event: 0.709 Thread 0x0000027590cd2b20 Thread added: 0x0000027590929da0


Dynamic libraries:
0x00007ff614ae0000 - 0x00007ff614aee000 	C:\Program Files\Apache NetBeans\jdk\bin\java.exe
0x00007ffdf0b50000 - 0x00007ffdf0d67000 	C:\Windows\SYSTEM32\ntdll.dll
0x00007ffdefdf0000 - 0x00007ffdefeb4000 	C:\Windows\System32\KERNEL32.DLL
0x00007ffdee2b0000 - 0x00007ffdee66a000 	C:\Windows\System32\KERNELBASE.dll
0x00007ffdede90000 - 0x00007ffdedfa1000 	C:\Windows\System32\ucrtbase.dll
0x00007ffdd8a10000 - 0x00007ffdd8a26000 	C:\Program Files\Apache NetBeans\jdk\bin\jli.dll
0x00007ffde5ff0000 - 0x00007ffde600e000 	C:\Program Files\Apache NetBeans\jdk\bin\VCRUNTIME140.dll
0x00007ffdee8d0000 - 0x00007ffdeea7e000 	C:\Windows\System32\USER32.dll
0x00007ffdee280000 - 0x00007ffdee2a6000 	C:\Windows\System32\win32u.dll
0x00007ffded080000 - 0x00007ffded312000 	C:\Windows\WinSxS\amd64_microsoft.windows.common-controls_6595b64144ccf1df_6.0.22621.4541_none_2710d1c57384c085\COMCTL32.dll
0x00007ffdefd60000 - 0x00007ffdefd89000 	C:\Windows\System32\GDI32.dll
0x00007ffdee670000 - 0x00007ffdee78b000 	C:\Windows\System32\gdi32full.dll
0x00007ffdf0980000 - 0x00007ffdf0a27000 	C:\Windows\System32\msvcrt.dll
0x00007ffdee1e0000 - 0x00007ffdee27a000 	C:\Windows\System32\msvcp_win.dll
0x00007ffdeff80000 - 0x00007ffdeffb1000 	C:\Windows\System32\IMM32.DLL
0x00007ffded670000 - 0x00007ffded67c000 	C:\Program Files\Apache NetBeans\jdk\bin\vcruntime140_1.dll
0x00007ffdceb40000 - 0x00007ffdcebcd000 	C:\Program Files\Apache NetBeans\jdk\bin\msvcp140.dll
0x00007ffda1f00000 - 0x00007ffda2d7c000 	C:\Program Files\Apache NetBeans\jdk\bin\server\jvm.dll
0x00007ffdefec0000 - 0x00007ffdeff72000 	C:\Windows\System32\ADVAPI32.dll
0x00007ffdef410000 - 0x00007ffdef4b7000 	C:\Windows\System32\sechost.dll
0x00007ffdee810000 - 0x00007ffdee838000 	C:\Windows\System32\bcrypt.dll
0x00007ffdef240000 - 0x00007ffdef354000 	C:\Windows\System32\RPCRT4.dll
0x00007ffdee840000 - 0x00007ffdee8b1000 	C:\Windows\System32\WS2_32.dll
0x00007ffded720000 - 0x00007ffded76d000 	C:\Windows\SYSTEM32\POWRPROF.dll
0x00007ffde5910000 - 0x00007ffde591a000 	C:\Windows\SYSTEM32\VERSION.dll
0x00007ffde5680000 - 0x00007ffde56b4000 	C:\Windows\SYSTEM32\WINMM.dll
0x00007ffded450000 - 0x00007ffded463000 	C:\Windows\SYSTEM32\UMPDC.dll
0x00007ffdec5f0000 - 0x00007ffdec608000 	C:\Windows\SYSTEM32\kernel.appcore.dll
0x00007ffde4e00000 - 0x00007ffde4e0a000 	C:\Program Files\Apache NetBeans\jdk\bin\jimage.dll
0x00007ffded770000 - 0x00007ffded9a2000 	C:\Windows\SYSTEM32\DBGHELP.DLL
0x00007ffdf0090000 - 0x00007ffdf0421000 	C:\Windows\System32\combase.dll
0x00007ffdf0a30000 - 0x00007ffdf0b07000 	C:\Windows\System32\OLEAUT32.dll
0x00007ffded610000 - 0x00007ffded642000 	C:\Windows\SYSTEM32\dbgcore.DLL
0x00007ffdee790000 - 0x00007ffdee80b000 	C:\Windows\System32\bcryptPrimitives.dll
0x00007ffde5f50000 - 0x00007ffde5f6e000 	C:\Program Files\Apache NetBeans\jdk\bin\java.dll
0x00007ffdeef80000 - 0x00007ffdef125000 	C:\Windows\System32\ole32.dll
0x00007ffdef4c0000 - 0x00007ffdefd39000 	C:\Windows\System32\SHELL32.dll
0x00007ffdeb350000 - 0x00007ffdebc59000 	C:\Windows\SYSTEM32\windows.storage.dll
0x00007ffdeb210000 - 0x00007ffdeb34f000 	C:\Windows\SYSTEM32\wintypes.dll
0x00007ffdf0430000 - 0x00007ffdf052a000 	C:\Windows\System32\SHCORE.dll
0x00007ffdeef10000 - 0x00007ffdeef6e000 	C:\Windows\System32\shlwapi.dll
0x00007ffdedd40000 - 0x00007ffdedd6b000 	C:\Windows\SYSTEM32\profapi.dll
0x00007ffdd66c0000 - 0x00007ffdd6797000 	C:\Program Files\Apache NetBeans\jdk\bin\jsvml.dll
0x00007ffde4de0000 - 0x00007ffde4df0000 	C:\Program Files\Apache NetBeans\jdk\bin\net.dll
0x00007ffdeca30000 - 0x00007ffdeca99000 	C:\Windows\system32\mswsock.dll
0x00007ffdd6840000 - 0x00007ffdd6856000 	C:\Program Files\Apache NetBeans\jdk\bin\nio.dll
0x00007ffdd6890000 - 0x00007ffdd68a7000 	C:\Program Files\Apache NetBeans\jdk\bin\zip.dll
0x00007ffdc39c0000 - 0x00007ffdc3b3e000 	C:\Program Files\Apache NetBeans\jdk\bin\awt.dll
0x00007ffde4ed0000 - 0x00007ffde4f67000 	C:\Windows\SYSTEM32\apphelp.dll
0x00007ffdea550000 - 0x00007ffdea57b000 	C:\Windows\system32\DWMAPI.DLL
0x00007ffde7a00000 - 0x00007ffde7ab1000 	C:\Windows\system32\uxtheme.dll
0x00007ffdc4650000 - 0x00007ffdc4750000 	C:\Windows\system32\opengl32.dll
0x00007ffdd6610000 - 0x00007ffdd663d000 	C:\Windows\SYSTEM32\GLU32.dll
0x00007ffdea5b0000 - 0x00007ffdea5e7000 	C:\Windows\SYSTEM32\dxcore.dll
0x00007ffdf0710000 - 0x00007ffdf0871000 	C:\Windows\System32\MSCTF.dll
0x00007ffdec110000 - 0x00007ffdec212000 	C:\Windows\SYSTEM32\DNSAPI.dll
0x00007ffdec0e0000 - 0x00007ffdec10d000 	C:\Windows\SYSTEM32\IPHLPAPI.DLL
0x00007ffdeef00000 - 0x00007ffdeef09000 	C:\Windows\System32\NSI.dll
0x00007ffde5920000 - 0x00007ffde592a000 	C:\Windows\System32\rasadhlp.dll
0x00007ffde5250000 - 0x00007ffde52d3000 	C:\Windows\System32\fwpuclnt.dll
0x00007ffdd6a10000 - 0x00007ffdd6a19000 	C:\Program Files\Apache NetBeans\jdk\bin\extnet.dll
0x00007ffdedab0000 - 0x00007ffdedacb000 	C:\Windows\SYSTEM32\CRYPTSP.dll
0x00007ffdecb00000 - 0x00007ffdecb35000 	C:\Windows\system32\rsaenh.dll
0x00007ffdecb40000 - 0x00007ffdecb68000 	C:\Windows\SYSTEM32\USERENV.dll
0x00007ffdece80000 - 0x00007ffdece8c000 	C:\Windows\SYSTEM32\CRYPTBASE.dll
0x00007ffdd65c0000 - 0x00007ffdd65ce000 	C:\Program Files\Apache NetBeans\jdk\bin\sunmscapi.dll
0x00007ffdedfb0000 - 0x00007ffdee116000 	C:\Windows\System32\CRYPT32.dll
0x00007ffded050000 - 0x00007ffded07d000 	C:\Windows\SYSTEM32\ncrypt.dll
0x00007ffded010000 - 0x00007ffded047000 	C:\Windows\SYSTEM32\NTASN1.dll
0x00007ffdceab0000 - 0x00007ffdceb37000 	C:\Program Files\Apache NetBeans\jdk\bin\freetype.dll
0x00007ffdc38e0000 - 0x00007ffdc39b9000 	C:\Program Files\Apache NetBeans\jdk\bin\fontmanager.dll
0x00007ffdef360000 - 0x00007ffdef410000 	C:\Windows\System32\clbcatq.dll
0x00007ffde7810000 - 0x00007ffde79c0000 	C:\Windows\SYSTEM32\WindowsCodecs.dll
0x00007ffdc5ff0000 - 0x00007ffdc604e000 	C:\Windows\system32\dataexchange.dll
0x00007ffdddb40000 - 0x00007ffdddde4000 	C:\Windows\system32\twinapi.appcore.dll
0x00007ffdceff0000 - 0x00007ffdcf135000 	C:\Windows\SYSTEM32\textinputframework.dll
0x00007ffde4a30000 - 0x00007ffde4b63000 	C:\Windows\SYSTEM32\CoreMessaging.dll
0x00007ffddf660000 - 0x00007ffddf9cd000 	C:\Windows\SYSTEM32\CoreUIComponents.dll

JVMTI agents: none

dbghelp: loaded successfully - version: 4.0.5 - missing functions: none
symbol engine: initialized successfully - sym options: 0x614 - pdb path: .;C:\Program Files\Apache NetBeans\jdk\bin;C:\Windows\SYSTEM32;C:\Windows\WinSxS\amd64_microsoft.windows.common-controls_6595b64144ccf1df_6.0.22621.4541_none_2710d1c57384c085;C:\Program Files\Apache NetBeans\jdk\bin\server

VM Arguments:
jvm_args: -Dfile.encoding=UTF-8 --module-path=C:\Users\Admin\Documents\NetBeansProjects\EmplyeeMangagement\build\classes 
java_command: emplyeemangagement.Update
java_class_path (initial): C:\Users\Admin\Downloads\mysql-connector-java-8.0.28.jar;C:\Users\Admin\Downloads\jcalendar-tz-1.3.3-4.jar;C:\Users\Admin\Downloads\rs2xml.jar;C:\Users\Admin\Downloads\TimingFramework-0.55.jar;C:\Users\Admin\Downloads\jfreechart-1.5.6.jar;C:\Users\Admin\Documents\NetBeansProjects\EmplyeeMangagement\build\classes
Launcher Type: SUN_STANDARD

[Global flags]
     intx CICompilerCount                          = 12                                        {product} {ergonomic}
     uint ConcGCThreads                            = 3                                         {product} {ergonomic}
     uint G1ConcRefinementThreads                  = 13                                        {product} {ergonomic}
   size_t G1HeapRegionSize                         = 1048576                                   {product} {ergonomic}
   size_t InitialHeapSize                          = 130023424                                 {product} {ergonomic}
   size_t MarkStackSize                            = 4194304                                   {product} {ergonomic}
   size_t MarkStackSizeMax                         = 536870912                                 {product} {ergonomic}
   size_t MaxHeapSize                              = 2069889024                                {product} {ergonomic}
   size_t MaxNewSize                               = 1241513984                                {product} {ergonomic}
   size_t MinHeapDeltaBytes                        = 1048576                                   {product} {ergonomic}
   size_t MinHeapSize                              = 8388608                                   {product} {ergonomic}
    uintx NonNMethodCodeHeapSize                   = 7602176                                {pd product} {ergonomic}
    uintx NonProfiledCodeHeapSize                  = 122093568                              {pd product} {ergonomic}
    uintx ProfiledCodeHeapSize                     = 121962496                              {pd product} {ergonomic}
    uintx ReservedCodeCacheSize                    = 251658240                              {pd product} {ergonomic}
     bool SegmentedCodeCache                       = true                                      {product} {ergonomic}
   size_t SoftMaxHeapSize                          = 2069889024                             {manageable} {ergonomic}
     bool UseCompressedOops                        = true                           {product lp64_product} {ergonomic}
     bool UseG1GC                                  = true                                      {product} {ergonomic}
     bool UseLargePagesIndividualAllocation        = false                                  {pd product} {ergonomic}

Logging:
Log output configuration:
 #0: stdout all=warning uptime,level,tags foldmultilines=false
 #1: stderr all=off uptime,level,tags foldmultilines=false

Environment Variables:
PATH=C:\Program Files\Common Files\Oracle\Java\javapath;C:\Windows\system32;C:\Windows;C:\Windows\System32\Wbem;C:\Windows\System32\WindowsPowerShell\v1.0\;C:\Windows\System32\OpenSSH\;C:\Program Files (x86)\Microsoft SQL Server\160\Tools\Binn\;C:\Program Files\Microsoft SQL Server\160\Tools\Binn\;C:\Program Files\Microsoft SQL Server\Client SDK\ODBC\170\Tools\Binn\;C:\Program Files\Microsoft SQL Server\160\DTS\Binn\;C:\Program Files (x86)\Microsoft SQL Server\160\DTS\Binn\;C:\Users\Admin\AppData\Local\Programs\Python\Python313;C:\Program Files\MySQL\MySQL Server 9.2\bin\;C:\Program Files\Git\cmd;C:\Program Files\Cloudflare\Cloudflare WARP\;D:\msys64\ucrt64\bin;C:\Program Files\MySQL\MySQL Shell 8.0\bin\;C:\Users\Admin\AppData\Local\Programs\Python\Python310\Scripts\;C:\Users\Admin\AppData\Local\Programs\Python\Python310\;C:\Users\Admin\AppData\Local\Microsoft\WindowsApps;C:\Users\Admin\AppData\Local\Programs\Microsoft VS Code\bin;C:\Users\Admin\AppData\Local\Programs\Python\Python313;C:\Users\Admin\AppData\Local\GitHubDesktop\bin;D:\pycharm\PyCharm 2025.1.1\bin;;D:\mingw\ucrt64\bin;
USERNAME=Admin
OS=Windows_NT
PROCESSOR_IDENTIFIER=Intel64 Family 6 Model 154 Stepping 3, GenuineIntel
TMP=C:\Users\Admin\AppData\Local\Temp
TEMP=C:\Users\Admin\AppData\Local\Temp




Periodic native trim disabled

---------------  S Y S T E M  ---------------

OS:
 Windows 11 , 64 bit Build 22621 (10.0.22621.4391)
OS uptime: 3 days 17:59 hours

CPU: total 16 (initial active 16) (8 cores per cpu, 2 threads per core) family 6 model 154 stepping 3 microcode 0x424, cx8, cmov, fxsr, ht, mmx, 3dnowpref, sse, sse2, sse3, ssse3, sse4.1, sse4.2, popcnt, lzcnt, tsc, tscinvbit, avx, avx2, aes, erms, clmul, bmi1, bmi2, adx, sha, fma, vzeroupper, clflush, clflushopt, clwb, serialize, rdtscp, rdpid, fsrm, gfni, f16c, pku, cet_ibt, cet_ss
Processor Information for processor 0
  Max Mhz: 2300, Current Mhz: 2300, Mhz Limit: 2300
Processor Information for processor 1
  Max Mhz: 2300, Current Mhz: 2300, Mhz Limit: 2300
Processor Information for processor 2
  Max Mhz: 2300, Current Mhz: 2300, Mhz Limit: 2300
Processor Information for processor 3
  Max Mhz: 2300, Current Mhz: 1506, Mhz Limit: 2300
Processor Information for processor 4
  Max Mhz: 2300, Current Mhz: 2300, Mhz Limit: 2300
Processor Information for processor 5
  Max Mhz: 2300, Current Mhz: 1506, Mhz Limit: 2300
Processor Information for processor 6
  Max Mhz: 2300, Current Mhz: 1506, Mhz Limit: 2300
Processor Information for processor 7
  Max Mhz: 2300, Current Mhz: 2300, Mhz Limit: 2300
Processor Information for processor 8
  Max Mhz: 2300, Current Mhz: 2300, Mhz Limit: 2300
Processor Information for processor 9
  Max Mhz: 2300, Current Mhz: 2300, Mhz Limit: 2300
Processor Information for processor 10
  Max Mhz: 2300, Current Mhz: 2300, Mhz Limit: 2300
Processor Information for processor 11
  Max Mhz: 2300, Current Mhz: 2300, Mhz Limit: 2300
Processor Information for processor 12
  Max Mhz: 2300, Current Mhz: 2300, Mhz Limit: 2300
Processor Information for processor 13
  Max Mhz: 2300, Current Mhz: 2300, Mhz Limit: 2300
Processor Information for processor 14
  Max Mhz: 2300, Current Mhz: 2300, Mhz Limit: 2300
Processor Information for processor 15
  Max Mhz: 2300, Current Mhz: 2300, Mhz Limit: 2300

Memory: 4k page, system-wide physical 7895M (542M free)
TotalPageFile size 30028M (AvailPageFile size 4M)
current process WorkingSet (physical memory assigned to process): 134M, peak: 134M
current process commit charge ("private bytes"): 266M, peak: 270M

vm_info: OpenJDK 64-Bit Server VM (24.0.1+9) for windows-amd64 JRE (24.0.1+9) (Zulu24.30+11-CA), built on 2025-03-21T13:52:34Z with MS VC++ 17.1 (VS2022)

END.
