#
# There is insufficient memory for the Java Runtime Environment to continue.
# Native memory allocation (malloc) failed to allocate 1049168 bytes. Error detail: Chunk::new
# Possible reasons:
#   The system is out of physical RAM or swap space
#   This process is running with CompressedOops enabled, and the Java Heap may be blocking the growth of the native heap
# Possible solutions:
#   Reduce memory load on the system
#   Increase physical memory or swap space
#   Check if swap backing store is full
#   Decrease Java heap size (-Xmx/-Xms)
#   Decrease number of Java threads
#   Decrease Java thread stack sizes (-Xss)
#   Set larger code cache with -XX:ReservedCodeCacheSize=
#   JVM is running with Unscaled Compressed Oops mode in which the Java heap is
#     placed in the first 4GB address space. The Java Heap base address is the
#     maximum limit for the native heap growth. Please use -XX:HeapBaseMinAddress
#     to set the Java Heap base and to place the Java Heap above 4GB virtual address.
# This output file may be truncated or incomplete.
#
#  Out of Memory Error (arena.cpp:162), pid=33932, tid=33404
#
# JRE version: OpenJDK Runtime Environment Zulu24.30+11-CA (24.0.1+9) (build 24.0.1+9)
# Java VM: OpenJDK 64-Bit Server VM Zulu24.30+11-CA (24.0.1+9, mixed mode, sharing, tiered, compressed oops, compressed class ptrs, g1 gc, windows-amd64)
# No core dump will be written. Minidumps are not enabled by default on client versions of Windows
#

---------------  S U M M A R Y ------------

Command Line: -Dfile.encoding=UTF-8 --module-path=C:\Users\Admin\Documents\NetBeansProjects\EmplyeeMangagement\build\classes emplyeemangagement.Update

Host: 12th Gen Intel(R) Core(TM) i7-12650H, 16 cores, 7G,  Windows 11 , 64 bit Build 22621 (10.0.22621.4391)
Time: Thu Oct 23 16:23:55 2025 SE Asia Standard Time elapsed time: 0.047971 seconds (0d 0h 0m 0s)

---------------  T H R E A D  ---------------

Current thread (0x000002164eed5df0):  JavaThread "C2 CompilerThread0" daemon [_thread_in_native, id=33404, stack(0x0000009f56000000,0x0000009f56100000) (1024K)]


Current CompileTask:
C2:48  188       4       java.util.HashMap::putVal (300 bytes)

Stack: [0x0000009f56000000,0x0000009f56100000]
Native frames: (J=compiled Java code, j=interpreted, Vv=VM code, C=native code)
V  [jvm.dll+0x7410c9]  (no source info available)
V  [jvm.dll+0x97def3]  (no source info available)
V  [jvm.dll+0x98021d]  (no source info available)
V  [jvm.dll+0x980893]  (no source info available)
V  [jvm.dll+0x2b5b16]  (no source info available)
V  [jvm.dll+0xd019f]  (no source info available)
V  [jvm.dll+0xd03ff]  (no source info available)
V  [jvm.dll+0x15b8bf]  (no source info available)
V  [jvm.dll+0x74698f]  (no source info available)
V  [jvm.dll+0x27a528]  (no source info available)
V  [jvm.dll+0x279641]  (no source info available)
V  [jvm.dll+0x1f313a]  (no source info available)
V  [jvm.dll+0x288e35]  (no source info available)
V  [jvm.dll+0x2870ca]  (no source info available)
V  [jvm.dll+0x43df56]  (no source info available)
V  [jvm.dll+0x920928]  (no source info available)
V  [jvm.dll+0x73f855]  (no source info available)
C  [ucrtbase.dll+0x29333]  (no source info available)
C  [KERNEL32.DLL+0x1259d]  (no source info available)
C  [ntdll.dll+0x5af38]  (no source info available)

Lock stack of current Java thread (top to bottom):


---------------  P R O C E S S  ---------------

Threads class SMR info:
_java_thread_list=0x000002169419eb30, length=13, elements={
0x000002162f1af330, 0x000002164eecb970, 0x000002164eecd0c0, 0x000002164eecd800,
0x000002164eece330, 0x000002164eecef00, 0x000002164eed2e50, 0x000002164eed5df0,
0x000002164eed9ac0, 0x000002164eeac730, 0x00000216941102a0, 0x0000021694120870,
0x00000216941f06c0
}

Java Threads: ( => current thread )
  0x000002162f1af330 JavaThread "main"                              [_thread_in_Java, id=32784, stack(0x0000009f55200000,0x0000009f55300000) (1024K)]
  0x000002164eecb970 JavaThread "Reference Handler"          daemon [_thread_blocked, id=30148, stack(0x0000009f55a00000,0x0000009f55b00000) (1024K)]
  0x000002164eecd0c0 JavaThread "Finalizer"                  daemon [_thread_blocked, id=33708, stack(0x0000009f55b00000,0x0000009f55c00000) (1024K)]
  0x000002164eecd800 JavaThread "Signal Dispatcher"          daemon [_thread_blocked, id=26948, stack(0x0000009f55c00000,0x0000009f55d00000) (1024K)]
  0x000002164eece330 JavaThread "Attach Listener"            daemon [_thread_blocked, id=32372, stack(0x0000009f55d00000,0x0000009f55e00000) (1024K)]
  0x000002164eecef00 JavaThread "Service Thread"             daemon [_thread_blocked, id=17868, stack(0x0000009f55e00000,0x0000009f55f00000) (1024K)]
  0x000002164eed2e50 JavaThread "Monitor Deflation Thread"   daemon [_thread_blocked, id=31572, stack(0x0000009f55f00000,0x0000009f56000000) (1024K)]
=>0x000002164eed5df0 JavaThread "C2 CompilerThread0"         daemon [_thread_in_native, id=33404, stack(0x0000009f56000000,0x0000009f56100000) (1024K)]
  0x000002164eed9ac0 JavaThread "C1 CompilerThread0"         daemon [_thread_in_native, id=3080, stack(0x0000009f56100000,0x0000009f56200000) (1024K)]
  0x000002164eeac730 JavaThread "C1 CompilerThread1"         daemon [_thread_blocked, id=30956, stack(0x0000009f56200000,0x0000009f56300000) (1024K)]
  0x00000216941102a0 JavaThread "Common-Cleaner"             daemon [_thread_blocked, id=10360, stack(0x0000009f56300000,0x0000009f56400000) (1024K)]
  0x0000021694120870 JavaThread "C1 CompilerThread2"         daemon [_thread_blocked, id=13992, stack(0x0000009f56400000,0x0000009f56500000) (1024K)]
  0x00000216941f06c0 JavaThread "Notification Thread"        daemon [_thread_blocked, id=29924, stack(0x0000009f56500000,0x0000009f56600000) (1024K)]
Total: 13

Other Threads:
  0x000002164eebaad0 VMThread "VM Thread"                           [id=31060, stack(0x0000009f55900000,0x0000009f55a00000) (1024K)]
  0x000002164eeac280 WatcherThread "VM Periodic Task Thread"        [id=29180, stack(0x0000009f55800000,0x0000009f55900000) (1024K)]
  0x00000216314c1310 WorkerThread "GC Thread#0"                     [id=28188, stack(0x0000009f55300000,0x0000009f55400000) (1024K)]
  0x00000216314d57d0 ConcurrentGCThread "G1 Main Marker"            [id=27120, stack(0x0000009f55400000,0x0000009f55500000) (1024K)]
  0x00000216314d62e0 WorkerThread "G1 Conc#0"                       [id=13740, stack(0x0000009f55500000,0x0000009f55600000) (1024K)]
  0x000002164ed7e9a0 ConcurrentGCThread "G1 Refine#0"               [id=28800, stack(0x0000009f55600000,0x0000009f55700000) (1024K)]
  0x000002163152e770 ConcurrentGCThread "G1 Service"                [id=30320, stack(0x0000009f55700000,0x0000009f55800000) (1024K)]
Total: 7

Threads with active compile tasks:
C2 CompilerThread0  63  188       4       java.util.HashMap::putVal (300 bytes)
Total: 1

VM state: not at safepoint (normal execution)

VM Mutex/Monitor currently owned by a thread: None

Heap address: 0x0000000084a00000, size: 1974 MB, Compressed Oops mode: 32-bit

CDS archive(s) mapped at: [0x000002164f000000-0x000002164fd40000-0x000002164fd40000), size 13893632, SharedBaseAddress: 0x000002164f000000, ArchiveRelocationMode: 1.
Compressed class space mapped at: 0x0000021650000000-0x0000021690000000, reserved size: 1073741824
UseCompressedClassPointers 1, UseCompactObjectHeaders 0
Narrow klass pointer bits 32, Max shift 3
Narrow klass base: 0x000002164f000000, Narrow klass shift: 0
Encoding Range: [0x000002164f000000 - 0x000002174f000000), (4294967296 bytes)
Klass Range:    [0x000002164f000000 - 0x0000021690000000), (1090519040 bytes)
Klass ID Range:  [8 - 1090519033) (1090519025)

GC Precious Log:
 CardTable entry size: 512
 Card Set container configuration: InlinePtr #cards 5 size 8 Array Of Cards #cards 10 size 36 Howl #buckets 4 coarsen threshold 1843 Howl Bitmap #cards 512 size 80 coarsen threshold 460 Card regions per heap region 1 cards per card region 2048
 CPUs: 16 total, 16 available
 Memory: 7895M
 Large Page Support: Disabled
 NUMA Support: Disabled
 Compressed Oops: Enabled (32-bit)
 Heap Region Size: 1M
 Heap Min Capacity: 8M
 Heap Initial Capacity: 124M
 Heap Max Capacity: 1974M
 Pre-touch: Disabled
 Parallel Workers: 13
 Concurrent Workers: 3
 Concurrent Refinement Workers: 13
 Periodic GC: Disabled

Heap:
 garbage-first heap   total reserved 2021376K, committed 129024K, used 4208K [0x0000000084a00000, 0x0000000100000000)
  region size 1024K, 4 young (4096K), 0 survivors (0K)
 Metaspace       used 1080K, committed 1216K, reserved 1114112K
  class space    used 64K, committed 128K, reserved 1048576K

Heap Regions: E=young(eden), S=young(survivor), O=old, HS=humongous(starts), HC=humongous(continues), CS=collection set, F=free, TAMS=top-at-mark-start, PB=parsable bottom
|   0|0x0000000084a00000, 0x0000000084a00000, 0x0000000084b00000|  0%| F|  |TAMS 0x0000000084a00000| PB 0x0000000084a00000| Untracked |  0
|   1|0x0000000084b00000, 0x0000000084b00000, 0x0000000084c00000|  0%| F|  |TAMS 0x0000000084b00000| PB 0x0000000084b00000| Untracked |  0
|   2|0x0000000084c00000, 0x0000000084c00000, 0x0000000084d00000|  0%| F|  |TAMS 0x0000000084c00000| PB 0x0000000084c00000| Untracked |  0
|   3|0x0000000084d00000, 0x0000000084d00000, 0x0000000084e00000|  0%| F|  |TAMS 0x0000000084d00000| PB 0x0000000084d00000| Untracked |  0
|   4|0x0000000084e00000, 0x0000000084e00000, 0x0000000084f00000|  0%| F|  |TAMS 0x0000000084e00000| PB 0x0000000084e00000| Untracked |  0
|   5|0x0000000084f00000, 0x0000000084f00000, 0x0000000085000000|  0%| F|  |TAMS 0x0000000084f00000| PB 0x0000000084f00000| Untracked |  0
|   6|0x0000000085000000, 0x0000000085000000, 0x0000000085100000|  0%| F|  |TAMS 0x0000000085000000| PB 0x0000000085000000| Untracked |  0
|   7|0x0000000085100000, 0x0000000085100000, 0x0000000085200000|  0%| F|  |TAMS 0x0000000085100000| PB 0x0000000085100000| Untracked |  0
|   8|0x0000000085200000, 0x0000000085200000, 0x0000000085300000|  0%| F|  |TAMS 0x0000000085200000| PB 0x0000000085200000| Untracked |  0
|   9|0x0000000085300000, 0x0000000085300000, 0x0000000085400000|  0%| F|  |TAMS 0x0000000085300000| PB 0x0000000085300000| Untracked |  0
|  10|0x0000000085400000, 0x0000000085400000, 0x0000000085500000|  0%| F|  |TAMS 0x0000000085400000| PB 0x0000000085400000| Untracked |  0
|  11|0x0000000085500000, 0x0000000085500000, 0x0000000085600000|  0%| F|  |TAMS 0x0000000085500000| PB 0x0000000085500000| Untracked |  0
|  12|0x0000000085600000, 0x0000000085600000, 0x0000000085700000|  0%| F|  |TAMS 0x0000000085600000| PB 0x0000000085600000| Untracked |  0
|  13|0x0000000085700000, 0x0000000085700000, 0x0000000085800000|  0%| F|  |TAMS 0x0000000085700000| PB 0x0000000085700000| Untracked |  0
|  14|0x0000000085800000, 0x0000000085800000, 0x0000000085900000|  0%| F|  |TAMS 0x0000000085800000| PB 0x0000000085800000| Untracked |  0
|  15|0x0000000085900000, 0x0000000085900000, 0x0000000085a00000|  0%| F|  |TAMS 0x0000000085900000| PB 0x0000000085900000| Untracked |  0
|  16|0x0000000085a00000, 0x0000000085a00000, 0x0000000085b00000|  0%| F|  |TAMS 0x0000000085a00000| PB 0x0000000085a00000| Untracked |  0
|  17|0x0000000085b00000, 0x0000000085b00000, 0x0000000085c00000|  0%| F|  |TAMS 0x0000000085b00000| PB 0x0000000085b00000| Untracked |  0
|  18|0x0000000085c00000, 0x0000000085c00000, 0x0000000085d00000|  0%| F|  |TAMS 0x0000000085c00000| PB 0x0000000085c00000| Untracked |  0
|  19|0x0000000085d00000, 0x0000000085d00000, 0x0000000085e00000|  0%| F|  |TAMS 0x0000000085d00000| PB 0x0000000085d00000| Untracked |  0
|  20|0x0000000085e00000, 0x0000000085e00000, 0x0000000085f00000|  0%| F|  |TAMS 0x0000000085e00000| PB 0x0000000085e00000| Untracked |  0
|  21|0x0000000085f00000, 0x0000000085f00000, 0x0000000086000000|  0%| F|  |TAMS 0x0000000085f00000| PB 0x0000000085f00000| Untracked |  0
|  22|0x0000000086000000, 0x0000000086000000, 0x0000000086100000|  0%| F|  |TAMS 0x0000000086000000| PB 0x0000000086000000| Untracked |  0
|  23|0x0000000086100000, 0x0000000086100000, 0x0000000086200000|  0%| F|  |TAMS 0x0000000086100000| PB 0x0000000086100000| Untracked |  0
|  24|0x0000000086200000, 0x0000000086200000, 0x0000000086300000|  0%| F|  |TAMS 0x0000000086200000| PB 0x0000000086200000| Untracked |  0
|  25|0x0000000086300000, 0x0000000086300000, 0x0000000086400000|  0%| F|  |TAMS 0x0000000086300000| PB 0x0000000086300000| Untracked |  0
|  26|0x0000000086400000, 0x0000000086400000, 0x0000000086500000|  0%| F|  |TAMS 0x0000000086400000| PB 0x0000000086400000| Untracked |  0
|  27|0x0000000086500000, 0x0000000086500000, 0x0000000086600000|  0%| F|  |TAMS 0x0000000086500000| PB 0x0000000086500000| Untracked |  0
|  28|0x0000000086600000, 0x0000000086600000, 0x0000000086700000|  0%| F|  |TAMS 0x0000000086600000| PB 0x0000000086600000| Untracked |  0
|  29|0x0000000086700000, 0x0000000086700000, 0x0000000086800000|  0%| F|  |TAMS 0x0000000086700000| PB 0x0000000086700000| Untracked |  0
|  30|0x0000000086800000, 0x0000000086800000, 0x0000000086900000|  0%| F|  |TAMS 0x0000000086800000| PB 0x0000000086800000| Untracked |  0
|  31|0x0000000086900000, 0x0000000086900000, 0x0000000086a00000|  0%| F|  |TAMS 0x0000000086900000| PB 0x0000000086900000| Untracked |  0
|  32|0x0000000086a00000, 0x0000000086a00000, 0x0000000086b00000|  0%| F|  |TAMS 0x0000000086a00000| PB 0x0000000086a00000| Untracked |  0
|  33|0x0000000086b00000, 0x0000000086b00000, 0x0000000086c00000|  0%| F|  |TAMS 0x0000000086b00000| PB 0x0000000086b00000| Untracked |  0
|  34|0x0000000086c00000, 0x0000000086c00000, 0x0000000086d00000|  0%| F|  |TAMS 0x0000000086c00000| PB 0x0000000086c00000| Untracked |  0
|  35|0x0000000086d00000, 0x0000000086d00000, 0x0000000086e00000|  0%| F|  |TAMS 0x0000000086d00000| PB 0x0000000086d00000| Untracked |  0
|  36|0x0000000086e00000, 0x0000000086e00000, 0x0000000086f00000|  0%| F|  |TAMS 0x0000000086e00000| PB 0x0000000086e00000| Untracked |  0
|  37|0x0000000086f00000, 0x0000000086f00000, 0x0000000087000000|  0%| F|  |TAMS 0x0000000086f00000| PB 0x0000000086f00000| Untracked |  0
|  38|0x0000000087000000, 0x0000000087000000, 0x0000000087100000|  0%| F|  |TAMS 0x0000000087000000| PB 0x0000000087000000| Untracked |  0
|  39|0x0000000087100000, 0x0000000087100000, 0x0000000087200000|  0%| F|  |TAMS 0x0000000087100000| PB 0x0000000087100000| Untracked |  0
|  40|0x0000000087200000, 0x0000000087200000, 0x0000000087300000|  0%| F|  |TAMS 0x0000000087200000| PB 0x0000000087200000| Untracked |  0
|  41|0x0000000087300000, 0x0000000087300000, 0x0000000087400000|  0%| F|  |TAMS 0x0000000087300000| PB 0x0000000087300000| Untracked |  0
|  42|0x0000000087400000, 0x0000000087400000, 0x0000000087500000|  0%| F|  |TAMS 0x0000000087400000| PB 0x0000000087400000| Untracked |  0
|  43|0x0000000087500000, 0x0000000087500000, 0x0000000087600000|  0%| F|  |TAMS 0x0000000087500000| PB 0x0000000087500000| Untracked |  0
|  44|0x0000000087600000, 0x0000000087600000, 0x0000000087700000|  0%| F|  |TAMS 0x0000000087600000| PB 0x0000000087600000| Untracked |  0
|  45|0x0000000087700000, 0x0000000087700000, 0x0000000087800000|  0%| F|  |TAMS 0x0000000087700000| PB 0x0000000087700000| Untracked |  0
|  46|0x0000000087800000, 0x0000000087800000, 0x0000000087900000|  0%| F|  |TAMS 0x0000000087800000| PB 0x0000000087800000| Untracked |  0
|  47|0x0000000087900000, 0x0000000087900000, 0x0000000087a00000|  0%| F|  |TAMS 0x0000000087900000| PB 0x0000000087900000| Untracked |  0
|  48|0x0000000087a00000, 0x0000000087a00000, 0x0000000087b00000|  0%| F|  |TAMS 0x0000000087a00000| PB 0x0000000087a00000| Untracked |  0
|  49|0x0000000087b00000, 0x0000000087b00000, 0x0000000087c00000|  0%| F|  |TAMS 0x0000000087b00000| PB 0x0000000087b00000| Untracked |  0
|  50|0x0000000087c00000, 0x0000000087c00000, 0x0000000087d00000|  0%| F|  |TAMS 0x0000000087c00000| PB 0x0000000087c00000| Untracked |  0
|  51|0x0000000087d00000, 0x0000000087d00000, 0x0000000087e00000|  0%| F|  |TAMS 0x0000000087d00000| PB 0x0000000087d00000| Untracked |  0
|  52|0x0000000087e00000, 0x0000000087e00000, 0x0000000087f00000|  0%| F|  |TAMS 0x0000000087e00000| PB 0x0000000087e00000| Untracked |  0
|  53|0x0000000087f00000, 0x0000000087f00000, 0x0000000088000000|  0%| F|  |TAMS 0x0000000087f00000| PB 0x0000000087f00000| Untracked |  0
|  54|0x0000000088000000, 0x0000000088000000, 0x0000000088100000|  0%| F|  |TAMS 0x0000000088000000| PB 0x0000000088000000| Untracked |  0
|  55|0x0000000088100000, 0x0000000088100000, 0x0000000088200000|  0%| F|  |TAMS 0x0000000088100000| PB 0x0000000088100000| Untracked |  0
|  56|0x0000000088200000, 0x0000000088200000, 0x0000000088300000|  0%| F|  |TAMS 0x0000000088200000| PB 0x0000000088200000| Untracked |  0
|  57|0x0000000088300000, 0x0000000088300000, 0x0000000088400000|  0%| F|  |TAMS 0x0000000088300000| PB 0x0000000088300000| Untracked |  0
|  58|0x0000000088400000, 0x0000000088400000, 0x0000000088500000|  0%| F|  |TAMS 0x0000000088400000| PB 0x0000000088400000| Untracked |  0
|  59|0x0000000088500000, 0x0000000088500000, 0x0000000088600000|  0%| F|  |TAMS 0x0000000088500000| PB 0x0000000088500000| Untracked |  0
|  60|0x0000000088600000, 0x0000000088600000, 0x0000000088700000|  0%| F|  |TAMS 0x0000000088600000| PB 0x0000000088600000| Untracked |  0
|  61|0x0000000088700000, 0x0000000088700000, 0x0000000088800000|  0%| F|  |TAMS 0x0000000088700000| PB 0x0000000088700000| Untracked |  0
|  62|0x0000000088800000, 0x0000000088800000, 0x0000000088900000|  0%| F|  |TAMS 0x0000000088800000| PB 0x0000000088800000| Untracked |  0
|  63|0x0000000088900000, 0x0000000088900000, 0x0000000088a00000|  0%| F|  |TAMS 0x0000000088900000| PB 0x0000000088900000| Untracked |  0
|  64|0x0000000088a00000, 0x0000000088a00000, 0x0000000088b00000|  0%| F|  |TAMS 0x0000000088a00000| PB 0x0000000088a00000| Untracked |  0
|  65|0x0000000088b00000, 0x0000000088b00000, 0x0000000088c00000|  0%| F|  |TAMS 0x0000000088b00000| PB 0x0000000088b00000| Untracked |  0
|  66|0x0000000088c00000, 0x0000000088c00000, 0x0000000088d00000|  0%| F|  |TAMS 0x0000000088c00000| PB 0x0000000088c00000| Untracked |  0
|  67|0x0000000088d00000, 0x0000000088d00000, 0x0000000088e00000|  0%| F|  |TAMS 0x0000000088d00000| PB 0x0000000088d00000| Untracked |  0
|  68|0x0000000088e00000, 0x0000000088e00000, 0x0000000088f00000|  0%| F|  |TAMS 0x0000000088e00000| PB 0x0000000088e00000| Untracked |  0
|  69|0x0000000088f00000, 0x0000000088f00000, 0x0000000089000000|  0%| F|  |TAMS 0x0000000088f00000| PB 0x0000000088f00000| Untracked |  0
|  70|0x0000000089000000, 0x0000000089000000, 0x0000000089100000|  0%| F|  |TAMS 0x0000000089000000| PB 0x0000000089000000| Untracked |  0
|  71|0x0000000089100000, 0x0000000089100000, 0x0000000089200000|  0%| F|  |TAMS 0x0000000089100000| PB 0x0000000089100000| Untracked |  0
|  72|0x0000000089200000, 0x0000000089200000, 0x0000000089300000|  0%| F|  |TAMS 0x0000000089200000| PB 0x0000000089200000| Untracked |  0
|  73|0x0000000089300000, 0x0000000089300000, 0x0000000089400000|  0%| F|  |TAMS 0x0000000089300000| PB 0x0000000089300000| Untracked |  0
|  74|0x0000000089400000, 0x0000000089400000, 0x0000000089500000|  0%| F|  |TAMS 0x0000000089400000| PB 0x0000000089400000| Untracked |  0
|  75|0x0000000089500000, 0x0000000089500000, 0x0000000089600000|  0%| F|  |TAMS 0x0000000089500000| PB 0x0000000089500000| Untracked |  0
|  76|0x0000000089600000, 0x0000000089600000, 0x0000000089700000|  0%| F|  |TAMS 0x0000000089600000| PB 0x0000000089600000| Untracked |  0
|  77|0x0000000089700000, 0x0000000089700000, 0x0000000089800000|  0%| F|  |TAMS 0x0000000089700000| PB 0x0000000089700000| Untracked |  0
|  78|0x0000000089800000, 0x0000000089800000, 0x0000000089900000|  0%| F|  |TAMS 0x0000000089800000| PB 0x0000000089800000| Untracked |  0
|  79|0x0000000089900000, 0x0000000089900000, 0x0000000089a00000|  0%| F|  |TAMS 0x0000000089900000| PB 0x0000000089900000| Untracked |  0
|  80|0x0000000089a00000, 0x0000000089a00000, 0x0000000089b00000|  0%| F|  |TAMS 0x0000000089a00000| PB 0x0000000089a00000| Untracked |  0
|  81|0x0000000089b00000, 0x0000000089b00000, 0x0000000089c00000|  0%| F|  |TAMS 0x0000000089b00000| PB 0x0000000089b00000| Untracked |  0
|  82|0x0000000089c00000, 0x0000000089c00000, 0x0000000089d00000|  0%| F|  |TAMS 0x0000000089c00000| PB 0x0000000089c00000| Untracked |  0
|  83|0x0000000089d00000, 0x0000000089d00000, 0x0000000089e00000|  0%| F|  |TAMS 0x0000000089d00000| PB 0x0000000089d00000| Untracked |  0
|  84|0x0000000089e00000, 0x0000000089e00000, 0x0000000089f00000|  0%| F|  |TAMS 0x0000000089e00000| PB 0x0000000089e00000| Untracked |  0
|  85|0x0000000089f00000, 0x0000000089f00000, 0x000000008a000000|  0%| F|  |TAMS 0x0000000089f00000| PB 0x0000000089f00000| Untracked |  0
|  86|0x000000008a000000, 0x000000008a000000, 0x000000008a100000|  0%| F|  |TAMS 0x000000008a000000| PB 0x000000008a000000| Untracked |  0
|  87|0x000000008a100000, 0x000000008a100000, 0x000000008a200000|  0%| F|  |TAMS 0x000000008a100000| PB 0x000000008a100000| Untracked |  0
|  88|0x000000008a200000, 0x000000008a200000, 0x000000008a300000|  0%| F|  |TAMS 0x000000008a200000| PB 0x000000008a200000| Untracked |  0
|  89|0x000000008a300000, 0x000000008a300000, 0x000000008a400000|  0%| F|  |TAMS 0x000000008a300000| PB 0x000000008a300000| Untracked |  0
|  90|0x000000008a400000, 0x000000008a400000, 0x000000008a500000|  0%| F|  |TAMS 0x000000008a400000| PB 0x000000008a400000| Untracked |  0
|  91|0x000000008a500000, 0x000000008a500000, 0x000000008a600000|  0%| F|  |TAMS 0x000000008a500000| PB 0x000000008a500000| Untracked |  0
|  92|0x000000008a600000, 0x000000008a600000, 0x000000008a700000|  0%| F|  |TAMS 0x000000008a600000| PB 0x000000008a600000| Untracked |  0
|  93|0x000000008a700000, 0x000000008a700000, 0x000000008a800000|  0%| F|  |TAMS 0x000000008a700000| PB 0x000000008a700000| Untracked |  0
|  94|0x000000008a800000, 0x000000008a800000, 0x000000008a900000|  0%| F|  |TAMS 0x000000008a800000| PB 0x000000008a800000| Untracked |  0
|  95|0x000000008a900000, 0x000000008a900000, 0x000000008aa00000|  0%| F|  |TAMS 0x000000008a900000| PB 0x000000008a900000| Untracked |  0
|  96|0x000000008aa00000, 0x000000008aa00000, 0x000000008ab00000|  0%| F|  |TAMS 0x000000008aa00000| PB 0x000000008aa00000| Untracked |  0
|  97|0x000000008ab00000, 0x000000008ab00000, 0x000000008ac00000|  0%| F|  |TAMS 0x000000008ab00000| PB 0x000000008ab00000| Untracked |  0
|  98|0x000000008ac00000, 0x000000008ac00000, 0x000000008ad00000|  0%| F|  |TAMS 0x000000008ac00000| PB 0x000000008ac00000| Untracked |  0
|  99|0x000000008ad00000, 0x000000008ad00000, 0x000000008ae00000|  0%| F|  |TAMS 0x000000008ad00000| PB 0x000000008ad00000| Untracked |  0
| 100|0x000000008ae00000, 0x000000008ae00000, 0x000000008af00000|  0%| F|  |TAMS 0x000000008ae00000| PB 0x000000008ae00000| Untracked |  0
| 101|0x000000008af00000, 0x000000008af00000, 0x000000008b000000|  0%| F|  |TAMS 0x000000008af00000| PB 0x000000008af00000| Untracked |  0
| 102|0x000000008b000000, 0x000000008b000000, 0x000000008b100000|  0%| F|  |TAMS 0x000000008b000000| PB 0x000000008b000000| Untracked |  0
| 103|0x000000008b100000, 0x000000008b100000, 0x000000008b200000|  0%| F|  |TAMS 0x000000008b100000| PB 0x000000008b100000| Untracked |  0
| 104|0x000000008b200000, 0x000000008b200000, 0x000000008b300000|  0%| F|  |TAMS 0x000000008b200000| PB 0x000000008b200000| Untracked |  0
| 105|0x000000008b300000, 0x000000008b300000, 0x000000008b400000|  0%| F|  |TAMS 0x000000008b300000| PB 0x000000008b300000| Untracked |  0
| 106|0x000000008b400000, 0x000000008b400000, 0x000000008b500000|  0%| F|  |TAMS 0x000000008b400000| PB 0x000000008b400000| Untracked |  0
| 107|0x000000008b500000, 0x000000008b500000, 0x000000008b600000|  0%| F|  |TAMS 0x000000008b500000| PB 0x000000008b500000| Untracked |  0
| 108|0x000000008b600000, 0x000000008b600000, 0x000000008b700000|  0%| F|  |TAMS 0x000000008b600000| PB 0x000000008b600000| Untracked |  0
| 109|0x000000008b700000, 0x000000008b700000, 0x000000008b800000|  0%| F|  |TAMS 0x000000008b700000| PB 0x000000008b700000| Untracked |  0
| 110|0x000000008b800000, 0x000000008b800000, 0x000000008b900000|  0%| F|  |TAMS 0x000000008b800000| PB 0x000000008b800000| Untracked |  0
| 111|0x000000008b900000, 0x000000008b900000, 0x000000008ba00000|  0%| F|  |TAMS 0x000000008b900000| PB 0x000000008b900000| Untracked |  0
| 112|0x000000008ba00000, 0x000000008ba00000, 0x000000008bb00000|  0%| F|  |TAMS 0x000000008ba00000| PB 0x000000008ba00000| Untracked |  0
| 113|0x000000008bb00000, 0x000000008bb00000, 0x000000008bc00000|  0%| F|  |TAMS 0x000000008bb00000| PB 0x000000008bb00000| Untracked |  0
| 114|0x000000008bc00000, 0x000000008bc00000, 0x000000008bd00000|  0%| F|  |TAMS 0x000000008bc00000| PB 0x000000008bc00000| Untracked |  0
| 115|0x000000008bd00000, 0x000000008bd00000, 0x000000008be00000|  0%| F|  |TAMS 0x000000008bd00000| PB 0x000000008bd00000| Untracked |  0
| 116|0x000000008be00000, 0x000000008be00000, 0x000000008bf00000|  0%| F|  |TAMS 0x000000008be00000| PB 0x000000008be00000| Untracked |  0
| 117|0x000000008bf00000, 0x000000008bf00000, 0x000000008c000000|  0%| F|  |TAMS 0x000000008bf00000| PB 0x000000008bf00000| Untracked |  0
| 118|0x000000008c000000, 0x000000008c000000, 0x000000008c100000|  0%| F|  |TAMS 0x000000008c000000| PB 0x000000008c000000| Untracked |  0
| 119|0x000000008c100000, 0x000000008c100000, 0x000000008c200000|  0%| F|  |TAMS 0x000000008c100000| PB 0x000000008c100000| Untracked |  0
| 120|0x000000008c200000, 0x000000008c299588, 0x000000008c300000| 59%| E|  |TAMS 0x000000008c200000| PB 0x000000008c200000| Complete |  0
| 121|0x000000008c300000, 0x000000008c400000, 0x000000008c400000|100%| E|CS|TAMS 0x000000008c300000| PB 0x000000008c300000| Complete |  0
| 122|0x000000008c400000, 0x000000008c500000, 0x000000008c500000|100%| E|CS|TAMS 0x000000008c400000| PB 0x000000008c400000| Complete |  0
| 123|0x000000008c500000, 0x000000008c600000, 0x000000008c600000|100%| E|CS|TAMS 0x000000008c500000| PB 0x000000008c500000| Complete |  0
|1972|0x00000000ffe00000, 0x00000000fff00000, 0x00000000fff00000|100%| O|  |TAMS 0x00000000ffe00000| PB 0x00000000ffe00000| Untracked |  0
|1973|0x00000000fff00000, 0x00000000fff1c2f8, 0x0000000100000000| 11%| O|  |TAMS 0x00000000fff00000| PB 0x00000000fff00000| Untracked |  0

Card table byte_map: [0x0000021649bd0000,0x0000021649fb0000] _byte_map_base: 0x00000216497ab000

Marking Bits: (CMBitMap*) 0x00000216314c1a20
 Bits: [0x0000021649fb0000, 0x000002164be88000)

Polling page: 0x000002162f470000

Metaspace:

Usage:
  Non-class:      1.00 MB used.
      Class:     65.46 KB used.
       Both:      1.06 MB used.

Virtual space:
  Non-class space:       64.00 MB reserved,       1.06 MB (  2%) committed,  1 nodes.
      Class space:        1.00 GB reserved,     128.00 KB ( <1%) committed,  1 nodes.
             Both:        1.06 GB reserved,       1.19 MB ( <1%) committed. 

Chunk freelists:
   Non-Class:  11.99 MB
       Class:  15.74 MB
        Both:  27.73 MB

MaxMetaspaceSize: unlimited
CompressedClassSpaceSize: 1.00 GB
Initial GC threshold: 21.00 MB
Current GC threshold: 21.00 MB
CDS: on
 - commit_granule_bytes: 65536.
 - commit_granule_words: 8192.
 - virtual_space_node_default_size: 8388608.
 - enlarge_chunks_in_place: 1.
UseCompressedClassPointers 1, UseCompactObjectHeaders 0
Narrow klass pointer bits 32, Max shift 3
Narrow klass base: 0x000002164f000000, Narrow klass shift: 0
Encoding Range: [0x000002164f000000 - 0x000002174f000000), (4294967296 bytes)
Klass Range:    [0x000002164f000000 - 0x0000021690000000), (1090519040 bytes)
Klass ID Range:  [8 - 1090519033) (1090519025)


Internal statistics:

num_allocs_failed_limit: 0.
num_arena_births: 8.
num_arena_deaths: 0.
num_vsnodes_births: 2.
num_vsnodes_deaths: 0.
num_space_committed: 19.
num_space_uncommitted: 0.
num_chunks_returned_to_freelist: 0.
num_chunks_taken_from_freelist: 10.
num_chunk_merges: 0.
num_chunk_splits: 6.
num_chunks_enlarged: 2.
num_inconsistent_stats: 0.

CodeHeap 'non-profiled nmethods': size=119232Kb used=75Kb max_used=75Kb free=119156Kb
 bounds [0x0000021641b00000, 0x0000021641d70000, 0x0000021648f70000]
CodeHeap 'profiled nmethods': size=119104Kb used=247Kb max_used=247Kb free=118856Kb
 bounds [0x0000021639f70000, 0x000002163a1e0000, 0x00000216413c0000]
CodeHeap 'non-nmethods': size=7424Kb used=2360Kb max_used=2360Kb free=5063Kb
 bounds [0x00000216413c0000, 0x0000021641630000, 0x0000021641b00000]
CodeCache: size=245760Kb, used=2682Kb, max_used=2682Kb, free=243075Kb
 total_blobs=680, nmethods=284, adapters=299, full_count=0
Compilation: enabled, stopped_count=0, restarted_count=0

Compilation events (20 events):
Event: 0.046 Thread 0x000002164eed9ac0 nmethod 247 0x0000021639f9ed08 code [0x0000021639f9ee60, 0x0000021639f9f1a0]
Event: 0.046 Thread 0x000002164eed9ac0  249       3       java.lang.System$1::countPositives (7 bytes)
Event: 0.046 Thread 0x000002164eeac730 nmethod 248 0x0000021639f9f208 code [0x0000021639f9f380, 0x0000021639f9f798]
Event: 0.046 Thread 0x000002164eeac730  250       3       java.util.zip.ZipFile$Source::isMetaName (141 bytes)
Event: 0.046 Thread 0x000002164eed9ac0 nmethod 249 0x0000021639f9f808 code [0x0000021639f9f940, 0x0000021639f9fbb0]
Event: 0.046 Thread 0x000002164eed9ac0  251       3       java.util.zip.ZipFile$Source::nextEntryPos (22 bytes)
Event: 0.046 Thread 0x000002164eed9ac0 nmethod 251 0x0000021639f9fc08 code [0x0000021639f9fd40, 0x0000021639f9ff90]
Event: 0.046 Thread 0x000002164eed9ac0  252       3       java.util.zip.ZipUtils::CENSIZ (9 bytes)
Event: 0.046 Thread 0x000002164eeac730 nmethod 250 0x0000021639fa0008 code [0x0000021639fa0140, 0x0000021639fa05b0]
Event: 0.046 Thread 0x000002164eeac730  253       3       java.util.zip.ZipUtils::CENLEN (9 bytes)
Event: 0.046 Thread 0x000002164eed9ac0 nmethod 252 0x0000021639fa0608 code [0x0000021639fa0720, 0x0000021639fa0838]
Event: 0.046 Thread 0x000002164eed9ac0  254       3       java.util.zip.ZipUtils::CENOFF (9 bytes)
Event: 0.046 Thread 0x000002164eeac730 nmethod 253 0x0000021639fa0908 code [0x0000021639fa0a20, 0x0000021639fa0b38]
Event: 0.046 Thread 0x000002164eeac730  255       3       java.util.zip.ZipUtils::CENDSK (9 bytes)
Event: 0.046 Thread 0x000002164eed9ac0 nmethod 254 0x0000021639fa0c08 code [0x0000021639fa0d20, 0x0000021639fa0e38]
Event: 0.046 Thread 0x000002164eeac730 nmethod 255 0x0000021639fa0f08 code [0x0000021639fa1020, 0x0000021639fa1138]
Event: 0.046 Thread 0x0000021694120870 nmethod 242 0x0000021639fa1208 code [0x0000021639fa15c0, 0x0000021639fa3038]
Event: 0.047 Thread 0x0000021694120870  259       3       java.lang.StringBuilder::append (8 bytes)
Event: 0.047 Thread 0x000002164eeac730  260       3       java.lang.AbstractStringBuilder::append (77 bytes)
Event: 0.047 Thread 0x0000021694120870 nmethod 259 0x0000021639fa3188 code [0x0000021639fa32a0, 0x0000021639fa33f0]

GC Heap History (0 events):
No events

Dll operation events (5 events):
Event: 0.004 Loaded shared library C:\Program Files\Apache NetBeans\jdk\bin\java.dll
Event: 0.021 Loaded shared library C:\Program Files\Apache NetBeans\jdk\bin\jsvml.dll
Event: 0.035 Loaded shared library C:\Program Files\Apache NetBeans\jdk\bin\net.dll
Event: 0.036 Loaded shared library C:\Program Files\Apache NetBeans\jdk\bin\nio.dll
Event: 0.047 Loaded shared library C:\Program Files\Apache NetBeans\jdk\bin\zip.dll

Deoptimization events (0 events):
No events

Classes loaded (20 events):
Event: 0.037 Loading class sun/nio/fs/WindowsDirectoryStream$WindowsDirectoryIterator
Event: 0.037 Loading class sun/nio/fs/WindowsDirectoryStream$WindowsDirectoryIterator done
Event: 0.037 Loading class sun/nio/fs/WindowsPath$WindowsPathWithAttributes
Event: 0.037 Loading class sun/nio/fs/BasicFileAttributesHolder
Event: 0.037 Loading class sun/nio/fs/BasicFileAttributesHolder done
Event: 0.037 Loading class sun/nio/fs/WindowsPath$WindowsPathWithAttributes done
Event: 0.037 Loading class java/nio/file/attribute/FileAttribute
Event: 0.037 Loading class java/nio/file/attribute/FileAttribute done
Event: 0.037 Loading class sun/nio/fs/WindowsSecurityDescriptor
Event: 0.037 Loading class sun/nio/fs/WindowsSecurityDescriptor done
Event: 0.037 Loading class sun/nio/fs/WindowsChannelFactory
Event: 0.037 Loading class sun/nio/fs/WindowsChannelFactory done
Event: 0.037 Loading class sun/nio/fs/WindowsChannelFactory$1
Event: 0.037 Loading class sun/nio/fs/WindowsChannelFactory$1 done
Event: 0.037 Loading class sun/nio/fs/WindowsChannelFactory$Flags
Event: 0.037 Loading class sun/nio/fs/WindowsChannelFactory$Flags done
Event: 0.038 Loading class jdk/internal/module/ModuleReferenceImpl$CachedHash
Event: 0.038 Loading class jdk/internal/module/ModuleReferenceImpl$CachedHash done
Event: 0.043 Loading class jdk/internal/vm/PostVMInitHook
Event: 0.043 Loading class jdk/internal/vm/PostVMInitHook done

Classes unloaded (0 events):
No events

Classes redefined (0 events):
No events

Internal exceptions (11 events):
Event: 0.036 Thread 0x000002162f1af330 Exception <a 'sun/nio/fs/WindowsException'{0x000000008c4da9a0}> (0x000000008c4da9a0) 
thrown [s\src\hotspot\share\prims\jni.cpp, line 518]
Event: 0.037 Thread 0x000002162f1af330 Exception <a 'sun/nio/fs/WindowsException'{0x000000008c4dcd98}> (0x000000008c4dcd98) 
thrown [s\src\hotspot\share\prims\jni.cpp, line 518]
Event: 0.037 Thread 0x000002162f1af330 Exception <a 'sun/nio/fs/WindowsException'{0x000000008c4dd858}> (0x000000008c4dd858) 
thrown [s\src\hotspot\share\prims\jni.cpp, line 518]
Event: 0.037 Thread 0x000002162f1af330 Exception <a 'sun/nio/fs/WindowsException'{0x000000008c4de350}> (0x000000008c4de350) 
thrown [s\src\hotspot\share\prims\jni.cpp, line 518]
Event: 0.037 Thread 0x000002162f1af330 Exception <a 'sun/nio/fs/WindowsException'{0x000000008c4deeb0}> (0x000000008c4deeb0) 
thrown [s\src\hotspot\share\prims\jni.cpp, line 518]
Event: 0.037 Thread 0x000002162f1af330 Exception <a 'sun/nio/fs/WindowsException'{0x000000008c4df9a0}> (0x000000008c4df9a0) 
thrown [s\src\hotspot\share\prims\jni.cpp, line 518]
Event: 0.038 Thread 0x000002162f1af330 Exception <a 'sun/nio/fs/WindowsException'{0x000000008c4e04f8}> (0x000000008c4e04f8) 
thrown [s\src\hotspot\share\prims\jni.cpp, line 518]
Event: 0.038 Thread 0x000002162f1af330 Exception <a 'sun/nio/fs/WindowsException'{0x000000008c4e1058}> (0x000000008c4e1058) 
thrown [s\src\hotspot\share\prims\jni.cpp, line 518]
Event: 0.038 Thread 0x000002162f1af330 Exception <a 'sun/nio/fs/WindowsException'{0x000000008c4e1b18}> (0x000000008c4e1b18) 
thrown [s\src\hotspot\share\prims\jni.cpp, line 518]
Event: 0.038 Thread 0x000002162f1af330 Exception <a 'sun/nio/fs/WindowsException'{0x000000008c4e25e8}> (0x000000008c4e25e8) 
thrown [s\src\hotspot\share\prims\jni.cpp, line 518]
Event: 0.038 Thread 0x000002162f1af330 Exception <a 'sun/nio/fs/WindowsException'{0x000000008c4e30c0}> (0x000000008c4e30c0) 
thrown [s\src\hotspot\share\prims\jni.cpp, line 518]

VM Operations (2 events):
Event: 0.038 Executing VM operation: HandshakeAllThreads (Deoptimize)
Event: 0.038 Executing VM operation: HandshakeAllThreads (Deoptimize) done

Memory protections (0 events):
No events

Nmethod flushes (0 events):
No events

Events (13 events):
Event: 0.014 Thread 0x000002162f1af330 Thread added: 0x000002162f1af330
Event: 0.019 Thread 0x000002162f1af330 Thread added: 0x000002164eecb970
Event: 0.019 Thread 0x000002162f1af330 Thread added: 0x000002164eecd0c0
Event: 0.019 Thread 0x000002162f1af330 Thread added: 0x000002164eecd800
Event: 0.019 Thread 0x000002162f1af330 Thread added: 0x000002164eece330
Event: 0.019 Thread 0x000002162f1af330 Thread added: 0x000002164eecef00
Event: 0.019 Thread 0x000002162f1af330 Thread added: 0x000002164eed2e50
Event: 0.019 Thread 0x000002162f1af330 Thread added: 0x000002164eed5df0
Event: 0.019 Thread 0x000002162f1af330 Thread added: 0x000002164eed9ac0
Event: 0.023 Thread 0x000002164eed9ac0 Thread added: 0x000002164eeac730
Event: 0.035 Thread 0x000002162f1af330 Thread added: 0x00000216941102a0
Event: 0.039 Thread 0x000002164eed9ac0 Thread added: 0x0000021694120870
Event: 0.043 Thread 0x000002162f1af330 Thread added: 0x00000216941f06c0


Dynamic libraries:
0x00007ff614ae0000 - 0x00007ff614aee000 	C:\Program Files\Apache NetBeans\jdk\bin\java.exe
0x00007ffdf0b50000 - 0x00007ffdf0d67000 	C:\Windows\SYSTEM32\ntdll.dll
0x00007ffdefdf0000 - 0x00007ffdefeb4000 	C:\Windows\System32\KERNEL32.DLL
0x00007ffdee2b0000 - 0x00007ffdee66a000 	C:\Windows\System32\KERNELBASE.dll
0x00007ffdede90000 - 0x00007ffdedfa1000 	C:\Windows\System32\ucrtbase.dll
0x00007ffdd8a10000 - 0x00007ffdd8a26000 	C:\Program Files\Apache NetBeans\jdk\bin\jli.dll
0x00007ffde5ff0000 - 0x00007ffde600e000 	C:\Program Files\Apache NetBeans\jdk\bin\VCRUNTIME140.dll
0x00007ffdee8d0000 - 0x00007ffdeea7e000 	C:\Windows\System32\USER32.dll
0x00007ffded080000 - 0x00007ffded312000 	C:\Windows\WinSxS\amd64_microsoft.windows.common-controls_6595b64144ccf1df_6.0.22621.4541_none_2710d1c57384c085\COMCTL32.dll
0x00007ffdee280000 - 0x00007ffdee2a6000 	C:\Windows\System32\win32u.dll
0x00007ffdf0980000 - 0x00007ffdf0a27000 	C:\Windows\System32\msvcrt.dll
0x00007ffdefd60000 - 0x00007ffdefd89000 	C:\Windows\System32\GDI32.dll
0x00007ffdee670000 - 0x00007ffdee78b000 	C:\Windows\System32\gdi32full.dll
0x00007ffdee1e0000 - 0x00007ffdee27a000 	C:\Windows\System32\msvcp_win.dll
0x00007ffdeff80000 - 0x00007ffdeffb1000 	C:\Windows\System32\IMM32.DLL
0x00007ffded670000 - 0x00007ffded67c000 	C:\Program Files\Apache NetBeans\jdk\bin\vcruntime140_1.dll
0x00007ffdceb40000 - 0x00007ffdcebcd000 	C:\Program Files\Apache NetBeans\jdk\bin\msvcp140.dll
0x00007ffda1f00000 - 0x00007ffda2d7c000 	C:\Program Files\Apache NetBeans\jdk\bin\server\jvm.dll
0x00007ffdefec0000 - 0x00007ffdeff72000 	C:\Windows\System32\ADVAPI32.dll
0x00007ffdef410000 - 0x00007ffdef4b7000 	C:\Windows\System32\sechost.dll
0x00007ffdee810000 - 0x00007ffdee838000 	C:\Windows\System32\bcrypt.dll
0x00007ffdef240000 - 0x00007ffdef354000 	C:\Windows\System32\RPCRT4.dll
0x00007ffdee840000 - 0x00007ffdee8b1000 	C:\Windows\System32\WS2_32.dll
0x00007ffded720000 - 0x00007ffded76d000 	C:\Windows\SYSTEM32\POWRPROF.dll
0x00007ffde5680000 - 0x00007ffde56b4000 	C:\Windows\SYSTEM32\WINMM.dll
0x00007ffde5910000 - 0x00007ffde591a000 	C:\Windows\SYSTEM32\VERSION.dll
0x00007ffded450000 - 0x00007ffded463000 	C:\Windows\SYSTEM32\UMPDC.dll
0x00007ffdec5f0000 - 0x00007ffdec608000 	C:\Windows\SYSTEM32\kernel.appcore.dll
0x00007ffde4e00000 - 0x00007ffde4e0a000 	C:\Program Files\Apache NetBeans\jdk\bin\jimage.dll
0x00007ffded770000 - 0x00007ffded9a2000 	C:\Windows\SYSTEM32\DBGHELP.DLL
0x00007ffdf0090000 - 0x00007ffdf0421000 	C:\Windows\System32\combase.dll
0x00007ffdf0a30000 - 0x00007ffdf0b07000 	C:\Windows\System32\OLEAUT32.dll
0x00007ffded610000 - 0x00007ffded642000 	C:\Windows\SYSTEM32\dbgcore.DLL
0x00007ffdee790000 - 0x00007ffdee80b000 	C:\Windows\System32\bcryptPrimitives.dll
0x00007ffde5f50000 - 0x00007ffde5f6e000 	C:\Program Files\Apache NetBeans\jdk\bin\java.dll
0x00007ffdeef80000 - 0x00007ffdef125000 	C:\Windows\System32\ole32.dll
0x00007ffdef4c0000 - 0x00007ffdefd39000 	C:\Windows\System32\SHELL32.dll
0x00007ffdeb350000 - 0x00007ffdebc59000 	C:\Windows\SYSTEM32\windows.storage.dll
0x00007ffdeb210000 - 0x00007ffdeb34f000 	C:\Windows\SYSTEM32\wintypes.dll
0x00007ffdf0430000 - 0x00007ffdf052a000 	C:\Windows\System32\SHCORE.dll
0x00007ffdeef10000 - 0x00007ffdeef6e000 	C:\Windows\System32\shlwapi.dll
0x00007ffdedd40000 - 0x00007ffdedd6b000 	C:\Windows\SYSTEM32\profapi.dll
0x00007ffdd66c0000 - 0x00007ffdd6797000 	C:\Program Files\Apache NetBeans\jdk\bin\jsvml.dll
0x00007ffde4de0000 - 0x00007ffde4df0000 	C:\Program Files\Apache NetBeans\jdk\bin\net.dll
0x00007ffdeca30000 - 0x00007ffdeca99000 	C:\Windows\system32\mswsock.dll
0x00007ffdd6840000 - 0x00007ffdd6856000 	C:\Program Files\Apache NetBeans\jdk\bin\nio.dll
0x00007ffdd6890000 - 0x00007ffdd68a7000 	C:\Program Files\Apache NetBeans\jdk\bin\zip.dll
0x00007ffdc39c0000 - 0x00007ffdc3b3e000 	C:\Program Files\Apache NetBeans\jdk\bin\awt.dll
0x00007ffde4ed0000 - 0x00007ffde4f67000 	C:\Windows\SYSTEM32\apphelp.dll

JVMTI agents: none

dbghelp: loaded successfully - version: 4.0.5 - missing functions: none
symbol engine: initialized successfully - sym options: 0x614 - pdb path: .;C:\Program Files\Apache NetBeans\jdk\bin;C:\Windows\SYSTEM32;C:\Windows\WinSxS\amd64_microsoft.windows.common-controls_6595b64144ccf1df_6.0.22621.4541_none_2710d1c57384c085;C:\Program Files\Apache NetBeans\jdk\bin\server

VM Arguments:
jvm_args: -Dfile.encoding=UTF-8 --module-path=C:\Users\Admin\Documents\NetBeansProjects\EmplyeeMangagement\build\classes 
java_command: emplyeemangagement.Update
java_class_path (initial): C:\Users\Admin\Downloads\mysql-connector-java-8.0.28.jar;C:\Users\Admin\Downloads\jcalendar-tz-1.3.3-4.jar;C:\Users\Admin\Downloads\rs2xml.jar;C:\Users\Admin\Downloads\TimingFramework-0.55.jar;C:\Users\Admin\Downloads\jfreechart-1.5.6.jar;C:\Users\Admin\Documents\NetBeansProjects\EmplyeeMangagement\build\classes
Launcher Type: SUN_STANDARD

[Global flags]
     intx CICompilerCount                          = 12                                        {product} {ergonomic}
     uint ConcGCThreads                            = 3                                         {product} {ergonomic}
     uint G1ConcRefinementThreads                  = 13                                        {product} {ergonomic}
   size_t G1HeapRegionSize                         = 1048576                                   {product} {ergonomic}
   size_t InitialHeapSize                          = 130023424                                 {product} {ergonomic}
   size_t MarkStackSize                            = 4194304                                   {product} {ergonomic}
   size_t MarkStackSizeMax                         = 536870912                                 {product} {ergonomic}
   size_t MaxHeapSize                              = 2069889024                                {product} {ergonomic}
   size_t MaxNewSize                               = 1241513984                                {product} {ergonomic}
   size_t MinHeapDeltaBytes                        = 1048576                                   {product} {ergonomic}
   size_t MinHeapSize                              = 8388608                                   {product} {ergonomic}
    uintx NonNMethodCodeHeapSize                   = 7602176                                {pd product} {ergonomic}
    uintx NonProfiledCodeHeapSize                  = 122093568                              {pd product} {ergonomic}
    uintx ProfiledCodeHeapSize                     = 121962496                              {pd product} {ergonomic}
    uintx ReservedCodeCacheSize                    = 251658240                              {pd product} {ergonomic}
     bool SegmentedCodeCache                       = true                                      {product} {ergonomic}
   size_t SoftMaxHeapSize                          = 2069889024                             {manageable} {ergonomic}
     bool UseCompressedOops                        = true                           {product lp64_product} {ergonomic}
     bool UseG1GC                                  = true                                      {product} {ergonomic}
     bool UseLargePagesIndividualAllocation        = false                                  {pd product} {ergonomic}

Logging:
Log output configuration:
 #0: stdout all=warning uptime,level,tags foldmultilines=false
 #1: stderr all=off uptime,level,tags foldmultilines=false

Environment Variables:
PATH=C:\Program Files\Common Files\Oracle\Java\javapath;C:\Windows\system32;C:\Windows;C:\Windows\System32\Wbem;C:\Windows\System32\WindowsPowerShell\v1.0\;C:\Windows\System32\OpenSSH\;C:\Program Files (x86)\Microsoft SQL Server\160\Tools\Binn\;C:\Program Files\Microsoft SQL Server\160\Tools\Binn\;C:\Program Files\Microsoft SQL Server\Client SDK\ODBC\170\Tools\Binn\;C:\Program Files\Microsoft SQL Server\160\DTS\Binn\;C:\Program Files (x86)\Microsoft SQL Server\160\DTS\Binn\;C:\Users\Admin\AppData\Local\Programs\Python\Python313;C:\Program Files\MySQL\MySQL Server 9.2\bin\;C:\Program Files\Git\cmd;C:\Program Files\Cloudflare\Cloudflare WARP\;D:\msys64\ucrt64\bin;C:\Program Files\MySQL\MySQL Shell 8.0\bin\;C:\Users\Admin\AppData\Local\Programs\Python\Python310\Scripts\;C:\Users\Admin\AppData\Local\Programs\Python\Python310\;C:\Users\Admin\AppData\Local\Microsoft\WindowsApps;C:\Users\Admin\AppData\Local\Programs\Microsoft VS Code\bin;C:\Users\Admin\AppData\Local\Programs\Python\Python313;C:\Users\Admin\AppData\Local\GitHubDesktop\bin;D:\pycharm\PyCharm 2025.1.1\bin;;D:\mingw\ucrt64\bin;
USERNAME=Admin
OS=Windows_NT
PROCESSOR_IDENTIFIER=Intel64 Family 6 Model 154 Stepping 3, GenuineIntel
TMP=C:\Users\Admin\AppData\Local\Temp
TEMP=C:\Users\Admin\AppData\Local\Temp




Periodic native trim disabled

---------------  S Y S T E M  ---------------

OS:
 Windows 11 , 64 bit Build 22621 (10.0.22621.4391)
OS uptime: 3 days 17:57 hours

CPU: total 16 (initial active 16) (8 cores per cpu, 2 threads per core) family 6 model 154 stepping 3 microcode 0x424, cx8, cmov, fxsr, ht, mmx, 3dnowpref, sse, sse2, sse3, ssse3, sse4.1, sse4.2, popcnt, lzcnt, tsc, tscinvbit, avx, avx2, aes, erms, clmul, bmi1, bmi2, adx, sha, fma, vzeroupper, clflush, clflushopt, clwb, serialize, rdtscp, rdpid, fsrm, gfni, f16c, pku, cet_ibt, cet_ss
Processor Information for processor 0
  Max Mhz: 2300, Current Mhz: 2300, Mhz Limit: 2300
Processor Information for processor 1
  Max Mhz: 2300, Current Mhz: 2300, Mhz Limit: 2300
Processor Information for processor 2
  Max Mhz: 2300, Current Mhz: 1506, Mhz Limit: 2300
Processor Information for processor 3
  Max Mhz: 2300, Current Mhz: 2300, Mhz Limit: 2300
Processor Information for processor 4
  Max Mhz: 2300, Current Mhz: 2300, Mhz Limit: 2300
Processor Information for processor 5
  Max Mhz: 2300, Current Mhz: 2300, Mhz Limit: 2300
Processor Information for processor 6
  Max Mhz: 2300, Current Mhz: 2300, Mhz Limit: 2300
Processor Information for processor 7
  Max Mhz: 2300, Current Mhz: 2300, Mhz Limit: 2300
Processor Information for processor 8
  Max Mhz: 2300, Current Mhz: 2300, Mhz Limit: 2300
Processor Information for processor 9
  Max Mhz: 2300, Current Mhz: 1506, Mhz Limit: 2300
Processor Information for processor 10
  Max Mhz: 2300, Current Mhz: 2300, Mhz Limit: 2300
Processor Information for processor 11
  Max Mhz: 2300, Current Mhz: 1506, Mhz Limit: 2300
Processor Information for processor 12
  Max Mhz: 2300, Current Mhz: 1488, Mhz Limit: 2300
Processor Information for processor 13
  Max Mhz: 2300, Current Mhz: 2300, Mhz Limit: 2300
Processor Information for processor 14
  Max Mhz: 2300, Current Mhz: 2300, Mhz Limit: 2300
Processor Information for processor 15
  Max Mhz: 2300, Current Mhz: 2300, Mhz Limit: 2300

Memory: 4k page, system-wide physical 7895M (383M free)
TotalPageFile size 30028M (AvailPageFile size 5M)
current process WorkingSet (physical memory assigned to process): 43M, peak: 43M
current process commit charge ("private bytes"): 221M, peak: 221M

vm_info: OpenJDK 64-Bit Server VM (24.0.1+9) for windows-amd64 JRE (24.0.1+9) (Zulu24.30+11-CA), built on 2025-03-21T13:52:34Z with MS VC++ 17.1 (VS2022)

END.
