#
# There is insufficient memory for the Java Runtime Environment to continue.
# Native memory allocation (malloc) failed to allocate 9550544 bytes. Error detail: Chunk::new
# Possible reasons:
#   The system is out of physical RAM or swap space
#   This process is running with CompressedOops enabled, and the Java Heap may be blocking the growth of the native heap
# Possible solutions:
#   Reduce memory load on the system
#   Increase physical memory or swap space
#   Check if swap backing store is full
#   Decrease Java heap size (-Xmx/-Xms)
#   Decrease number of Java threads
#   Decrease Java thread stack sizes (-Xss)
#   Set larger code cache with -XX:ReservedCodeCacheSize=
#   JVM is running with Unscaled Compressed Oops mode in which the Java heap is
#     placed in the first 4GB address space. The Java Heap base address is the
#     maximum limit for the native heap growth. Please use -XX:HeapBaseMinAddress
#     to set the Java Heap base and to place the Java Heap above 4GB virtual address.
# This output file may be truncated or incomplete.
#
#  Out of Memory Error (arena.cpp:162), pid=12756, tid=12848
#
# JRE version: OpenJDK Runtime Environment Zulu24.30+11-CA (24.0.1+9) (build 24.0.1+9)
# Java VM: OpenJDK 64-Bit Server VM Zulu24.30+11-CA (24.0.1+9, mixed mode, sharing, tiered, compressed oops, compressed class ptrs, g1 gc, windows-amd64)
# No core dump will be written. Minidumps are not enabled by default on client versions of Windows
#

---------------  S U M M A R Y ------------

Command Line: -Dfile.encoding=UTF-8 --module-path=C:\Users\Admin\Documents\NetBeansProjects\EmplyeeMangagement\build\classes emplyeemangagement.Home

Host: 12th Gen Intel(R) Core(TM) i7-12650H, 16 cores, 7G,  Windows 11 , 64 bit Build 22621 (10.0.22621.4391)
Time: Thu Oct 23 16:23:28 2025 SE Asia Standard Time elapsed time: 3.697499 seconds (0d 0h 0m 3s)

---------------  T H R E A D  ---------------

Current thread (0x00000210a12540d0):  JavaThread "C2 CompilerThread0" daemon [_thread_in_native, id=12848, stack(0x000000dcfc500000,0x000000dcfc600000) (1024K)]


Current CompileTask:
C2:3697 1772       4       sun.security.ec.ECOperations::setDouble (463 bytes)

Stack: [0x000000dcfc500000,0x000000dcfc600000]
Native frames: (J=compiled Java code, j=interpreted, Vv=VM code, C=native code)
V  [jvm.dll+0x7410c9]  (no source info available)
V  [jvm.dll+0x97def3]  (no source info available)
V  [jvm.dll+0x98021d]  (no source info available)
V  [jvm.dll+0x980893]  (no source info available)
V  [jvm.dll+0x2b5b16]  (no source info available)
V  [jvm.dll+0xd019f]  (no source info available)
V  [jvm.dll+0xd03ff]  (no source info available)
V  [jvm.dll+0x15b8bf]  (no source info available)
V  [jvm.dll+0x74698f]  (no source info available)
V  [jvm.dll+0x27a528]  (no source info available)
V  [jvm.dll+0x279641]  (no source info available)
V  [jvm.dll+0x1f313a]  (no source info available)
V  [jvm.dll+0x288e35]  (no source info available)
V  [jvm.dll+0x2870ca]  (no source info available)
V  [jvm.dll+0x43df56]  (no source info available)
V  [jvm.dll+0x920928]  (no source info available)
V  [jvm.dll+0x73f855]  (no source info available)
C  [ucrtbase.dll+0x29333]  (no source info available)
C  [KERNEL32.DLL+0x1259d]  (no source info available)
C  [ntdll.dll+0x5af38]  (no source info available)

Lock stack of current Java thread (top to bottom):


---------------  P R O C E S S  ---------------

Threads class SMR info:
_java_thread_list=0x00000210a1d8eb80, length=20, elements={
0x00000210a124ade0, 0x00000210a124b520, 0x00000210a124c070, 0x00000210a124cba0,
0x00000210a124f6e0, 0x00000210a1253270, 0x00000210a12540d0, 0x00000210a1255a90,
0x00000210a1326f60, 0x00000210a1334f80, 0x00000210a1337b70, 0x00000210a1338300,
0x00000210a1499820, 0x00000210a1b22a00, 0x00000210a18c5ed0, 0x00000210a18c7630,
0x00000210a1cb7760, 0x000002108147eea0, 0x00000210a1d86ec0, 0x00000210a1dcd7c0
}

Java Threads: ( => current thread )
  0x00000210a124ade0 JavaThread "Reference Handler"          daemon [_thread_blocked, id=29352, stack(0x000000dcfbf00000,0x000000dcfc000000) (1024K)]
  0x00000210a124b520 JavaThread "Finalizer"                  daemon [_thread_blocked, id=22840, stack(0x000000dcfc000000,0x000000dcfc100000) (1024K)]
  0x00000210a124c070 JavaThread "Signal Dispatcher"          daemon [_thread_blocked, id=31208, stack(0x000000dcfc100000,0x000000dcfc200000) (1024K)]
  0x00000210a124cba0 JavaThread "Attach Listener"            daemon [_thread_blocked, id=32820, stack(0x000000dcfc200000,0x000000dcfc300000) (1024K)]
  0x00000210a124f6e0 JavaThread "Service Thread"             daemon [_thread_blocked, id=30752, stack(0x000000dcfc300000,0x000000dcfc400000) (1024K)]
  0x00000210a1253270 JavaThread "Monitor Deflation Thread"   daemon [_thread_blocked, id=31632, stack(0x000000dcfc400000,0x000000dcfc500000) (1024K)]
=>0x00000210a12540d0 JavaThread "C2 CompilerThread0"         daemon [_thread_in_native, id=12848, stack(0x000000dcfc500000,0x000000dcfc600000) (1024K)]
  0x00000210a1255a90 JavaThread "C1 CompilerThread0"         daemon [_thread_blocked, id=3628, stack(0x000000dcfc600000,0x000000dcfc700000) (1024K)]
  0x00000210a1326f60 JavaThread "Common-Cleaner"             daemon [_thread_blocked, id=24248, stack(0x000000dcfc700000,0x000000dcfc800000) (1024K)]
  0x00000210a1334f80 JavaThread "C1 CompilerThread1"         daemon [_thread_blocked, id=29656, stack(0x000000dcfc800000,0x000000dcfc900000) (1024K)]
  0x00000210a1337b70 JavaThread "C1 CompilerThread2"         daemon [_thread_blocked, id=29276, stack(0x000000dcfc900000,0x000000dcfca00000) (1024K)]
  0x00000210a1338300 JavaThread "C1 CompilerThread3"         daemon [_thread_blocked, id=31280, stack(0x000000dcfca00000,0x000000dcfcb00000) (1024K)]
  0x00000210a1499820 JavaThread "Notification Thread"        daemon [_thread_blocked, id=24724, stack(0x000000dcfcc00000,0x000000dcfcd00000) (1024K)]
  0x00000210a1b22a00 JavaThread "Java2D Disposer"            daemon [_thread_blocked, id=29816, stack(0x000000dcfcd00000,0x000000dcfce00000) (1024K)]
  0x00000210a18c5ed0 JavaThread "AWT-Shutdown"                      [_thread_blocked, id=25356, stack(0x000000dcfce00000,0x000000dcfcf00000) (1024K)]
  0x00000210a18c7630 JavaThread "AWT-Windows"                daemon [_thread_in_native, id=3188, stack(0x000000dcfcf00000,0x000000dcfd000000) (1024K)]
  0x00000210a1cb7760 JavaThread "AWT-EventQueue-0"                  [_thread_in_native, id=27380, stack(0x000000dcfd000000,0x000000dcfd100000) (1024K)]
  0x000002108147eea0 JavaThread "DestroyJavaVM"                     [_thread_blocked, id=32456, stack(0x000000dcfb700000,0x000000dcfb800000) (1024K)]
  0x00000210a1d86ec0 JavaThread "mysql-cj-abandoned-connection-cleanup" daemon [_thread_blocked, id=27328, stack(0x000000dcfcb00000,0x000000dcfcc00000) (1024K)]
  0x00000210a1dcd7c0 JavaThread "C2 CompilerThread1"         daemon [_thread_in_native, id=30604, stack(0x000000dcfd100000,0x000000dcfd200000) (1024K)]
Total: 20

Other Threads:
  0x00000210a123ca90 VMThread "VM Thread"                           [id=34800, stack(0x000000dcfbe00000,0x000000dcfbf00000) (1024K)]
  0x00000210a122f510 WatcherThread "VM Periodic Task Thread"        [id=14456, stack(0x000000dcfbd00000,0x000000dcfbe00000) (1024K)]
  0x00000210838d23b0 WorkerThread "GC Thread#0"                     [id=28780, stack(0x000000dcfb800000,0x000000dcfb900000) (1024K)]
  0x00000210838e7a00 ConcurrentGCThread "G1 Main Marker"            [id=4736, stack(0x000000dcfb900000,0x000000dcfba00000) (1024K)]
  0x00000210838e8510 WorkerThread "G1 Conc#0"                       [id=29364, stack(0x000000dcfba00000,0x000000dcfbb00000) (1024K)]
  0x000002108393e9c0 ConcurrentGCThread "G1 Refine#0"               [id=12124, stack(0x000000dcfbb00000,0x000000dcfbc00000) (1024K)]
  0x00000210a1100810 ConcurrentGCThread "G1 Service"                [id=32416, stack(0x000000dcfbc00000,0x000000dcfbd00000) (1024K)]
Total: 7

Threads with active compile tasks:
C2 CompilerThread0  3715 1772       4       sun.security.ec.ECOperations::setDouble (463 bytes)
C2 CompilerThread1  3715 2056       4       java.util.HashSet::add (20 bytes)
Total: 2

VM state: not at safepoint (normal execution)

VM Mutex/Monitor currently owned by a thread: None

Heap address: 0x0000000084a00000, size: 1974 MB, Compressed Oops mode: 32-bit

CDS archive(s) mapped at: [0x00000210a2000000-0x00000210a2d40000-0x00000210a2d40000), size 13893632, SharedBaseAddress: 0x00000210a2000000, ArchiveRelocationMode: 1.
Compressed class space mapped at: 0x00000210a3000000-0x00000210e3000000, reserved size: 1073741824
UseCompressedClassPointers 1, UseCompactObjectHeaders 0
Narrow klass pointer bits 32, Max shift 3
Narrow klass base: 0x00000210a2000000, Narrow klass shift: 0
Encoding Range: [0x00000210a2000000 - 0x00000211a2000000), (4294967296 bytes)
Klass Range:    [0x00000210a2000000 - 0x00000210e3000000), (1090519040 bytes)
Klass ID Range:  [8 - 1090519033) (1090519025)

GC Precious Log:
 CardTable entry size: 512
 Card Set container configuration: InlinePtr #cards 5 size 8 Array Of Cards #cards 10 size 36 Howl #buckets 4 coarsen threshold 1843 Howl Bitmap #cards 512 size 80 coarsen threshold 460 Card regions per heap region 1 cards per card region 2048
 CPUs: 16 total, 16 available
 Memory: 7895M
 Large Page Support: Disabled
 NUMA Support: Disabled
 Compressed Oops: Enabled (32-bit)
 Heap Region Size: 1M
 Heap Min Capacity: 8M
 Heap Initial Capacity: 124M
 Heap Max Capacity: 1974M
 Pre-touch: Disabled
 Parallel Workers: 13
 Concurrent Workers: 3
 Concurrent Refinement Workers: 13
 Periodic GC: Disabled

Heap:
 garbage-first heap   total reserved 2021376K, committed 129024K, used 32880K [0x0000000084a00000, 0x0000000100000000)
  region size 1024K, 29 young (29696K), 0 survivors (0K)
 Metaspace       used 16224K, committed 16448K, reserved 1114112K
  class space    used 1455K, committed 1536K, reserved 1048576K

Heap Regions: E=young(eden), S=young(survivor), O=old, HS=humongous(starts), HC=humongous(continues), CS=collection set, F=free, TAMS=top-at-mark-start, PB=parsable bottom
|   0|0x0000000084a00000, 0x0000000084b00000, 0x0000000084b00000|100%|HS|  |TAMS 0x0000000084a00000| PB 0x0000000084a00000| Complete |  0
|   1|0x0000000084b00000, 0x0000000084c00000, 0x0000000084c00000|100%|HC|  |TAMS 0x0000000084b00000| PB 0x0000000084b00000| Complete |  0
|   2|0x0000000084c00000, 0x0000000084d00000, 0x0000000084d00000|100%|HC|  |TAMS 0x0000000084c00000| PB 0x0000000084c00000| Complete |  0
|   3|0x0000000084d00000, 0x0000000084d00000, 0x0000000084e00000|  0%| F|  |TAMS 0x0000000084d00000| PB 0x0000000084d00000| Untracked |  0
|   4|0x0000000084e00000, 0x0000000084e00000, 0x0000000084f00000|  0%| F|  |TAMS 0x0000000084e00000| PB 0x0000000084e00000| Untracked |  0
|   5|0x0000000084f00000, 0x0000000084f00000, 0x0000000085000000|  0%| F|  |TAMS 0x0000000084f00000| PB 0x0000000084f00000| Untracked |  0
|   6|0x0000000085000000, 0x0000000085000000, 0x0000000085100000|  0%| F|  |TAMS 0x0000000085000000| PB 0x0000000085000000| Untracked |  0
|   7|0x0000000085100000, 0x0000000085100000, 0x0000000085200000|  0%| F|  |TAMS 0x0000000085100000| PB 0x0000000085100000| Untracked |  0
|   8|0x0000000085200000, 0x0000000085200000, 0x0000000085300000|  0%| F|  |TAMS 0x0000000085200000| PB 0x0000000085200000| Untracked |  0
|   9|0x0000000085300000, 0x0000000085300000, 0x0000000085400000|  0%| F|  |TAMS 0x0000000085300000| PB 0x0000000085300000| Untracked |  0
|  10|0x0000000085400000, 0x0000000085400000, 0x0000000085500000|  0%| F|  |TAMS 0x0000000085400000| PB 0x0000000085400000| Untracked |  0
|  11|0x0000000085500000, 0x0000000085500000, 0x0000000085600000|  0%| F|  |TAMS 0x0000000085500000| PB 0x0000000085500000| Untracked |  0
|  12|0x0000000085600000, 0x0000000085600000, 0x0000000085700000|  0%| F|  |TAMS 0x0000000085600000| PB 0x0000000085600000| Untracked |  0
|  13|0x0000000085700000, 0x0000000085700000, 0x0000000085800000|  0%| F|  |TAMS 0x0000000085700000| PB 0x0000000085700000| Untracked |  0
|  14|0x0000000085800000, 0x0000000085800000, 0x0000000085900000|  0%| F|  |TAMS 0x0000000085800000| PB 0x0000000085800000| Untracked |  0
|  15|0x0000000085900000, 0x0000000085900000, 0x0000000085a00000|  0%| F|  |TAMS 0x0000000085900000| PB 0x0000000085900000| Untracked |  0
|  16|0x0000000085a00000, 0x0000000085a00000, 0x0000000085b00000|  0%| F|  |TAMS 0x0000000085a00000| PB 0x0000000085a00000| Untracked |  0
|  17|0x0000000085b00000, 0x0000000085b00000, 0x0000000085c00000|  0%| F|  |TAMS 0x0000000085b00000| PB 0x0000000085b00000| Untracked |  0
|  18|0x0000000085c00000, 0x0000000085c00000, 0x0000000085d00000|  0%| F|  |TAMS 0x0000000085c00000| PB 0x0000000085c00000| Untracked |  0
|  19|0x0000000085d00000, 0x0000000085d00000, 0x0000000085e00000|  0%| F|  |TAMS 0x0000000085d00000| PB 0x0000000085d00000| Untracked |  0
|  20|0x0000000085e00000, 0x0000000085e00000, 0x0000000085f00000|  0%| F|  |TAMS 0x0000000085e00000| PB 0x0000000085e00000| Untracked |  0
|  21|0x0000000085f00000, 0x0000000085f00000, 0x0000000086000000|  0%| F|  |TAMS 0x0000000085f00000| PB 0x0000000085f00000| Untracked |  0
|  22|0x0000000086000000, 0x0000000086000000, 0x0000000086100000|  0%| F|  |TAMS 0x0000000086000000| PB 0x0000000086000000| Untracked |  0
|  23|0x0000000086100000, 0x0000000086100000, 0x0000000086200000|  0%| F|  |TAMS 0x0000000086100000| PB 0x0000000086100000| Untracked |  0
|  24|0x0000000086200000, 0x0000000086200000, 0x0000000086300000|  0%| F|  |TAMS 0x0000000086200000| PB 0x0000000086200000| Untracked |  0
|  25|0x0000000086300000, 0x0000000086300000, 0x0000000086400000|  0%| F|  |TAMS 0x0000000086300000| PB 0x0000000086300000| Untracked |  0
|  26|0x0000000086400000, 0x0000000086400000, 0x0000000086500000|  0%| F|  |TAMS 0x0000000086400000| PB 0x0000000086400000| Untracked |  0
|  27|0x0000000086500000, 0x0000000086500000, 0x0000000086600000|  0%| F|  |TAMS 0x0000000086500000| PB 0x0000000086500000| Untracked |  0
|  28|0x0000000086600000, 0x0000000086600000, 0x0000000086700000|  0%| F|  |TAMS 0x0000000086600000| PB 0x0000000086600000| Untracked |  0
|  29|0x0000000086700000, 0x0000000086700000, 0x0000000086800000|  0%| F|  |TAMS 0x0000000086700000| PB 0x0000000086700000| Untracked |  0
|  30|0x0000000086800000, 0x0000000086800000, 0x0000000086900000|  0%| F|  |TAMS 0x0000000086800000| PB 0x0000000086800000| Untracked |  0
|  31|0x0000000086900000, 0x0000000086900000, 0x0000000086a00000|  0%| F|  |TAMS 0x0000000086900000| PB 0x0000000086900000| Untracked |  0
|  32|0x0000000086a00000, 0x0000000086a00000, 0x0000000086b00000|  0%| F|  |TAMS 0x0000000086a00000| PB 0x0000000086a00000| Untracked |  0
|  33|0x0000000086b00000, 0x0000000086b00000, 0x0000000086c00000|  0%| F|  |TAMS 0x0000000086b00000| PB 0x0000000086b00000| Untracked |  0
|  34|0x0000000086c00000, 0x0000000086c00000, 0x0000000086d00000|  0%| F|  |TAMS 0x0000000086c00000| PB 0x0000000086c00000| Untracked |  0
|  35|0x0000000086d00000, 0x0000000086d00000, 0x0000000086e00000|  0%| F|  |TAMS 0x0000000086d00000| PB 0x0000000086d00000| Untracked |  0
|  36|0x0000000086e00000, 0x0000000086e00000, 0x0000000086f00000|  0%| F|  |TAMS 0x0000000086e00000| PB 0x0000000086e00000| Untracked |  0
|  37|0x0000000086f00000, 0x0000000086f00000, 0x0000000087000000|  0%| F|  |TAMS 0x0000000086f00000| PB 0x0000000086f00000| Untracked |  0
|  38|0x0000000087000000, 0x0000000087000000, 0x0000000087100000|  0%| F|  |TAMS 0x0000000087000000| PB 0x0000000087000000| Untracked |  0
|  39|0x0000000087100000, 0x0000000087100000, 0x0000000087200000|  0%| F|  |TAMS 0x0000000087100000| PB 0x0000000087100000| Untracked |  0
|  40|0x0000000087200000, 0x0000000087200000, 0x0000000087300000|  0%| F|  |TAMS 0x0000000087200000| PB 0x0000000087200000| Untracked |  0
|  41|0x0000000087300000, 0x0000000087300000, 0x0000000087400000|  0%| F|  |TAMS 0x0000000087300000| PB 0x0000000087300000| Untracked |  0
|  42|0x0000000087400000, 0x0000000087400000, 0x0000000087500000|  0%| F|  |TAMS 0x0000000087400000| PB 0x0000000087400000| Untracked |  0
|  43|0x0000000087500000, 0x0000000087500000, 0x0000000087600000|  0%| F|  |TAMS 0x0000000087500000| PB 0x0000000087500000| Untracked |  0
|  44|0x0000000087600000, 0x0000000087600000, 0x0000000087700000|  0%| F|  |TAMS 0x0000000087600000| PB 0x0000000087600000| Untracked |  0
|  45|0x0000000087700000, 0x0000000087700000, 0x0000000087800000|  0%| F|  |TAMS 0x0000000087700000| PB 0x0000000087700000| Untracked |  0
|  46|0x0000000087800000, 0x0000000087800000, 0x0000000087900000|  0%| F|  |TAMS 0x0000000087800000| PB 0x0000000087800000| Untracked |  0
|  47|0x0000000087900000, 0x0000000087900000, 0x0000000087a00000|  0%| F|  |TAMS 0x0000000087900000| PB 0x0000000087900000| Untracked |  0
|  48|0x0000000087a00000, 0x0000000087a00000, 0x0000000087b00000|  0%| F|  |TAMS 0x0000000087a00000| PB 0x0000000087a00000| Untracked |  0
|  49|0x0000000087b00000, 0x0000000087b00000, 0x0000000087c00000|  0%| F|  |TAMS 0x0000000087b00000| PB 0x0000000087b00000| Untracked |  0
|  50|0x0000000087c00000, 0x0000000087c00000, 0x0000000087d00000|  0%| F|  |TAMS 0x0000000087c00000| PB 0x0000000087c00000| Untracked |  0
|  51|0x0000000087d00000, 0x0000000087d00000, 0x0000000087e00000|  0%| F|  |TAMS 0x0000000087d00000| PB 0x0000000087d00000| Untracked |  0
|  52|0x0000000087e00000, 0x0000000087e00000, 0x0000000087f00000|  0%| F|  |TAMS 0x0000000087e00000| PB 0x0000000087e00000| Untracked |  0
|  53|0x0000000087f00000, 0x0000000087f00000, 0x0000000088000000|  0%| F|  |TAMS 0x0000000087f00000| PB 0x0000000087f00000| Untracked |  0
|  54|0x0000000088000000, 0x0000000088000000, 0x0000000088100000|  0%| F|  |TAMS 0x0000000088000000| PB 0x0000000088000000| Untracked |  0
|  55|0x0000000088100000, 0x0000000088100000, 0x0000000088200000|  0%| F|  |TAMS 0x0000000088100000| PB 0x0000000088100000| Untracked |  0
|  56|0x0000000088200000, 0x0000000088200000, 0x0000000088300000|  0%| F|  |TAMS 0x0000000088200000| PB 0x0000000088200000| Untracked |  0
|  57|0x0000000088300000, 0x0000000088300000, 0x0000000088400000|  0%| F|  |TAMS 0x0000000088300000| PB 0x0000000088300000| Untracked |  0
|  58|0x0000000088400000, 0x0000000088400000, 0x0000000088500000|  0%| F|  |TAMS 0x0000000088400000| PB 0x0000000088400000| Untracked |  0
|  59|0x0000000088500000, 0x0000000088500000, 0x0000000088600000|  0%| F|  |TAMS 0x0000000088500000| PB 0x0000000088500000| Untracked |  0
|  60|0x0000000088600000, 0x0000000088600000, 0x0000000088700000|  0%| F|  |TAMS 0x0000000088600000| PB 0x0000000088600000| Untracked |  0
|  61|0x0000000088700000, 0x0000000088700000, 0x0000000088800000|  0%| F|  |TAMS 0x0000000088700000| PB 0x0000000088700000| Untracked |  0
|  62|0x0000000088800000, 0x0000000088800000, 0x0000000088900000|  0%| F|  |TAMS 0x0000000088800000| PB 0x0000000088800000| Untracked |  0
|  63|0x0000000088900000, 0x0000000088900000, 0x0000000088a00000|  0%| F|  |TAMS 0x0000000088900000| PB 0x0000000088900000| Untracked |  0
|  64|0x0000000088a00000, 0x0000000088a00000, 0x0000000088b00000|  0%| F|  |TAMS 0x0000000088a00000| PB 0x0000000088a00000| Untracked |  0
|  65|0x0000000088b00000, 0x0000000088b00000, 0x0000000088c00000|  0%| F|  |TAMS 0x0000000088b00000| PB 0x0000000088b00000| Untracked |  0
|  66|0x0000000088c00000, 0x0000000088c00000, 0x0000000088d00000|  0%| F|  |TAMS 0x0000000088c00000| PB 0x0000000088c00000| Untracked |  0
|  67|0x0000000088d00000, 0x0000000088d00000, 0x0000000088e00000|  0%| F|  |TAMS 0x0000000088d00000| PB 0x0000000088d00000| Untracked |  0
|  68|0x0000000088e00000, 0x0000000088e00000, 0x0000000088f00000|  0%| F|  |TAMS 0x0000000088e00000| PB 0x0000000088e00000| Untracked |  0
|  69|0x0000000088f00000, 0x0000000088f00000, 0x0000000089000000|  0%| F|  |TAMS 0x0000000088f00000| PB 0x0000000088f00000| Untracked |  0
|  70|0x0000000089000000, 0x0000000089000000, 0x0000000089100000|  0%| F|  |TAMS 0x0000000089000000| PB 0x0000000089000000| Untracked |  0
|  71|0x0000000089100000, 0x0000000089100000, 0x0000000089200000|  0%| F|  |TAMS 0x0000000089100000| PB 0x0000000089100000| Untracked |  0
|  72|0x0000000089200000, 0x0000000089200000, 0x0000000089300000|  0%| F|  |TAMS 0x0000000089200000| PB 0x0000000089200000| Untracked |  0
|  73|0x0000000089300000, 0x0000000089300000, 0x0000000089400000|  0%| F|  |TAMS 0x0000000089300000| PB 0x0000000089300000| Untracked |  0
|  74|0x0000000089400000, 0x0000000089400000, 0x0000000089500000|  0%| F|  |TAMS 0x0000000089400000| PB 0x0000000089400000| Untracked |  0
|  75|0x0000000089500000, 0x0000000089500000, 0x0000000089600000|  0%| F|  |TAMS 0x0000000089500000| PB 0x0000000089500000| Untracked |  0
|  76|0x0000000089600000, 0x0000000089600000, 0x0000000089700000|  0%| F|  |TAMS 0x0000000089600000| PB 0x0000000089600000| Untracked |  0
|  77|0x0000000089700000, 0x0000000089700000, 0x0000000089800000|  0%| F|  |TAMS 0x0000000089700000| PB 0x0000000089700000| Untracked |  0
|  78|0x0000000089800000, 0x0000000089800000, 0x0000000089900000|  0%| F|  |TAMS 0x0000000089800000| PB 0x0000000089800000| Untracked |  0
|  79|0x0000000089900000, 0x0000000089900000, 0x0000000089a00000|  0%| F|  |TAMS 0x0000000089900000| PB 0x0000000089900000| Untracked |  0
|  80|0x0000000089a00000, 0x0000000089a00000, 0x0000000089b00000|  0%| F|  |TAMS 0x0000000089a00000| PB 0x0000000089a00000| Untracked |  0
|  81|0x0000000089b00000, 0x0000000089b00000, 0x0000000089c00000|  0%| F|  |TAMS 0x0000000089b00000| PB 0x0000000089b00000| Untracked |  0
|  82|0x0000000089c00000, 0x0000000089c00000, 0x0000000089d00000|  0%| F|  |TAMS 0x0000000089c00000| PB 0x0000000089c00000| Untracked |  0
|  83|0x0000000089d00000, 0x0000000089d00000, 0x0000000089e00000|  0%| F|  |TAMS 0x0000000089d00000| PB 0x0000000089d00000| Untracked |  0
|  84|0x0000000089e00000, 0x0000000089e00000, 0x0000000089f00000|  0%| F|  |TAMS 0x0000000089e00000| PB 0x0000000089e00000| Untracked |  0
|  85|0x0000000089f00000, 0x0000000089f00000, 0x000000008a000000|  0%| F|  |TAMS 0x0000000089f00000| PB 0x0000000089f00000| Untracked |  0
|  86|0x000000008a000000, 0x000000008a000000, 0x000000008a100000|  0%| F|  |TAMS 0x000000008a000000| PB 0x000000008a000000| Untracked |  0
|  87|0x000000008a100000, 0x000000008a100000, 0x000000008a200000|  0%| F|  |TAMS 0x000000008a100000| PB 0x000000008a100000| Untracked |  0
|  88|0x000000008a200000, 0x000000008a200000, 0x000000008a300000|  0%| F|  |TAMS 0x000000008a200000| PB 0x000000008a200000| Untracked |  0
|  89|0x000000008a300000, 0x000000008a300000, 0x000000008a400000|  0%| F|  |TAMS 0x000000008a300000| PB 0x000000008a300000| Untracked |  0
|  90|0x000000008a400000, 0x000000008a400000, 0x000000008a500000|  0%| F|  |TAMS 0x000000008a400000| PB 0x000000008a400000| Untracked |  0
|  91|0x000000008a500000, 0x000000008a500000, 0x000000008a600000|  0%| F|  |TAMS 0x000000008a500000| PB 0x000000008a500000| Untracked |  0
|  92|0x000000008a600000, 0x000000008a600000, 0x000000008a700000|  0%| F|  |TAMS 0x000000008a600000| PB 0x000000008a600000| Untracked |  0
|  93|0x000000008a700000, 0x000000008a700000, 0x000000008a800000|  0%| F|  |TAMS 0x000000008a700000| PB 0x000000008a700000| Untracked |  0
|  94|0x000000008a800000, 0x000000008a800000, 0x000000008a900000|  0%| F|  |TAMS 0x000000008a800000| PB 0x000000008a800000| Untracked |  0
|  95|0x000000008a900000, 0x000000008aa00000, 0x000000008aa00000|100%| E|  |TAMS 0x000000008a900000| PB 0x000000008a900000| Complete |  0
|  96|0x000000008aa00000, 0x000000008ab00000, 0x000000008ab00000|100%| E|CS|TAMS 0x000000008aa00000| PB 0x000000008aa00000| Complete |  0
|  97|0x000000008ab00000, 0x000000008ac00000, 0x000000008ac00000|100%| E|CS|TAMS 0x000000008ab00000| PB 0x000000008ab00000| Complete |  0
|  98|0x000000008ac00000, 0x000000008ad00000, 0x000000008ad00000|100%| E|CS|TAMS 0x000000008ac00000| PB 0x000000008ac00000| Complete |  0
|  99|0x000000008ad00000, 0x000000008ae00000, 0x000000008ae00000|100%| E|CS|TAMS 0x000000008ad00000| PB 0x000000008ad00000| Complete |  0
| 100|0x000000008ae00000, 0x000000008af00000, 0x000000008af00000|100%| E|CS|TAMS 0x000000008ae00000| PB 0x000000008ae00000| Complete |  0
| 101|0x000000008af00000, 0x000000008b000000, 0x000000008b000000|100%| E|CS|TAMS 0x000000008af00000| PB 0x000000008af00000| Complete |  0
| 102|0x000000008b000000, 0x000000008b100000, 0x000000008b100000|100%| E|CS|TAMS 0x000000008b000000| PB 0x000000008b000000| Complete |  0
| 103|0x000000008b100000, 0x000000008b200000, 0x000000008b200000|100%| E|CS|TAMS 0x000000008b100000| PB 0x000000008b100000| Complete |  0
| 104|0x000000008b200000, 0x000000008b300000, 0x000000008b300000|100%| E|CS|TAMS 0x000000008b200000| PB 0x000000008b200000| Complete |  0
| 105|0x000000008b300000, 0x000000008b400000, 0x000000008b400000|100%| E|CS|TAMS 0x000000008b300000| PB 0x000000008b300000| Complete |  0
| 106|0x000000008b400000, 0x000000008b500000, 0x000000008b500000|100%| E|CS|TAMS 0x000000008b400000| PB 0x000000008b400000| Complete |  0
| 107|0x000000008b500000, 0x000000008b600000, 0x000000008b600000|100%| E|CS|TAMS 0x000000008b500000| PB 0x000000008b500000| Complete |  0
| 108|0x000000008b600000, 0x000000008b700000, 0x000000008b700000|100%| E|CS|TAMS 0x000000008b600000| PB 0x000000008b600000| Complete |  0
| 109|0x000000008b700000, 0x000000008b800000, 0x000000008b800000|100%| E|CS|TAMS 0x000000008b700000| PB 0x000000008b700000| Complete |  0
| 110|0x000000008b800000, 0x000000008b900000, 0x000000008b900000|100%| E|CS|TAMS 0x000000008b800000| PB 0x000000008b800000| Complete |  0
| 111|0x000000008b900000, 0x000000008ba00000, 0x000000008ba00000|100%| E|CS|TAMS 0x000000008b900000| PB 0x000000008b900000| Complete |  0
| 112|0x000000008ba00000, 0x000000008bb00000, 0x000000008bb00000|100%| E|CS|TAMS 0x000000008ba00000| PB 0x000000008ba00000| Complete |  0
| 113|0x000000008bb00000, 0x000000008bc00000, 0x000000008bc00000|100%| E|CS|TAMS 0x000000008bb00000| PB 0x000000008bb00000| Complete |  0
| 114|0x000000008bc00000, 0x000000008bd00000, 0x000000008bd00000|100%| E|CS|TAMS 0x000000008bc00000| PB 0x000000008bc00000| Complete |  0
| 115|0x000000008bd00000, 0x000000008be00000, 0x000000008be00000|100%| E|CS|TAMS 0x000000008bd00000| PB 0x000000008bd00000| Complete |  0
| 116|0x000000008be00000, 0x000000008bf00000, 0x000000008bf00000|100%| E|CS|TAMS 0x000000008be00000| PB 0x000000008be00000| Complete |  0
| 117|0x000000008bf00000, 0x000000008c000000, 0x000000008c000000|100%| E|CS|TAMS 0x000000008bf00000| PB 0x000000008bf00000| Complete |  0
| 118|0x000000008c000000, 0x000000008c100000, 0x000000008c100000|100%| E|CS|TAMS 0x000000008c000000| PB 0x000000008c000000| Complete |  0
| 119|0x000000008c100000, 0x000000008c200000, 0x000000008c200000|100%| E|CS|TAMS 0x000000008c100000| PB 0x000000008c100000| Complete |  0
| 120|0x000000008c200000, 0x000000008c300000, 0x000000008c300000|100%| E|CS|TAMS 0x000000008c200000| PB 0x000000008c200000| Complete |  0
| 121|0x000000008c300000, 0x000000008c400000, 0x000000008c400000|100%| E|CS|TAMS 0x000000008c300000| PB 0x000000008c300000| Complete |  0
| 122|0x000000008c400000, 0x000000008c500000, 0x000000008c500000|100%| E|CS|TAMS 0x000000008c400000| PB 0x000000008c400000| Complete |  0
| 123|0x000000008c500000, 0x000000008c600000, 0x000000008c600000|100%| E|CS|TAMS 0x000000008c500000| PB 0x000000008c500000| Complete |  0
|1972|0x00000000ffe00000, 0x00000000fff00000, 0x00000000fff00000|100%| O|  |TAMS 0x00000000ffe00000| PB 0x00000000ffe00000| Untracked |  0
|1973|0x00000000fff00000, 0x00000000fff1c2f8, 0x0000000100000000| 11%| O|  |TAMS 0x00000000fff00000| PB 0x00000000fff00000| Untracked |  0

Card table byte_map: [0x000002109bff0000,0x000002109c3d0000] _byte_map_base: 0x000002109bbcb000

Marking Bits: (CMBitMap*) 0x00000210838d2ac0
 Bits: [0x000002109c3d0000, 0x000002109e2a8000)

Polling page: 0x0000021081750000

Metaspace:

Usage:
  Non-class:     14.42 MB used.
      Class:      1.42 MB used.
       Both:     15.84 MB used.

Virtual space:
  Non-class space:       64.00 MB reserved,      14.56 MB ( 23%) committed,  1 nodes.
      Class space:        1.00 GB reserved,       1.50 MB ( <1%) committed,  1 nodes.
             Both:        1.06 GB reserved,      16.06 MB (  1%) committed. 

Chunk freelists:
   Non-Class:  1.39 MB
       Class:  14.52 MB
        Both:  15.91 MB

MaxMetaspaceSize: unlimited
CompressedClassSpaceSize: 1.00 GB
Initial GC threshold: 21.00 MB
Current GC threshold: 21.00 MB
CDS: on
 - commit_granule_bytes: 65536.
 - commit_granule_words: 8192.
 - virtual_space_node_default_size: 8388608.
 - enlarge_chunks_in_place: 1.
UseCompressedClassPointers 1, UseCompactObjectHeaders 0
Narrow klass pointer bits 32, Max shift 3
Narrow klass base: 0x00000210a2000000, Narrow klass shift: 0
Encoding Range: [0x00000210a2000000 - 0x00000211a2000000), (4294967296 bytes)
Klass Range:    [0x00000210a2000000 - 0x00000210e3000000), (1090519040 bytes)
Klass ID Range:  [8 - 1090519033) (1090519025)


Internal statistics:

num_allocs_failed_limit: 0.
num_arena_births: 154.
num_arena_deaths: 0.
num_vsnodes_births: 2.
num_vsnodes_deaths: 0.
num_space_committed: 257.
num_space_uncommitted: 0.
num_chunks_returned_to_freelist: 0.
num_chunks_taken_from_freelist: 331.
num_chunk_merges: 0.
num_chunk_splits: 205.
num_chunks_enlarged: 122.
num_inconsistent_stats: 0.

CodeHeap 'non-profiled nmethods': size=119232Kb used=566Kb max_used=566Kb free=118665Kb
 bounds [0x0000021093f10000, 0x0000021094180000, 0x000002109b380000]
CodeHeap 'profiled nmethods': size=119104Kb used=3273Kb max_used=3273Kb free=115830Kb
 bounds [0x000002108c380000, 0x000002108c6c0000, 0x00000210937d0000]
CodeHeap 'non-nmethods': size=7424Kb used=3269Kb max_used=3284Kb free=4154Kb
 bounds [0x00000210937d0000, 0x0000021093b10000, 0x0000021093f10000]
CodeCache: size=245760Kb, used=7108Kb, max_used=7123Kb, free=238649Kb
 total_blobs=2874, nmethods=2137, adapters=637, full_count=0
Compilation: enabled, stopped_count=0, restarted_count=0

Compilation events (20 events):
Event: 3.683 Thread 0x00000210a1334f80 nmethod 2073 0x000002108c68ed88 code [0x000002108c68eea0, 0x000002108c68f0b0]
Event: 3.683 Thread 0x00000210a1334f80 2074       3       sun.util.locale.provider.LocaleProviderAdapter::lambda$toLocaleArray$0 (135 bytes)
Event: 3.683 Thread 0x00000210a1338300 nmethod 2075 0x000002108c68f108 code [0x000002108c68f280, 0x000002108c68fa40]
Event: 3.683 Thread 0x00000210a1334f80 nmethod 2074 0x000002108c68fa88 code [0x000002108c68fc40, 0x000002108c6904c0]
Event: 3.683 Thread 0x00000210a1337b70 nmethod 2066 0x000002108c690508 code [0x000002108c6906e0, 0x000002108c691230]
Event: 3.683 Thread 0x00000210a1334f80 2077       3       sun.util.locale.LanguageTag::isRegion (36 bytes)
Event: 3.683 Thread 0x00000210a1255a90 nmethod 2070 0x000002108c691288 code [0x000002108c6915e0, 0x000002108c6933e0]
Event: 3.684 Thread 0x00000210a1334f80 nmethod 2077 0x000002108c693508 code [0x000002108c693780, 0x000002108c694fe0]
Event: 3.684 Thread 0x00000210a1255a90 2081       3       java.util.Locale::equals (75 bytes)
Event: 3.684 Thread 0x00000210a1337b70 2080       3       sun.util.locale.LocaleUtils::caseIgnoreMatch (73 bytes)
Event: 3.684 Thread 0x00000210a1334f80 2083       3       java.util.Locale::hasExtensions (13 bytes)
Event: 3.684 Thread 0x00000210a1338300 2082       3       sun.util.locale.BaseLocale::equals (83 bytes)
Event: 3.684 Thread 0x00000210a1334f80 nmethod 2083 0x000002108c695088 code [0x000002108c6951a0, 0x000002108c6952f8]
Event: 3.684 Thread 0x00000210a1334f80 2084       3       java.util.Locale::stripExtensions (20 bytes)
Event: 3.684 Thread 0x00000210a1255a90 nmethod 2081 0x000002108c695388 code [0x000002108c695500, 0x000002108c695c28]
Event: 3.684 Thread 0x00000210a1338300 nmethod 2082 0x000002108c695c88 code [0x000002108c695e00, 0x000002108c6963c0]
Event: 3.684 Thread 0x00000210a1334f80 nmethod 2084 0x000002108c696408 code [0x000002108c696540, 0x000002108c696820]
Event: 3.685 Thread 0x00000210a1337b70 nmethod 2080 0x000002108c696888 code [0x000002108c696ae0, 0x000002108c697f80]
Event: 3.687 Thread 0x00000210a1dcd7c0 nmethod 2002 0x0000021093f9ab88 code [0x0000021093f9ace0, 0x0000021093f9b1c8]
Event: 3.687 Thread 0x00000210a1dcd7c0 2078       4       sun.util.locale.BaseLocale::hashCode (169 bytes)

GC Heap History (0 events):
No events

Dll operation events (11 events):
Event: 0.004 Loaded shared library C:\Program Files\Apache NetBeans\jdk\bin\java.dll
Event: 0.023 Loaded shared library C:\Program Files\Apache NetBeans\jdk\bin\jsvml.dll
Event: 0.042 Loaded shared library C:\Program Files\Apache NetBeans\jdk\bin\net.dll
Event: 0.042 Loaded shared library C:\Program Files\Apache NetBeans\jdk\bin\nio.dll
Event: 0.055 Loaded shared library C:\Program Files\Apache NetBeans\jdk\bin\zip.dll
Event: 0.062 Loaded shared library C:\Program Files\Apache NetBeans\jdk\bin\jimage.dll
Event: 0.067 Loaded shared library C:\Program Files\Apache NetBeans\jdk\bin\awt.dll
Event: 0.164 Loaded shared library C:\Program Files\Apache NetBeans\jdk\bin\freetype.dll
Event: 0.164 Loaded shared library C:\Program Files\Apache NetBeans\jdk\bin\fontmanager.dll
Event: 3.440 Loaded shared library C:\Program Files\Apache NetBeans\jdk\bin\extnet.dll
Event: 3.558 Loaded shared library C:\Program Files\Apache NetBeans\jdk\bin\sunmscapi.dll

Deoptimization events (20 events):
Event: 3.605 Thread 0x00000210a1cb7760 DEOPT PACKING pc=0x000002108c5e660e sp=0x000000dcfd0fc360
Event: 3.605 Thread 0x00000210a1cb7760 DEOPT UNPACKING pc=0x0000021093825722 sp=0x000000dcfd0fb788 mode 0
Event: 3.605 Thread 0x00000210a1cb7760 DEOPT PACKING pc=0x000002108c5e660e sp=0x000000dcfd0fc360
Event: 3.605 Thread 0x00000210a1cb7760 DEOPT UNPACKING pc=0x0000021093825722 sp=0x000000dcfd0fb788 mode 0
Event: 3.606 Thread 0x00000210a1cb7760 DEOPT PACKING pc=0x000002108c5e660e sp=0x000000dcfd0fc360
Event: 3.606 Thread 0x00000210a1cb7760 DEOPT UNPACKING pc=0x0000021093825722 sp=0x000000dcfd0fb788 mode 0
Event: 3.621 Thread 0x00000210a1cb7760 Uncommon trap: trap_request=0xffffff66 fr.pc=0x0000021093f8bc2c relative=0x00000000000001ec
Event: 3.621 Thread 0x00000210a1cb7760 Uncommon trap: reason=speculate_class_check action=maybe_recompile pc=0x0000021093f8bc2c method=sun.security.util.math.intpoly.IntegerPolynomial.multByInt([JJ)V @ 26 c2
Event: 3.621 Thread 0x00000210a1cb7760 DEOPT PACKING pc=0x0000021093f8bc2c sp=0x000000dcfd0fd3d0
Event: 3.621 Thread 0x00000210a1cb7760 DEOPT UNPACKING pc=0x00000210938e9902 sp=0x000000dcfd0fd2e0 mode 2
Event: 3.646 Thread 0x00000210a1cb7760 Uncommon trap: trap_request=0xffffff4d fr.pc=0x0000021093f55d6c relative=0x00000000000000cc
Event: 3.646 Thread 0x00000210a1cb7760 Uncommon trap: reason=unstable_if action=reinterpret pc=0x0000021093f55d6c method=jdk.internal.classfile.impl.RawBytecodeHelper.next()Z @ 46 c2
Event: 3.646 Thread 0x00000210a1cb7760 DEOPT PACKING pc=0x0000021093f55d6c sp=0x000000dcfd0fbb40
Event: 3.646 Thread 0x00000210a1cb7760 DEOPT UNPACKING pc=0x00000210938e9902 sp=0x000000dcfd0fbac8 mode 2
Event: 3.646 Thread 0x00000210a1cb7760 DEOPT PACKING pc=0x000002108c4ef4bc sp=0x000000dcfd0fc0b0
Event: 3.646 Thread 0x00000210a1cb7760 DEOPT UNPACKING pc=0x0000021093825722 sp=0x000000dcfd0fb5a8 mode 0
Event: 3.665 Thread 0x00000210a1cb7760 Uncommon trap: trap_request=0xffffff6e fr.pc=0x0000021093f949e8 relative=0x0000000000000448
Event: 3.665 Thread 0x00000210a1cb7760 Uncommon trap: reason=loop_limit_check action=maybe_recompile pc=0x0000021093f949e8 method=java.lang.StringLatin1.indexOf([BI[BII)I @ 37 c2
Event: 3.665 Thread 0x00000210a1cb7760 DEOPT PACKING pc=0x0000021093f949e8 sp=0x000000dcfd0fe3b0
Event: 3.665 Thread 0x00000210a1cb7760 DEOPT UNPACKING pc=0x00000210938e9902 sp=0x000000dcfd0fe310 mode 2

Classes loaded (20 events):
Event: 3.643 Loading class java/lang/ClassValue done
Event: 3.643 Loading class java/lang/invoke/MethodHandleImpl$ArrayAccessor$1 done
Event: 3.643 Loading class java/lang/ClassValue$Entry
Event: 3.643 Loading class java/lang/ClassValue$Entry done
Event: 3.643 Loading class java/lang/ClassValue$Identity
Event: 3.643 Loading class java/lang/ClassValue$Identity done
Event: 3.643 Loading class java/lang/ClassValue$Version
Event: 3.643 Loading class java/lang/ClassValue$Version done
Event: 3.643 Loading class java/lang/ClassValue$ClassValueMap
Event: 3.643 Loading class java/lang/ClassValue$ClassValueMap done
Event: 3.644 Loading class java/lang/invoke/MethodHandleImpl$ArrayAccess
Event: 3.644 Loading class java/lang/invoke/MethodHandleImpl$ArrayAccess done
Event: 3.663 Loading class java/util/TimerTask
Event: 3.663 Loading class java/util/TimerTask done
Event: 3.665 Loading class java/util/NoSuchElementException
Event: 3.665 Loading class java/util/NoSuchElementException done
Event: 3.686 Loading class java/time/format/DateTimeParseException
Event: 3.686 Loading class java/time/DateTimeException
Event: 3.686 Loading class java/time/DateTimeException done
Event: 3.686 Loading class java/time/format/DateTimeParseException done

Classes unloaded (0 events):
No events

Classes redefined (0 events):
No events

Internal exceptions (20 events):
Event: 0.169 Thread 0x000002108147eea0 Exception <a 'java/lang/NoSuchMethodError'{0x000000008bc904b0}: 'java.lang.Object java.lang.invoke.DirectMethodHandle$Holder.invokeInterface(java.lang.Object, java.lang.Object, long, long)'> (0x000000008bc904b0) 
thrown [s\src\hotspot\share\interpreter\linkResolver.cpp, line 805]
Event: 0.170 Thread 0x000002108147eea0 Exception <a 'java/lang/NoSuchMethodError'{0x000000008bca8d88}: 'void java.lang.invoke.DirectMethodHandle$Holder.invokeStaticInit(java.lang.Object, java.lang.Object, long, java.lang.Object)'> (0x000000008bca8d88) 
thrown [s\src\hotspot\share\interpreter\linkResolver.cpp, line 805]
Event: 0.170 Thread 0x000002108147eea0 Exception <a 'java/lang/NoSuchMethodError'{0x000000008bcb1970}: 'long java.lang.invoke.DirectMethodHandle$Holder.invokeStatic(java.lang.Object, long, long)'> (0x000000008bcb1970) 
thrown [s\src\hotspot\share\interpreter\linkResolver.cpp, line 805]
Event: 0.172 Thread 0x000002108147eea0 Exception <a 'java/lang/NoSuchMethodError'{0x000000008bcda868}: 'java.lang.Object java.lang.invoke.DirectMethodHandle$Holder.newInvokeSpecial(java.lang.Object, int, java.lang.Object)'> (0x000000008bcda868) 
thrown [s\src\hotspot\share\interpreter\linkResolver.cpp, line 805]
Event: 0.174 Thread 0x000002108147eea0 Exception <a 'java/io/FileNotFoundException'{0x000000008bb0d558}> (0x000000008bb0d558) 
thrown [s\src\hotspot\share\prims\jni.cpp, line 518]
Event: 0.191 Thread 0x000002108147eea0 Exception <a 'java/lang/NoSuchMethodError'{0x000000008bb65b30}: 'void java.lang.invoke.DelegatingMethodHandle$Holder.reinvoke_L(java.lang.Object, java.lang.Object, java.lang.Object, java.lang.Object, long, long, float)'> (0x000000008bb65b30) 
thrown [s\src\hotspot\share\interpreter\linkResolver.cpp, line 805]
Event: 0.192 Thread 0x000002108147eea0 Exception <a 'java/lang/NoSuchMethodError'{0x000000008bb86118}: 'java.lang.Object java.lang.invoke.DirectMethodHandle$Holder.invokeStatic(java.lang.Object, java.lang.Object, java.lang.Object, java.lang.Object, java.lang.Object, long)'> (0x000000008bb86118) 
thrown [s\src\hotspot\share\interpreter\linkResolver.cpp, line 805]
Event: 0.195 Thread 0x000002108147eea0 Exception <a 'java/lang/NoSuchMethodError'{0x000000008bbc98f0}: 'float java.lang.invoke.DelegatingMethodHandle$Holder.reinvoke_L(java.lang.Object, java.lang.Object, java.lang.Object, java.lang.Object, long, long)'> (0x000000008bbc98f0) 
thrown [s\src\hotspot\share\interpreter\linkResolver.cpp, line 805]
Event: 3.352 Thread 0x00000210a1cb7760 Exception <a 'java/lang/NoSuchMethodError'{0x000000008bc71a98}: 'void java.lang.invoke.DirectMethodHandle$Holder.invokeStatic(java.lang.Object, java.lang.Object)'> (0x000000008bc71a98) 
thrown [s\src\hotspot\share\interpreter\linkResolver.cpp, line 805]
Event: 3.371 Thread 0x00000210a1cb7760 Exception <a 'java/lang/NoSuchMethodError'{0x000000008b8a36f8}: 'java.lang.Object java.lang.invoke.DirectMethodHandle$Holder.invokeInterface(java.lang.Object, java.lang.Object)'> (0x000000008b8a36f8) 
thrown [s\src\hotspot\share\interpreter\linkResolver.cpp, line 805]
Event: 3.392 Thread 0x00000210a1cb7760 Exception <a 'java/lang/NoSuchMethodError'{0x000000008b54a6f8}: 'void java.lang.invoke.DirectMethodHandle$Holder.invokeStatic(java.lang.Object, java.lang.Object, java.lang.Object)'> (0x000000008b54a6f8) 
thrown [s\src\hotspot\share\interpreter\linkResolver.cpp, line 805]
Event: 3.393 Thread 0x00000210a1cb7760 Exception <a 'java/lang/NoSuchMethodError'{0x000000008b562378}: 'java.lang.Object java.lang.invoke.DirectMethodHandle$Holder.invokeVirtual(java.lang.Object, java.lang.Object, java.lang.Object)'> (0x000000008b562378) 
thrown [s\src\hotspot\share\interpreter\linkResolver.cpp, line 805]
Event: 3.473 Thread 0x00000210a1cb7760 Exception <a 'java/lang/NoSuchMethodError'{0x000000008b045678}: 'void java.lang.invoke.DirectMethodHandle$Holder.invokeStaticInit(java.lang.Object, java.lang.Object)'> (0x000000008b045678) 
thrown [s\src\hotspot\share\interpreter\linkResolver.cpp, line 805]
Event: 3.509 Thread 0x00000210a1cb7760 Exception <a 'sun/nio/fs/WindowsException'{0x000000008af96d80}> (0x000000008af96d80) 
thrown [s\src\hotspot\share\prims\jni.cpp, line 518]
Event: 3.527 Thread 0x00000210a1cb7760 Exception <a 'java/lang/NoSuchMethodError'{0x000000008ae401b8}: 'java.lang.Object java.lang.invoke.DirectMethodHandle$Holder.invokeStaticInit(java.lang.Object, int, int, int, int)'> (0x000000008ae401b8) 
thrown [s\src\hotspot\share\interpreter\linkResolver.cpp, line 805]
Event: 3.548 Thread 0x00000210a1cb7760 Exception <a 'java/lang/NoSuchMethodError'{0x000000008ad146c0}: 'java.lang.Object java.lang.invoke.DirectMethodHandle$Holder.invokeStaticInit(java.lang.Object, java.lang.Object, int, int, int, int)'> (0x000000008ad146c0) 
thrown [s\src\hotspot\share\interpreter\linkResolver.cpp, line 805]
Event: 3.642 Thread 0x00000210a1cb7760 Exception <a 'java/lang/NoSuchMethodError'{0x000000008acd4368}: 'java.lang.Object java.lang.invoke.Invokers$Holder.invoke_MT(java.lang.Object, java.lang.Object, java.lang.Object, java.lang.Object, java.lang.Object, java.lang.Object)'> (0x000000008acd4368) 
thrown [s\src\hotspot\share\interpreter\linkResolver.cpp, line 805]
Event: 3.642 Thread 0x00000210a1cb7760 Exception <a 'java/lang/NoSuchMethodError'{0x000000008acdd2e8}: 'java.lang.Object java.lang.invoke.DirectMethodHandle$Holder.invokeStatic(java.lang.Object, java.lang.Object, int)'> (0x000000008acdd2e8) 
thrown [s\src\hotspot\share\interpreter\linkResolver.cpp, line 805]
Event: 3.644 Thread 0x00000210a1cb7760 Exception <a 'java/lang/NoSuchMethodError'{0x000000008acfebf8}: 'void java.lang.invoke.DelegatingMethodHandle$Holder.delegate(java.lang.Object, java.lang.Object, int, java.lang.Object)'> (0x000000008acfebf8) 
thrown [s\src\hotspot\share\interpreter\linkResolver.cpp, line 805]
Event: 3.644 Thread 0x00000210a1cb7760 Exception <a 'java/lang/NoSuchMethodError'{0x000000008ab082a8}: 'int java.lang.invoke.DirectMethodHandle$Holder.invokeSpecial(java.lang.Object, java.lang.Object, java.lang.Object)'> (0x000000008ab082a8) 
thrown [s\src\hotspot\share\interpreter\linkResolver.cpp, line 805]

VM Operations (20 events):
Event: 0.145 Executing VM operation: HandshakeAllThreads (Deoptimize)
Event: 0.145 Executing VM operation: HandshakeAllThreads (Deoptimize) done
Event: 0.186 Executing VM operation: HandshakeAllThreads (Deoptimize)
Event: 0.186 Executing VM operation: HandshakeAllThreads (Deoptimize) done
Event: 3.347 Executing VM operation: HandshakeAllThreads (Deoptimize)
Event: 3.347 Executing VM operation: HandshakeAllThreads (Deoptimize) done
Event: 3.358 Executing VM operation: HandshakeAllThreads (Deoptimize)
Event: 3.358 Executing VM operation: HandshakeAllThreads (Deoptimize) done
Event: 3.435 Executing VM operation: HandshakeAllThreads (Deoptimize)
Event: 3.435 Executing VM operation: HandshakeAllThreads (Deoptimize) done
Event: 3.462 Executing VM operation: HandshakeAllThreads (Deoptimize)
Event: 3.462 Executing VM operation: HandshakeAllThreads (Deoptimize) done
Event: 3.634 Executing VM operation: HandshakeAllThreads (Deoptimize)
Event: 3.634 Executing VM operation: HandshakeAllThreads (Deoptimize) done
Event: 3.643 Executing VM operation: HandshakeAllThreads (Deoptimize)
Event: 3.643 Executing VM operation: HandshakeAllThreads (Deoptimize) done
Event: 3.646 Executing VM operation: HandshakeAllThreads (Deoptimize)
Event: 3.646 Executing VM operation: HandshakeAllThreads (Deoptimize) done
Event: 3.647 Executing VM operation: HandshakeAllThreads (Deoptimize)
Event: 3.647 Executing VM operation: HandshakeAllThreads (Deoptimize) done

Memory protections (0 events):
No events

Nmethod flushes (0 events):
No events

Events (20 events):
Event: 0.021 Thread 0x000002108147eea0 Thread added: 0x00000210a124cba0
Event: 0.021 Thread 0x000002108147eea0 Thread added: 0x00000210a124f6e0
Event: 0.021 Thread 0x000002108147eea0 Thread added: 0x00000210a1253270
Event: 0.021 Thread 0x000002108147eea0 Thread added: 0x00000210a12540d0
Event: 0.021 Thread 0x000002108147eea0 Thread added: 0x00000210a1255a90
Event: 0.041 Thread 0x000002108147eea0 Thread added: 0x00000210a1326f60
Event: 0.045 Thread 0x00000210a1255a90 Thread added: 0x00000210a1334f80
Event: 0.045 Thread 0x00000210a1255a90 Thread added: 0x00000210a1337b70
Event: 0.046 Thread 0x00000210a1255a90 Thread added: 0x00000210a1338300
Event: 0.049 Thread 0x00000210a1334f80 Thread added: 0x00000210a13e64b0
Event: 0.051 Thread 0x000002108147eea0 Thread added: 0x00000210a1499820
Event: 0.092 Thread 0x000002108147eea0 Thread added: 0x00000210a1b22a00
Event: 0.092 Thread 0x000002108147eea0 Thread added: 0x00000210a18c5ed0
Event: 0.092 Thread 0x000002108147eea0 Thread added: 0x00000210a18c7630
Event: 0.153 Thread 0x00000210a18c7630 Thread added: 0x00000210a1cb7760
Event: 0.214 Thread 0x000002108147eea0 Thread exited: 0x000002108147eea0
Event: 0.214 Thread 0x000002108147eea0 Thread added: 0x000002108147eea0
Event: 0.670 Thread 0x00000210a13e64b0 Thread exited: 0x00000210a13e64b0
Event: 3.353 Thread 0x00000210a1cb7760 Thread added: 0x00000210a1d86ec0
Event: 3.378 Thread 0x00000210a1255a90 Thread added: 0x00000210a1dcd7c0


Dynamic libraries:
0x00007ff614ae0000 - 0x00007ff614aee000 	C:\Program Files\Apache NetBeans\jdk\bin\java.exe
0x00007ffdf0b50000 - 0x00007ffdf0d67000 	C:\Windows\SYSTEM32\ntdll.dll
0x00007ffdefdf0000 - 0x00007ffdefeb4000 	C:\Windows\System32\KERNEL32.DLL
0x00007ffdee2b0000 - 0x00007ffdee66a000 	C:\Windows\System32\KERNELBASE.dll
0x00007ffdede90000 - 0x00007ffdedfa1000 	C:\Windows\System32\ucrtbase.dll
0x00007ffde5ff0000 - 0x00007ffde600e000 	C:\Program Files\Apache NetBeans\jdk\bin\VCRUNTIME140.dll
0x00007ffdd8a10000 - 0x00007ffdd8a26000 	C:\Program Files\Apache NetBeans\jdk\bin\jli.dll
0x00007ffdee8d0000 - 0x00007ffdeea7e000 	C:\Windows\System32\USER32.dll
0x00007ffdee280000 - 0x00007ffdee2a6000 	C:\Windows\System32\win32u.dll
0x00007ffded080000 - 0x00007ffded312000 	C:\Windows\WinSxS\amd64_microsoft.windows.common-controls_6595b64144ccf1df_6.0.22621.4541_none_2710d1c57384c085\COMCTL32.dll
0x00007ffdefd60000 - 0x00007ffdefd89000 	C:\Windows\System32\GDI32.dll
0x00007ffdf0980000 - 0x00007ffdf0a27000 	C:\Windows\System32\msvcrt.dll
0x00007ffdee670000 - 0x00007ffdee78b000 	C:\Windows\System32\gdi32full.dll
0x00007ffdee1e0000 - 0x00007ffdee27a000 	C:\Windows\System32\msvcp_win.dll
0x00007ffdeff80000 - 0x00007ffdeffb1000 	C:\Windows\System32\IMM32.DLL
0x00007ffded670000 - 0x00007ffded67c000 	C:\Program Files\Apache NetBeans\jdk\bin\vcruntime140_1.dll
0x00007ffdceb40000 - 0x00007ffdcebcd000 	C:\Program Files\Apache NetBeans\jdk\bin\msvcp140.dll
0x00007ffda1f00000 - 0x00007ffda2d7c000 	C:\Program Files\Apache NetBeans\jdk\bin\server\jvm.dll
0x00007ffdefec0000 - 0x00007ffdeff72000 	C:\Windows\System32\ADVAPI32.dll
0x00007ffdef410000 - 0x00007ffdef4b7000 	C:\Windows\System32\sechost.dll
0x00007ffdee810000 - 0x00007ffdee838000 	C:\Windows\System32\bcrypt.dll
0x00007ffdef240000 - 0x00007ffdef354000 	C:\Windows\System32\RPCRT4.dll
0x00007ffdee840000 - 0x00007ffdee8b1000 	C:\Windows\System32\WS2_32.dll
0x00007ffded720000 - 0x00007ffded76d000 	C:\Windows\SYSTEM32\POWRPROF.dll
0x00007ffde5680000 - 0x00007ffde56b4000 	C:\Windows\SYSTEM32\WINMM.dll
0x00007ffde5910000 - 0x00007ffde591a000 	C:\Windows\SYSTEM32\VERSION.dll
0x00007ffded450000 - 0x00007ffded463000 	C:\Windows\SYSTEM32\UMPDC.dll
0x00007ffdec5f0000 - 0x00007ffdec608000 	C:\Windows\SYSTEM32\kernel.appcore.dll
0x00007ffde4e00000 - 0x00007ffde4e0a000 	C:\Program Files\Apache NetBeans\jdk\bin\jimage.dll
0x00007ffded770000 - 0x00007ffded9a2000 	C:\Windows\SYSTEM32\DBGHELP.DLL
0x00007ffdf0090000 - 0x00007ffdf0421000 	C:\Windows\System32\combase.dll
0x00007ffdf0a30000 - 0x00007ffdf0b07000 	C:\Windows\System32\OLEAUT32.dll
0x00007ffded610000 - 0x00007ffded642000 	C:\Windows\SYSTEM32\dbgcore.DLL
0x00007ffdee790000 - 0x00007ffdee80b000 	C:\Windows\System32\bcryptPrimitives.dll
0x00007ffde5f50000 - 0x00007ffde5f6e000 	C:\Program Files\Apache NetBeans\jdk\bin\java.dll
0x00007ffdeef80000 - 0x00007ffdef125000 	C:\Windows\System32\ole32.dll
0x00007ffdef4c0000 - 0x00007ffdefd39000 	C:\Windows\System32\SHELL32.dll
0x00007ffdeb350000 - 0x00007ffdebc59000 	C:\Windows\SYSTEM32\windows.storage.dll
0x00007ffdeb210000 - 0x00007ffdeb34f000 	C:\Windows\SYSTEM32\wintypes.dll
0x00007ffdf0430000 - 0x00007ffdf052a000 	C:\Windows\System32\SHCORE.dll
0x00007ffdeef10000 - 0x00007ffdeef6e000 	C:\Windows\System32\shlwapi.dll
0x00007ffdedd40000 - 0x00007ffdedd6b000 	C:\Windows\SYSTEM32\profapi.dll
0x00007ffdd66c0000 - 0x00007ffdd6797000 	C:\Program Files\Apache NetBeans\jdk\bin\jsvml.dll
0x00007ffde4de0000 - 0x00007ffde4df0000 	C:\Program Files\Apache NetBeans\jdk\bin\net.dll
0x00007ffdeca30000 - 0x00007ffdeca99000 	C:\Windows\system32\mswsock.dll
0x00007ffdd6840000 - 0x00007ffdd6856000 	C:\Program Files\Apache NetBeans\jdk\bin\nio.dll
0x00007ffdd6890000 - 0x00007ffdd68a7000 	C:\Program Files\Apache NetBeans\jdk\bin\zip.dll
0x00007ffdc39c0000 - 0x00007ffdc3b3e000 	C:\Program Files\Apache NetBeans\jdk\bin\awt.dll
0x00007ffde4ed0000 - 0x00007ffde4f67000 	C:\Windows\SYSTEM32\apphelp.dll
0x00007ffdea550000 - 0x00007ffdea57b000 	C:\Windows\system32\DWMAPI.DLL
0x00007ffde7a00000 - 0x00007ffde7ab1000 	C:\Windows\system32\uxtheme.dll
0x00007ffdc4650000 - 0x00007ffdc4750000 	C:\Windows\system32\opengl32.dll
0x00007ffdd6610000 - 0x00007ffdd663d000 	C:\Windows\SYSTEM32\GLU32.dll
0x00007ffdea5b0000 - 0x00007ffdea5e7000 	C:\Windows\SYSTEM32\dxcore.dll
0x00007ffdf0710000 - 0x00007ffdf0871000 	C:\Windows\System32\MSCTF.dll
0x00007ffdceab0000 - 0x00007ffdceb37000 	C:\Program Files\Apache NetBeans\jdk\bin\freetype.dll
0x00007ffdc38e0000 - 0x00007ffdc39b9000 	C:\Program Files\Apache NetBeans\jdk\bin\fontmanager.dll
0x00007ffdceff0000 - 0x00007ffdcf135000 	C:\Windows\SYSTEM32\textinputframework.dll
0x00007ffde4a30000 - 0x00007ffde4b63000 	C:\Windows\SYSTEM32\CoreMessaging.dll
0x00007ffddf660000 - 0x00007ffddf9cd000 	C:\Windows\SYSTEM32\CoreUIComponents.dll
0x00007ffdece80000 - 0x00007ffdece8c000 	C:\Windows\SYSTEM32\CRYPTBASE.DLL
0x00007ffdec110000 - 0x00007ffdec212000 	C:\Windows\SYSTEM32\DNSAPI.dll
0x00007ffdec0e0000 - 0x00007ffdec10d000 	C:\Windows\SYSTEM32\IPHLPAPI.DLL
0x00007ffdeef00000 - 0x00007ffdeef09000 	C:\Windows\System32\NSI.dll
0x00007ffde5920000 - 0x00007ffde592a000 	C:\Windows\System32\rasadhlp.dll
0x00007ffde5250000 - 0x00007ffde52d3000 	C:\Windows\System32\fwpuclnt.dll
0x00007ffdd6a10000 - 0x00007ffdd6a19000 	C:\Program Files\Apache NetBeans\jdk\bin\extnet.dll
0x00007ffdedab0000 - 0x00007ffdedacb000 	C:\Windows\SYSTEM32\CRYPTSP.dll
0x00007ffdecb00000 - 0x00007ffdecb35000 	C:\Windows\system32\rsaenh.dll
0x00007ffdecb40000 - 0x00007ffdecb68000 	C:\Windows\SYSTEM32\USERENV.dll
0x00007ffdd65c0000 - 0x00007ffdd65ce000 	C:\Program Files\Apache NetBeans\jdk\bin\sunmscapi.dll
0x00007ffdedfb0000 - 0x00007ffdee116000 	C:\Windows\System32\CRYPT32.dll
0x00007ffded050000 - 0x00007ffded07d000 	C:\Windows\SYSTEM32\ncrypt.dll
0x00007ffded010000 - 0x00007ffded047000 	C:\Windows\SYSTEM32\NTASN1.dll

JVMTI agents: none

dbghelp: loaded successfully - version: 4.0.5 - missing functions: none
symbol engine: initialized successfully - sym options: 0x614 - pdb path: .;C:\Program Files\Apache NetBeans\jdk\bin;C:\Windows\SYSTEM32;C:\Windows\WinSxS\amd64_microsoft.windows.common-controls_6595b64144ccf1df_6.0.22621.4541_none_2710d1c57384c085;C:\Program Files\Apache NetBeans\jdk\bin\server

VM Arguments:
jvm_args: -Dfile.encoding=UTF-8 --module-path=C:\Users\Admin\Documents\NetBeansProjects\EmplyeeMangagement\build\classes 
java_command: emplyeemangagement.Home
java_class_path (initial): C:\Users\Admin\Downloads\mysql-connector-java-8.0.28.jar;C:\Users\Admin\Downloads\jcalendar-tz-1.3.3-4.jar;C:\Users\Admin\Downloads\rs2xml.jar;C:\Users\Admin\Downloads\TimingFramework-0.55.jar;C:\Users\Admin\Downloads\jfreechart-1.5.6.jar;C:\Users\Admin\Documents\NetBeansProjects\EmplyeeMangagement\build\classes
Launcher Type: SUN_STANDARD

[Global flags]
     intx CICompilerCount                          = 12                                        {product} {ergonomic}
     uint ConcGCThreads                            = 3                                         {product} {ergonomic}
     uint G1ConcRefinementThreads                  = 13                                        {product} {ergonomic}
   size_t G1HeapRegionSize                         = 1048576                                   {product} {ergonomic}
   size_t InitialHeapSize                          = 130023424                                 {product} {ergonomic}
   size_t MarkStackSize                            = 4194304                                   {product} {ergonomic}
   size_t MarkStackSizeMax                         = 536870912                                 {product} {ergonomic}
   size_t MaxHeapSize                              = 2069889024                                {product} {ergonomic}
   size_t MaxNewSize                               = 1241513984                                {product} {ergonomic}
   size_t MinHeapDeltaBytes                        = 1048576                                   {product} {ergonomic}
   size_t MinHeapSize                              = 8388608                                   {product} {ergonomic}
    uintx NonNMethodCodeHeapSize                   = 7602176                                {pd product} {ergonomic}
    uintx NonProfiledCodeHeapSize                  = 122093568                              {pd product} {ergonomic}
    uintx ProfiledCodeHeapSize                     = 121962496                              {pd product} {ergonomic}
    uintx ReservedCodeCacheSize                    = 251658240                              {pd product} {ergonomic}
     bool SegmentedCodeCache                       = true                                      {product} {ergonomic}
   size_t SoftMaxHeapSize                          = 2069889024                             {manageable} {ergonomic}
     bool UseCompressedOops                        = true                           {product lp64_product} {ergonomic}
     bool UseG1GC                                  = true                                      {product} {ergonomic}
     bool UseLargePagesIndividualAllocation        = false                                  {pd product} {ergonomic}

Logging:
Log output configuration:
 #0: stdout all=warning uptime,level,tags foldmultilines=false
 #1: stderr all=off uptime,level,tags foldmultilines=false

Environment Variables:
PATH=C:\Program Files\Common Files\Oracle\Java\javapath;C:\Windows\system32;C:\Windows;C:\Windows\System32\Wbem;C:\Windows\System32\WindowsPowerShell\v1.0\;C:\Windows\System32\OpenSSH\;C:\Program Files (x86)\Microsoft SQL Server\160\Tools\Binn\;C:\Program Files\Microsoft SQL Server\160\Tools\Binn\;C:\Program Files\Microsoft SQL Server\Client SDK\ODBC\170\Tools\Binn\;C:\Program Files\Microsoft SQL Server\160\DTS\Binn\;C:\Program Files (x86)\Microsoft SQL Server\160\DTS\Binn\;C:\Users\Admin\AppData\Local\Programs\Python\Python313;C:\Program Files\MySQL\MySQL Server 9.2\bin\;C:\Program Files\Git\cmd;C:\Program Files\Cloudflare\Cloudflare WARP\;D:\msys64\ucrt64\bin;C:\Program Files\MySQL\MySQL Shell 8.0\bin\;C:\Users\Admin\AppData\Local\Programs\Python\Python310\Scripts\;C:\Users\Admin\AppData\Local\Programs\Python\Python310\;C:\Users\Admin\AppData\Local\Microsoft\WindowsApps;C:\Users\Admin\AppData\Local\Programs\Microsoft VS Code\bin;C:\Users\Admin\AppData\Local\Programs\Python\Python313;C:\Users\Admin\AppData\Local\GitHubDesktop\bin;D:\pycharm\PyCharm 2025.1.1\bin;;D:\mingw\ucrt64\bin;
USERNAME=Admin
OS=Windows_NT
PROCESSOR_IDENTIFIER=Intel64 Family 6 Model 154 Stepping 3, GenuineIntel
TMP=C:\Users\Admin\AppData\Local\Temp
TEMP=C:\Users\Admin\AppData\Local\Temp




Periodic native trim disabled

---------------  S Y S T E M  ---------------

OS:
 Windows 11 , 64 bit Build 22621 (10.0.22621.4391)
OS uptime: 3 days 17:57 hours

CPU: total 16 (initial active 16) (8 cores per cpu, 2 threads per core) family 6 model 154 stepping 3 microcode 0x424, cx8, cmov, fxsr, ht, mmx, 3dnowpref, sse, sse2, sse3, ssse3, sse4.1, sse4.2, popcnt, lzcnt, tsc, tscinvbit, avx, avx2, aes, erms, clmul, bmi1, bmi2, adx, sha, fma, vzeroupper, clflush, clflushopt, clwb, serialize, rdtscp, rdpid, fsrm, gfni, f16c, pku, cet_ibt, cet_ss
Processor Information for processor 0
  Max Mhz: 2300, Current Mhz: 2300, Mhz Limit: 2300
Processor Information for processor 1
  Max Mhz: 2300, Current Mhz: 1506, Mhz Limit: 2300
Processor Information for processor 2
  Max Mhz: 2300, Current Mhz: 2300, Mhz Limit: 2300
Processor Information for processor 3
  Max Mhz: 2300, Current Mhz: 2300, Mhz Limit: 2300
Processor Information for processor 4
  Max Mhz: 2300, Current Mhz: 2300, Mhz Limit: 2300
Processor Information for processor 5
  Max Mhz: 2300, Current Mhz: 2300, Mhz Limit: 2300
Processor Information for processor 6
  Max Mhz: 2300, Current Mhz: 2300, Mhz Limit: 2300
Processor Information for processor 7
  Max Mhz: 2300, Current Mhz: 2300, Mhz Limit: 2300
Processor Information for processor 8
  Max Mhz: 2300, Current Mhz: 2300, Mhz Limit: 2300
Processor Information for processor 9
  Max Mhz: 2300, Current Mhz: 2300, Mhz Limit: 2300
Processor Information for processor 10
  Max Mhz: 2300, Current Mhz: 2300, Mhz Limit: 2300
Processor Information for processor 11
  Max Mhz: 2300, Current Mhz: 2300, Mhz Limit: 2300
Processor Information for processor 12
  Max Mhz: 2300, Current Mhz: 2300, Mhz Limit: 2300
Processor Information for processor 13
  Max Mhz: 2300, Current Mhz: 2300, Mhz Limit: 2300
Processor Information for processor 14
  Max Mhz: 2300, Current Mhz: 2300, Mhz Limit: 2300
Processor Information for processor 15
  Max Mhz: 2300, Current Mhz: 2300, Mhz Limit: 2300

Memory: 4k page, system-wide physical 7895M (456M free)
TotalPageFile size 30028M (AvailPageFile size 5M)
current process WorkingSet (physical memory assigned to process): 116M, peak: 116M
current process commit charge ("private bytes"): 261M, peak: 267M

vm_info: OpenJDK 64-Bit Server VM (24.0.1+9) for windows-amd64 JRE (24.0.1+9) (Zulu24.30+11-CA), built on 2025-03-21T13:52:34Z with MS VC++ 17.1 (VS2022)

END.
