#
# There is insufficient memory for the Java Runtime Environment to continue.
# Native memory allocation (malloc) failed to allocate 6024528 bytes. Error detail: Chunk::new
# Possible reasons:
#   The system is out of physical RAM or swap space
#   This process is running with CompressedOops enabled, and the Java Heap may be blocking the growth of the native heap
# Possible solutions:
#   Reduce memory load on the system
#   Increase physical memory or swap space
#   Check if swap backing store is full
#   Decrease Java heap size (-Xmx/-Xms)
#   Decrease number of Java threads
#   Decrease Java thread stack sizes (-Xss)
#   Set larger code cache with -XX:ReservedCodeCacheSize=
#   JVM is running with Unscaled Compressed Oops mode in which the Java heap is
#     placed in the first 4GB address space. The Java Heap base address is the
#     maximum limit for the native heap growth. Please use -XX:HeapBaseMinAddress
#     to set the Java Heap base and to place the Java Heap above 4GB virtual address.
# This output file may be truncated or incomplete.
#
#  Out of Memory Error (arena.cpp:162), pid=25660, tid=26364
#
# JRE version: OpenJDK Runtime Environment Zulu24.30+11-CA (24.0.1+9) (build 24.0.1+9)
# Java VM: OpenJDK 64-Bit Server VM Zulu24.30+11-CA (24.0.1+9, mixed mode, sharing, tiered, compressed oops, compressed class ptrs, g1 gc, windows-amd64)
# No core dump will be written. Minidumps are not enabled by default on client versions of Windows
#

---------------  S U M M A R Y ------------

Command Line: -Dfile.encoding=UTF-8 --module-path=C:\Users\Admin\Documents\NetBeansProjects\EmplyeeMangagement\build\classes emplyeemangagement.Update

Host: 12th Gen Intel(R) Core(TM) i7-12650H, 16 cores, 7G,  Windows 11 , 64 bit Build 22621 (10.0.22621.4391)
Time: Thu Oct 23 16:25:39 2025 SE Asia Standard Time elapsed time: 1.067868 seconds (0d 0h 0m 1s)

---------------  T H R E A D  ---------------

Current thread (0x000001edcbcbf600):  JavaThread "C2 CompilerThread1" daemon [_thread_in_native, id=26364, stack(0x0000006779800000,0x0000006779900000) (1024K)]


Current CompileTask:
C2:1067 2283       4       sun.font.TrueTypeFont::initAllNames (182 bytes)

Stack: [0x0000006779800000,0x0000006779900000]
Native frames: (J=compiled Java code, j=interpreted, Vv=VM code, C=native code)
V  [jvm.dll+0x7410c9]  (no source info available)
V  [jvm.dll+0x97def3]  (no source info available)
V  [jvm.dll+0x98021d]  (no source info available)
V  [jvm.dll+0x980893]  (no source info available)
V  [jvm.dll+0x2b5b16]  (no source info available)
V  [jvm.dll+0xd019f]  (no source info available)
V  [jvm.dll+0xd03ff]  (no source info available)
V  [jvm.dll+0x15b8bf]  (no source info available)
V  [jvm.dll+0x74698f]  (no source info available)
V  [jvm.dll+0x27a528]  (no source info available)
V  [jvm.dll+0x279641]  (no source info available)
V  [jvm.dll+0x1f313a]  (no source info available)
V  [jvm.dll+0x288e35]  (no source info available)
V  [jvm.dll+0x2870ca]  (no source info available)
V  [jvm.dll+0x43df56]  (no source info available)
V  [jvm.dll+0x920928]  (no source info available)
V  [jvm.dll+0x73f855]  (no source info available)
C  [ucrtbase.dll+0x29333]  (no source info available)
C  [KERNEL32.DLL+0x1259d]  (no source info available)
C  [ntdll.dll+0x5af38]  (no source info available)

Lock stack of current Java thread (top to bottom):


---------------  P R O C E S S  ---------------

Threads class SMR info:
_java_thread_list=0x000001ee132d2e60, length=21, elements={
0x000001edcbb60c70, 0x000001edcbb623c0, 0x000001edcbb63540, 0x000001edcbb647b0,
0x000001edcbb66e70, 0x000001edcbb6f5c0, 0x000001edcbb70550, 0x000001edcbb74310,
0x000001edcbc6d240, 0x000001edcbc74bc0, 0x000001edcbc90450, 0x000001edcbcbf600,
0x000001edcbd48570, 0x000001ee11464c00, 0x000001ee111fec60, 0x000001ee111ff7b0,
0x000001edcbf58860, 0x000001ee117b6ed0, 0x000001ee137d0210, 0x000001edabd2dc70,
0x000001ee1381ddd0
}

Java Threads: ( => current thread )
  0x000001edcbb60c70 JavaThread "Reference Handler"          daemon [_thread_blocked, id=7780, stack(0x0000006778d00000,0x0000006778e00000) (1024K)]
  0x000001edcbb623c0 JavaThread "Finalizer"                  daemon [_thread_blocked, id=29424, stack(0x0000006778e00000,0x0000006778f00000) (1024K)]
  0x000001edcbb63540 JavaThread "Signal Dispatcher"          daemon [_thread_blocked, id=34076, stack(0x0000006778f00000,0x0000006779000000) (1024K)]
  0x000001edcbb647b0 JavaThread "Attach Listener"            daemon [_thread_blocked, id=26516, stack(0x0000006779000000,0x0000006779100000) (1024K)]
  0x000001edcbb66e70 JavaThread "Service Thread"             daemon [_thread_blocked, id=16088, stack(0x0000006779100000,0x0000006779200000) (1024K)]
  0x000001edcbb6f5c0 JavaThread "Monitor Deflation Thread"   daemon [_thread_blocked, id=13580, stack(0x0000006779200000,0x0000006779300000) (1024K)]
  0x000001edcbb70550 JavaThread "C2 CompilerThread0"         daemon [_thread_blocked, id=34672, stack(0x0000006779300000,0x0000006779400000) (1024K)]
  0x000001edcbb74310 JavaThread "C1 CompilerThread0"         daemon [_thread_blocked, id=19428, stack(0x0000006779400000,0x0000006779500000) (1024K)]
  0x000001edcbc6d240 JavaThread "Common-Cleaner"             daemon [_thread_blocked, id=19480, stack(0x0000006779500000,0x0000006779600000) (1024K)]
  0x000001edcbc74bc0 JavaThread "C1 CompilerThread1"         daemon [_thread_blocked, id=26460, stack(0x0000006779600000,0x0000006779700000) (1024K)]
  0x000001edcbc90450 JavaThread "C1 CompilerThread2"         daemon [_thread_blocked, id=33720, stack(0x0000006779700000,0x0000006779800000) (1024K)]
=>0x000001edcbcbf600 JavaThread "C2 CompilerThread1"         daemon [_thread_in_native, id=26364, stack(0x0000006779800000,0x0000006779900000) (1024K)]
  0x000001edcbd48570 JavaThread "Notification Thread"        daemon [_thread_blocked, id=27160, stack(0x0000006779900000,0x0000006779a00000) (1024K)]
  0x000001ee11464c00 JavaThread "Java2D Disposer"            daemon [_thread_blocked, id=34764, stack(0x0000006779a00000,0x0000006779b00000) (1024K)]
  0x000001ee111fec60 JavaThread "AWT-Shutdown"                      [_thread_blocked, id=29196, stack(0x0000006779b00000,0x0000006779c00000) (1024K)]
  0x000001ee111ff7b0 JavaThread "AWT-Windows"                daemon [_thread_in_native, id=17924, stack(0x0000006779c00000,0x0000006779d00000) (1024K)]
  0x000001edcbf58860 JavaThread "mysql-cj-abandoned-connection-cleanup" daemon [_thread_blocked, id=34532, stack(0x0000006779d00000,0x0000006779e00000) (1024K)]
  0x000001ee117b6ed0 JavaThread "C1 CompilerThread3"         daemon [_thread_blocked, id=29776, stack(0x0000006779e00000,0x0000006779f00000) (1024K)]
  0x000001ee137d0210 JavaThread "AWT-EventQueue-0"                  [_thread_blocked, id=30768, stack(0x0000006779f00000,0x000000677a000000) (1024K)]
  0x000001edabd2dc70 JavaThread "DestroyJavaVM"                     [_thread_blocked, id=31468, stack(0x0000006778500000,0x0000006778600000) (1024K)]
  0x000001ee1381ddd0 JavaThread "TimerQueue"                 daemon [_thread_blocked, id=28112, stack(0x000000677a300000,0x000000677a400000) (1024K)]
Total: 21

Other Threads:
  0x000001edcbb4b870 VMThread "VM Thread"                           [id=30360, stack(0x0000006778c00000,0x0000006778d00000) (1024K)]
  0x000001edcbb3e3d0 WatcherThread "VM Periodic Task Thread"        [id=26972, stack(0x0000006778b00000,0x0000006778c00000) (1024K)]
  0x000001edae145490 WorkerThread "GC Thread#0"                     [id=31788, stack(0x0000006778600000,0x0000006778700000) (1024K)]
  0x000001edae159950 ConcurrentGCThread "G1 Main Marker"            [id=17696, stack(0x0000006778700000,0x0000006778800000) (1024K)]
  0x000001edae15a5e0 WorkerThread "G1 Conc#0"                       [id=27104, stack(0x0000006778800000,0x0000006778900000) (1024K)]
  0x000001edcba127c0 ConcurrentGCThread "G1 Refine#0"               [id=25656, stack(0x0000006778900000,0x0000006778a00000) (1024K)]
  0x000001edcba13340 ConcurrentGCThread "G1 Service"                [id=27080, stack(0x0000006778a00000,0x0000006778b00000) (1024K)]
Total: 7

Threads with active compile tasks:
C2 CompilerThread1  1099 2283       4       sun.font.TrueTypeFont::initAllNames (182 bytes)
Total: 1

VM state: not at safepoint (normal execution)

VM Mutex/Monitor currently owned by a thread: None

Heap address: 0x0000000084a00000, size: 1974 MB, Compressed Oops mode: 32-bit

CDS archive(s) mapped at: [0x000001edcc000000-0x000001edccd40000-0x000001edccd40000), size 13893632, SharedBaseAddress: 0x000001edcc000000, ArchiveRelocationMode: 1.
Compressed class space mapped at: 0x000001edcd000000-0x000001ee0d000000, reserved size: 1073741824
UseCompressedClassPointers 1, UseCompactObjectHeaders 0
Narrow klass pointer bits 32, Max shift 3
Narrow klass base: 0x000001edcc000000, Narrow klass shift: 0
Encoding Range: [0x000001edcc000000 - 0x000001eecc000000), (4294967296 bytes)
Klass Range:    [0x000001edcc000000 - 0x000001ee0d000000), (1090519040 bytes)
Klass ID Range:  [8 - 1090519033) (1090519025)

GC Precious Log:
 CardTable entry size: 512
 Card Set container configuration: InlinePtr #cards 5 size 8 Array Of Cards #cards 10 size 36 Howl #buckets 4 coarsen threshold 1843 Howl Bitmap #cards 512 size 80 coarsen threshold 460 Card regions per heap region 1 cards per card region 2048
 CPUs: 16 total, 16 available
 Memory: 7895M
 Large Page Support: Disabled
 NUMA Support: Disabled
 Compressed Oops: Enabled (32-bit)
 Heap Region Size: 1M
 Heap Min Capacity: 8M
 Heap Initial Capacity: 124M
 Heap Max Capacity: 1974M
 Pre-touch: Disabled
 Parallel Workers: 13
 Concurrent Workers: 3
 Concurrent Refinement Workers: 13
 Periodic GC: Disabled

Heap:
 garbage-first heap   total reserved 2021376K, committed 129024K, used 44144K [0x0000000084a00000, 0x0000000100000000)
  region size 1024K, 39 young (39936K), 0 survivors (0K)
 Metaspace       used 17227K, committed 17472K, reserved 1114112K
  class space    used 1551K, committed 1664K, reserved 1048576K

Heap Regions: E=young(eden), S=young(survivor), O=old, HS=humongous(starts), HC=humongous(continues), CS=collection set, F=free, TAMS=top-at-mark-start, PB=parsable bottom
|   0|0x0000000084a00000, 0x0000000084b00000, 0x0000000084b00000|100%|HS|  |TAMS 0x0000000084a00000| PB 0x0000000084a00000| Complete |  0
|   1|0x0000000084b00000, 0x0000000084c00000, 0x0000000084c00000|100%|HC|  |TAMS 0x0000000084b00000| PB 0x0000000084b00000| Complete |  0
|   2|0x0000000084c00000, 0x0000000084d00000, 0x0000000084d00000|100%|HC|  |TAMS 0x0000000084c00000| PB 0x0000000084c00000| Complete |  0
|   3|0x0000000084d00000, 0x0000000084e00000, 0x0000000084e00000|100%|HC|  |TAMS 0x0000000084d00000| PB 0x0000000084d00000| Complete |  0
|   4|0x0000000084e00000, 0x0000000084e00000, 0x0000000084f00000|  0%| F|  |TAMS 0x0000000084e00000| PB 0x0000000084e00000| Untracked |  0
|   5|0x0000000084f00000, 0x0000000084f00000, 0x0000000085000000|  0%| F|  |TAMS 0x0000000084f00000| PB 0x0000000084f00000| Untracked |  0
|   6|0x0000000085000000, 0x0000000085000000, 0x0000000085100000|  0%| F|  |TAMS 0x0000000085000000| PB 0x0000000085000000| Untracked |  0
|   7|0x0000000085100000, 0x0000000085100000, 0x0000000085200000|  0%| F|  |TAMS 0x0000000085100000| PB 0x0000000085100000| Untracked |  0
|   8|0x0000000085200000, 0x0000000085200000, 0x0000000085300000|  0%| F|  |TAMS 0x0000000085200000| PB 0x0000000085200000| Untracked |  0
|   9|0x0000000085300000, 0x0000000085300000, 0x0000000085400000|  0%| F|  |TAMS 0x0000000085300000| PB 0x0000000085300000| Untracked |  0
|  10|0x0000000085400000, 0x0000000085400000, 0x0000000085500000|  0%| F|  |TAMS 0x0000000085400000| PB 0x0000000085400000| Untracked |  0
|  11|0x0000000085500000, 0x0000000085500000, 0x0000000085600000|  0%| F|  |TAMS 0x0000000085500000| PB 0x0000000085500000| Untracked |  0
|  12|0x0000000085600000, 0x0000000085600000, 0x0000000085700000|  0%| F|  |TAMS 0x0000000085600000| PB 0x0000000085600000| Untracked |  0
|  13|0x0000000085700000, 0x0000000085700000, 0x0000000085800000|  0%| F|  |TAMS 0x0000000085700000| PB 0x0000000085700000| Untracked |  0
|  14|0x0000000085800000, 0x0000000085800000, 0x0000000085900000|  0%| F|  |TAMS 0x0000000085800000| PB 0x0000000085800000| Untracked |  0
|  15|0x0000000085900000, 0x0000000085900000, 0x0000000085a00000|  0%| F|  |TAMS 0x0000000085900000| PB 0x0000000085900000| Untracked |  0
|  16|0x0000000085a00000, 0x0000000085a00000, 0x0000000085b00000|  0%| F|  |TAMS 0x0000000085a00000| PB 0x0000000085a00000| Untracked |  0
|  17|0x0000000085b00000, 0x0000000085b00000, 0x0000000085c00000|  0%| F|  |TAMS 0x0000000085b00000| PB 0x0000000085b00000| Untracked |  0
|  18|0x0000000085c00000, 0x0000000085c00000, 0x0000000085d00000|  0%| F|  |TAMS 0x0000000085c00000| PB 0x0000000085c00000| Untracked |  0
|  19|0x0000000085d00000, 0x0000000085d00000, 0x0000000085e00000|  0%| F|  |TAMS 0x0000000085d00000| PB 0x0000000085d00000| Untracked |  0
|  20|0x0000000085e00000, 0x0000000085e00000, 0x0000000085f00000|  0%| F|  |TAMS 0x0000000085e00000| PB 0x0000000085e00000| Untracked |  0
|  21|0x0000000085f00000, 0x0000000085f00000, 0x0000000086000000|  0%| F|  |TAMS 0x0000000085f00000| PB 0x0000000085f00000| Untracked |  0
|  22|0x0000000086000000, 0x0000000086000000, 0x0000000086100000|  0%| F|  |TAMS 0x0000000086000000| PB 0x0000000086000000| Untracked |  0
|  23|0x0000000086100000, 0x0000000086100000, 0x0000000086200000|  0%| F|  |TAMS 0x0000000086100000| PB 0x0000000086100000| Untracked |  0
|  24|0x0000000086200000, 0x0000000086200000, 0x0000000086300000|  0%| F|  |TAMS 0x0000000086200000| PB 0x0000000086200000| Untracked |  0
|  25|0x0000000086300000, 0x0000000086300000, 0x0000000086400000|  0%| F|  |TAMS 0x0000000086300000| PB 0x0000000086300000| Untracked |  0
|  26|0x0000000086400000, 0x0000000086400000, 0x0000000086500000|  0%| F|  |TAMS 0x0000000086400000| PB 0x0000000086400000| Untracked |  0
|  27|0x0000000086500000, 0x0000000086500000, 0x0000000086600000|  0%| F|  |TAMS 0x0000000086500000| PB 0x0000000086500000| Untracked |  0
|  28|0x0000000086600000, 0x0000000086600000, 0x0000000086700000|  0%| F|  |TAMS 0x0000000086600000| PB 0x0000000086600000| Untracked |  0
|  29|0x0000000086700000, 0x0000000086700000, 0x0000000086800000|  0%| F|  |TAMS 0x0000000086700000| PB 0x0000000086700000| Untracked |  0
|  30|0x0000000086800000, 0x0000000086800000, 0x0000000086900000|  0%| F|  |TAMS 0x0000000086800000| PB 0x0000000086800000| Untracked |  0
|  31|0x0000000086900000, 0x0000000086900000, 0x0000000086a00000|  0%| F|  |TAMS 0x0000000086900000| PB 0x0000000086900000| Untracked |  0
|  32|0x0000000086a00000, 0x0000000086a00000, 0x0000000086b00000|  0%| F|  |TAMS 0x0000000086a00000| PB 0x0000000086a00000| Untracked |  0
|  33|0x0000000086b00000, 0x0000000086b00000, 0x0000000086c00000|  0%| F|  |TAMS 0x0000000086b00000| PB 0x0000000086b00000| Untracked |  0
|  34|0x0000000086c00000, 0x0000000086c00000, 0x0000000086d00000|  0%| F|  |TAMS 0x0000000086c00000| PB 0x0000000086c00000| Untracked |  0
|  35|0x0000000086d00000, 0x0000000086d00000, 0x0000000086e00000|  0%| F|  |TAMS 0x0000000086d00000| PB 0x0000000086d00000| Untracked |  0
|  36|0x0000000086e00000, 0x0000000086e00000, 0x0000000086f00000|  0%| F|  |TAMS 0x0000000086e00000| PB 0x0000000086e00000| Untracked |  0
|  37|0x0000000086f00000, 0x0000000086f00000, 0x0000000087000000|  0%| F|  |TAMS 0x0000000086f00000| PB 0x0000000086f00000| Untracked |  0
|  38|0x0000000087000000, 0x0000000087000000, 0x0000000087100000|  0%| F|  |TAMS 0x0000000087000000| PB 0x0000000087000000| Untracked |  0
|  39|0x0000000087100000, 0x0000000087100000, 0x0000000087200000|  0%| F|  |TAMS 0x0000000087100000| PB 0x0000000087100000| Untracked |  0
|  40|0x0000000087200000, 0x0000000087200000, 0x0000000087300000|  0%| F|  |TAMS 0x0000000087200000| PB 0x0000000087200000| Untracked |  0
|  41|0x0000000087300000, 0x0000000087300000, 0x0000000087400000|  0%| F|  |TAMS 0x0000000087300000| PB 0x0000000087300000| Untracked |  0
|  42|0x0000000087400000, 0x0000000087400000, 0x0000000087500000|  0%| F|  |TAMS 0x0000000087400000| PB 0x0000000087400000| Untracked |  0
|  43|0x0000000087500000, 0x0000000087500000, 0x0000000087600000|  0%| F|  |TAMS 0x0000000087500000| PB 0x0000000087500000| Untracked |  0
|  44|0x0000000087600000, 0x0000000087600000, 0x0000000087700000|  0%| F|  |TAMS 0x0000000087600000| PB 0x0000000087600000| Untracked |  0
|  45|0x0000000087700000, 0x0000000087700000, 0x0000000087800000|  0%| F|  |TAMS 0x0000000087700000| PB 0x0000000087700000| Untracked |  0
|  46|0x0000000087800000, 0x0000000087800000, 0x0000000087900000|  0%| F|  |TAMS 0x0000000087800000| PB 0x0000000087800000| Untracked |  0
|  47|0x0000000087900000, 0x0000000087900000, 0x0000000087a00000|  0%| F|  |TAMS 0x0000000087900000| PB 0x0000000087900000| Untracked |  0
|  48|0x0000000087a00000, 0x0000000087a00000, 0x0000000087b00000|  0%| F|  |TAMS 0x0000000087a00000| PB 0x0000000087a00000| Untracked |  0
|  49|0x0000000087b00000, 0x0000000087b00000, 0x0000000087c00000|  0%| F|  |TAMS 0x0000000087b00000| PB 0x0000000087b00000| Untracked |  0
|  50|0x0000000087c00000, 0x0000000087c00000, 0x0000000087d00000|  0%| F|  |TAMS 0x0000000087c00000| PB 0x0000000087c00000| Untracked |  0
|  51|0x0000000087d00000, 0x0000000087d00000, 0x0000000087e00000|  0%| F|  |TAMS 0x0000000087d00000| PB 0x0000000087d00000| Untracked |  0
|  52|0x0000000087e00000, 0x0000000087e00000, 0x0000000087f00000|  0%| F|  |TAMS 0x0000000087e00000| PB 0x0000000087e00000| Untracked |  0
|  53|0x0000000087f00000, 0x0000000087f00000, 0x0000000088000000|  0%| F|  |TAMS 0x0000000087f00000| PB 0x0000000087f00000| Untracked |  0
|  54|0x0000000088000000, 0x0000000088000000, 0x0000000088100000|  0%| F|  |TAMS 0x0000000088000000| PB 0x0000000088000000| Untracked |  0
|  55|0x0000000088100000, 0x0000000088100000, 0x0000000088200000|  0%| F|  |TAMS 0x0000000088100000| PB 0x0000000088100000| Untracked |  0
|  56|0x0000000088200000, 0x0000000088200000, 0x0000000088300000|  0%| F|  |TAMS 0x0000000088200000| PB 0x0000000088200000| Untracked |  0
|  57|0x0000000088300000, 0x0000000088300000, 0x0000000088400000|  0%| F|  |TAMS 0x0000000088300000| PB 0x0000000088300000| Untracked |  0
|  58|0x0000000088400000, 0x0000000088400000, 0x0000000088500000|  0%| F|  |TAMS 0x0000000088400000| PB 0x0000000088400000| Untracked |  0
|  59|0x0000000088500000, 0x0000000088500000, 0x0000000088600000|  0%| F|  |TAMS 0x0000000088500000| PB 0x0000000088500000| Untracked |  0
|  60|0x0000000088600000, 0x0000000088600000, 0x0000000088700000|  0%| F|  |TAMS 0x0000000088600000| PB 0x0000000088600000| Untracked |  0
|  61|0x0000000088700000, 0x0000000088700000, 0x0000000088800000|  0%| F|  |TAMS 0x0000000088700000| PB 0x0000000088700000| Untracked |  0
|  62|0x0000000088800000, 0x0000000088800000, 0x0000000088900000|  0%| F|  |TAMS 0x0000000088800000| PB 0x0000000088800000| Untracked |  0
|  63|0x0000000088900000, 0x0000000088900000, 0x0000000088a00000|  0%| F|  |TAMS 0x0000000088900000| PB 0x0000000088900000| Untracked |  0
|  64|0x0000000088a00000, 0x0000000088a00000, 0x0000000088b00000|  0%| F|  |TAMS 0x0000000088a00000| PB 0x0000000088a00000| Untracked |  0
|  65|0x0000000088b00000, 0x0000000088b00000, 0x0000000088c00000|  0%| F|  |TAMS 0x0000000088b00000| PB 0x0000000088b00000| Untracked |  0
|  66|0x0000000088c00000, 0x0000000088c00000, 0x0000000088d00000|  0%| F|  |TAMS 0x0000000088c00000| PB 0x0000000088c00000| Untracked |  0
|  67|0x0000000088d00000, 0x0000000088d00000, 0x0000000088e00000|  0%| F|  |TAMS 0x0000000088d00000| PB 0x0000000088d00000| Untracked |  0
|  68|0x0000000088e00000, 0x0000000088e00000, 0x0000000088f00000|  0%| F|  |TAMS 0x0000000088e00000| PB 0x0000000088e00000| Untracked |  0
|  69|0x0000000088f00000, 0x0000000088f00000, 0x0000000089000000|  0%| F|  |TAMS 0x0000000088f00000| PB 0x0000000088f00000| Untracked |  0
|  70|0x0000000089000000, 0x0000000089000000, 0x0000000089100000|  0%| F|  |TAMS 0x0000000089000000| PB 0x0000000089000000| Untracked |  0
|  71|0x0000000089100000, 0x0000000089100000, 0x0000000089200000|  0%| F|  |TAMS 0x0000000089100000| PB 0x0000000089100000| Untracked |  0
|  72|0x0000000089200000, 0x0000000089200000, 0x0000000089300000|  0%| F|  |TAMS 0x0000000089200000| PB 0x0000000089200000| Untracked |  0
|  73|0x0000000089300000, 0x0000000089300000, 0x0000000089400000|  0%| F|  |TAMS 0x0000000089300000| PB 0x0000000089300000| Untracked |  0
|  74|0x0000000089400000, 0x0000000089400000, 0x0000000089500000|  0%| F|  |TAMS 0x0000000089400000| PB 0x0000000089400000| Untracked |  0
|  75|0x0000000089500000, 0x0000000089500000, 0x0000000089600000|  0%| F|  |TAMS 0x0000000089500000| PB 0x0000000089500000| Untracked |  0
|  76|0x0000000089600000, 0x0000000089600000, 0x0000000089700000|  0%| F|  |TAMS 0x0000000089600000| PB 0x0000000089600000| Untracked |  0
|  77|0x0000000089700000, 0x0000000089700000, 0x0000000089800000|  0%| F|  |TAMS 0x0000000089700000| PB 0x0000000089700000| Untracked |  0
|  78|0x0000000089800000, 0x0000000089800000, 0x0000000089900000|  0%| F|  |TAMS 0x0000000089800000| PB 0x0000000089800000| Untracked |  0
|  79|0x0000000089900000, 0x0000000089900000, 0x0000000089a00000|  0%| F|  |TAMS 0x0000000089900000| PB 0x0000000089900000| Untracked |  0
|  80|0x0000000089a00000, 0x0000000089a00000, 0x0000000089b00000|  0%| F|  |TAMS 0x0000000089a00000| PB 0x0000000089a00000| Untracked |  0
|  81|0x0000000089b00000, 0x0000000089b00000, 0x0000000089c00000|  0%| F|  |TAMS 0x0000000089b00000| PB 0x0000000089b00000| Untracked |  0
|  82|0x0000000089c00000, 0x0000000089c00000, 0x0000000089d00000|  0%| F|  |TAMS 0x0000000089c00000| PB 0x0000000089c00000| Untracked |  0
|  83|0x0000000089d00000, 0x0000000089d00000, 0x0000000089e00000|  0%| F|  |TAMS 0x0000000089d00000| PB 0x0000000089d00000| Untracked |  0
|  84|0x0000000089e00000, 0x0000000089e00000, 0x0000000089f00000|  0%| F|  |TAMS 0x0000000089e00000| PB 0x0000000089e00000| Untracked |  0
|  85|0x0000000089f00000, 0x0000000089f80000, 0x000000008a000000| 50%| E|  |TAMS 0x0000000089f00000| PB 0x0000000089f00000| Complete |  0
|  86|0x000000008a000000, 0x000000008a100000, 0x000000008a100000|100%| E|CS|TAMS 0x000000008a000000| PB 0x000000008a000000| Complete |  0
|  87|0x000000008a100000, 0x000000008a200000, 0x000000008a200000|100%| E|CS|TAMS 0x000000008a100000| PB 0x000000008a100000| Complete |  0
|  88|0x000000008a200000, 0x000000008a300000, 0x000000008a300000|100%| E|CS|TAMS 0x000000008a200000| PB 0x000000008a200000| Complete |  0
|  89|0x000000008a300000, 0x000000008a400000, 0x000000008a400000|100%| E|CS|TAMS 0x000000008a300000| PB 0x000000008a300000| Complete |  0
|  90|0x000000008a400000, 0x000000008a500000, 0x000000008a500000|100%| E|CS|TAMS 0x000000008a400000| PB 0x000000008a400000| Complete |  0
|  91|0x000000008a500000, 0x000000008a600000, 0x000000008a600000|100%| E|CS|TAMS 0x000000008a500000| PB 0x000000008a500000| Complete |  0
|  92|0x000000008a600000, 0x000000008a700000, 0x000000008a700000|100%| E|CS|TAMS 0x000000008a600000| PB 0x000000008a600000| Complete |  0
|  93|0x000000008a700000, 0x000000008a800000, 0x000000008a800000|100%| E|CS|TAMS 0x000000008a700000| PB 0x000000008a700000| Complete |  0
|  94|0x000000008a800000, 0x000000008a900000, 0x000000008a900000|100%| E|CS|TAMS 0x000000008a800000| PB 0x000000008a800000| Complete |  0
|  95|0x000000008a900000, 0x000000008aa00000, 0x000000008aa00000|100%| E|CS|TAMS 0x000000008a900000| PB 0x000000008a900000| Complete |  0
|  96|0x000000008aa00000, 0x000000008ab00000, 0x000000008ab00000|100%| E|CS|TAMS 0x000000008aa00000| PB 0x000000008aa00000| Complete |  0
|  97|0x000000008ab00000, 0x000000008ac00000, 0x000000008ac00000|100%| E|CS|TAMS 0x000000008ab00000| PB 0x000000008ab00000| Complete |  0
|  98|0x000000008ac00000, 0x000000008ad00000, 0x000000008ad00000|100%| E|CS|TAMS 0x000000008ac00000| PB 0x000000008ac00000| Complete |  0
|  99|0x000000008ad00000, 0x000000008ae00000, 0x000000008ae00000|100%| E|CS|TAMS 0x000000008ad00000| PB 0x000000008ad00000| Complete |  0
| 100|0x000000008ae00000, 0x000000008af00000, 0x000000008af00000|100%| E|CS|TAMS 0x000000008ae00000| PB 0x000000008ae00000| Complete |  0
| 101|0x000000008af00000, 0x000000008b000000, 0x000000008b000000|100%| E|CS|TAMS 0x000000008af00000| PB 0x000000008af00000| Complete |  0
| 102|0x000000008b000000, 0x000000008b100000, 0x000000008b100000|100%| E|CS|TAMS 0x000000008b000000| PB 0x000000008b000000| Complete |  0
| 103|0x000000008b100000, 0x000000008b200000, 0x000000008b200000|100%| E|CS|TAMS 0x000000008b100000| PB 0x000000008b100000| Complete |  0
| 104|0x000000008b200000, 0x000000008b300000, 0x000000008b300000|100%| E|CS|TAMS 0x000000008b200000| PB 0x000000008b200000| Complete |  0
| 105|0x000000008b300000, 0x000000008b400000, 0x000000008b400000|100%| E|CS|TAMS 0x000000008b300000| PB 0x000000008b300000| Complete |  0
| 106|0x000000008b400000, 0x000000008b500000, 0x000000008b500000|100%| E|CS|TAMS 0x000000008b400000| PB 0x000000008b400000| Complete |  0
| 107|0x000000008b500000, 0x000000008b600000, 0x000000008b600000|100%| E|CS|TAMS 0x000000008b500000| PB 0x000000008b500000| Complete |  0
| 108|0x000000008b600000, 0x000000008b700000, 0x000000008b700000|100%| E|CS|TAMS 0x000000008b600000| PB 0x000000008b600000| Complete |  0
| 109|0x000000008b700000, 0x000000008b800000, 0x000000008b800000|100%| E|CS|TAMS 0x000000008b700000| PB 0x000000008b700000| Complete |  0
| 110|0x000000008b800000, 0x000000008b900000, 0x000000008b900000|100%| E|CS|TAMS 0x000000008b800000| PB 0x000000008b800000| Complete |  0
| 111|0x000000008b900000, 0x000000008ba00000, 0x000000008ba00000|100%| E|CS|TAMS 0x000000008b900000| PB 0x000000008b900000| Complete |  0
| 112|0x000000008ba00000, 0x000000008bb00000, 0x000000008bb00000|100%| E|CS|TAMS 0x000000008ba00000| PB 0x000000008ba00000| Complete |  0
| 113|0x000000008bb00000, 0x000000008bc00000, 0x000000008bc00000|100%| E|CS|TAMS 0x000000008bb00000| PB 0x000000008bb00000| Complete |  0
| 114|0x000000008bc00000, 0x000000008bd00000, 0x000000008bd00000|100%| E|CS|TAMS 0x000000008bc00000| PB 0x000000008bc00000| Complete |  0
| 115|0x000000008bd00000, 0x000000008be00000, 0x000000008be00000|100%| E|CS|TAMS 0x000000008bd00000| PB 0x000000008bd00000| Complete |  0
| 116|0x000000008be00000, 0x000000008bf00000, 0x000000008bf00000|100%| E|CS|TAMS 0x000000008be00000| PB 0x000000008be00000| Complete |  0
| 117|0x000000008bf00000, 0x000000008c000000, 0x000000008c000000|100%| E|CS|TAMS 0x000000008bf00000| PB 0x000000008bf00000| Complete |  0
| 118|0x000000008c000000, 0x000000008c100000, 0x000000008c100000|100%| E|CS|TAMS 0x000000008c000000| PB 0x000000008c000000| Complete |  0
| 119|0x000000008c100000, 0x000000008c200000, 0x000000008c200000|100%| E|CS|TAMS 0x000000008c100000| PB 0x000000008c100000| Complete |  0
| 120|0x000000008c200000, 0x000000008c300000, 0x000000008c300000|100%| E|CS|TAMS 0x000000008c200000| PB 0x000000008c200000| Complete |  0
| 121|0x000000008c300000, 0x000000008c400000, 0x000000008c400000|100%| E|CS|TAMS 0x000000008c300000| PB 0x000000008c300000| Complete |  0
| 122|0x000000008c400000, 0x000000008c500000, 0x000000008c500000|100%| E|CS|TAMS 0x000000008c400000| PB 0x000000008c400000| Complete |  0
| 123|0x000000008c500000, 0x000000008c600000, 0x000000008c600000|100%| E|CS|TAMS 0x000000008c500000| PB 0x000000008c500000| Complete |  0
|1972|0x00000000ffe00000, 0x00000000fff00000, 0x00000000fff00000|100%| O|  |TAMS 0x00000000ffe00000| PB 0x00000000ffe00000| Untracked |  0
|1973|0x00000000fff00000, 0x00000000fff1c2f8, 0x0000000100000000| 11%| O|  |TAMS 0x00000000fff00000| PB 0x00000000fff00000| Untracked |  0

Card table byte_map: [0x000001edc6850000,0x000001edc6c30000] _byte_map_base: 0x000001edc642b000

Marking Bits: (CMBitMap*) 0x000001edae145ba0
 Bits: [0x000001edc6c30000, 0x000001edc8b08000)

Polling page: 0x000001edad8c0000

Metaspace:

Usage:
  Non-class:     15.31 MB used.
      Class:      1.52 MB used.
       Both:     16.82 MB used.

Virtual space:
  Non-class space:       64.00 MB reserved,      15.44 MB ( 24%) committed,  1 nodes.
      Class space:        1.00 GB reserved,       1.62 MB ( <1%) committed,  1 nodes.
             Both:        1.06 GB reserved,      17.06 MB (  2%) committed. 

Chunk freelists:
   Non-Class:  461.00 KB
       Class:  14.24 MB
        Both:  14.69 MB

MaxMetaspaceSize: unlimited
CompressedClassSpaceSize: 1.00 GB
Initial GC threshold: 21.00 MB
Current GC threshold: 21.00 MB
CDS: on
 - commit_granule_bytes: 65536.
 - commit_granule_words: 8192.
 - virtual_space_node_default_size: 8388608.
 - enlarge_chunks_in_place: 1.
UseCompressedClassPointers 1, UseCompactObjectHeaders 0
Narrow klass pointer bits 32, Max shift 3
Narrow klass base: 0x000001edcc000000, Narrow klass shift: 0
Encoding Range: [0x000001edcc000000 - 0x000001eecc000000), (4294967296 bytes)
Klass Range:    [0x000001edcc000000 - 0x000001ee0d000000), (1090519040 bytes)
Klass ID Range:  [8 - 1090519033) (1090519025)


Internal statistics:

num_allocs_failed_limit: 0.
num_arena_births: 154.
num_arena_deaths: 0.
num_vsnodes_births: 2.
num_vsnodes_deaths: 0.
num_space_committed: 273.
num_space_uncommitted: 0.
num_chunks_returned_to_freelist: 0.
num_chunks_taken_from_freelist: 337.
num_chunk_merges: 0.
num_chunk_splits: 204.
num_chunks_enlarged: 126.
num_inconsistent_stats: 0.

CodeHeap 'non-profiled nmethods': size=119232Kb used=663Kb max_used=663Kb free=118568Kb
 bounds [0x000001edbe780000, 0x000001edbe9f0000, 0x000001edc5bf0000]
CodeHeap 'profiled nmethods': size=119104Kb used=3624Kb max_used=3624Kb free=115479Kb
 bounds [0x000001edb6bf0000, 0x000001edb6f80000, 0x000001edbe040000]
CodeHeap 'non-nmethods': size=7424Kb used=3283Kb max_used=3342Kb free=4140Kb
 bounds [0x000001edbe040000, 0x000001edbe390000, 0x000001edbe780000]
CodeCache: size=245760Kb, used=7570Kb, max_used=7629Kb, free=238187Kb
 total_blobs=3061, nmethods=2306, adapters=656, full_count=0
Compilation: enabled, stopped_count=0, restarted_count=0

Compilation events (20 events):
Event: 1.012 Thread 0x000001edcbc90450 nmethod 2299 0x000001edbe824b08 code [0x000001edbe824c00, 0x000001edbe824cc8]
Event: 1.012 Thread 0x000001edcbc90450 2300       3       javax.swing.JComponent::setFlag (34 bytes)
Event: 1.012 Thread 0x000001edcbc74bc0 2301       3       javax.swing.JComponent::getHeight (5 bytes)
Event: 1.012 Thread 0x000001edcbb74310 2302       3       javax.swing.JComponent::getWidth (5 bytes)
Event: 1.012 Thread 0x000001edcbc90450 nmethod 2300 0x000001edb6f79008 code [0x000001edb6f79120, 0x000001edb6f792c0]
Event: 1.012 Thread 0x000001edcbc74bc0 nmethod 2301 0x000001edb6f79308 code [0x000001edb6f79420, 0x000001edb6f79540]
Event: 1.012 Thread 0x000001edcbb74310 nmethod 2302 0x000001edb6f79608 code [0x000001edb6f79720, 0x000001edb6f79840]
Event: 1.012 Thread 0x000001edcbb74310 2303       1       java.awt.geom.AffineTransform::getScaleY (5 bytes)
Event: 1.012 Thread 0x000001edcbb70550 nmethod 2286 0x000001edbe824e08 code [0x000001edbe824f20, 0x000001edbe825288]
Event: 1.012 Thread 0x000001edcbb74310 nmethod 2303 0x000001edbe825308 code [0x000001edbe825400, 0x000001edbe8254c8]
Event: 1.012 Thread 0x000001edcbb70550 2284       4       java.lang.Character::toLowerCase (9 bytes)
Event: 1.012 Thread 0x000001edcbb74310 2304       3       java.awt.Rectangle::<init> (26 bytes)
Event: 1.012 Thread 0x000001edcbb74310 nmethod 2304 0x000001edb6f79908 code [0x000001edb6f79a20, 0x000001edb6f79c50]
Event: 1.012 Thread 0x000001edcbb74310 2305       1       javax.swing.text.View::getParent (5 bytes)
Event: 1.012 Thread 0x000001edcbb74310 nmethod 2305 0x000001edbe825608 code [0x000001edbe825700, 0x000001edbe8257c8]
Event: 1.013 Thread 0x000001ee117b6ed0 2306       3       sun.java2d.pipe.Region::clipRound (34 bytes)
Event: 1.013 Thread 0x000001ee117b6ed0 nmethod 2306 0x000001edb6f79c88 code [0x000001edb6f79e00, 0x000001edb6f7a090]
Event: 1.013 Thread 0x000001edcbb70550 nmethod 2284 0x000001edbe825908 code [0x000001edbe825a20, 0x000001edbe825b40]
Event: 1.013 Thread 0x000001ee117b6ed0 2307       1       java.util.EventObject::getSource (5 bytes)
Event: 1.013 Thread 0x000001ee117b6ed0 nmethod 2307 0x000001edbe825c08 code [0x000001edbe825d00, 0x000001edbe825dc8]

GC Heap History (0 events):
No events

Dll operation events (11 events):
Event: 0.004 Loaded shared library C:\Program Files\Apache NetBeans\jdk\bin\java.dll
Event: 0.023 Loaded shared library C:\Program Files\Apache NetBeans\jdk\bin\jsvml.dll
Event: 0.039 Loaded shared library C:\Program Files\Apache NetBeans\jdk\bin\net.dll
Event: 0.040 Loaded shared library C:\Program Files\Apache NetBeans\jdk\bin\nio.dll
Event: 0.053 Loaded shared library C:\Program Files\Apache NetBeans\jdk\bin\zip.dll
Event: 0.061 Loaded shared library C:\Program Files\Apache NetBeans\jdk\bin\jimage.dll
Event: 0.066 Loaded shared library C:\Program Files\Apache NetBeans\jdk\bin\awt.dll
Event: 0.271 Loaded shared library C:\Program Files\Apache NetBeans\jdk\bin\extnet.dll
Event: 0.430 Loaded shared library C:\Program Files\Apache NetBeans\jdk\bin\sunmscapi.dll
Event: 0.640 Loaded shared library C:\Program Files\Apache NetBeans\jdk\bin\freetype.dll
Event: 0.640 Loaded shared library C:\Program Files\Apache NetBeans\jdk\bin\fontmanager.dll

Deoptimization events (20 events):
Event: 0.700 Thread 0x000001ee137d0210 Uncommon trap: trap_request=0xffffff4d fr.pc=0x000001edbe7fee74 relative=0x00000000000001d4
Event: 0.700 Thread 0x000001ee137d0210 Uncommon trap: reason=unstable_if action=reinterpret pc=0x000001edbe7fee74 method=jdk.internal.classfile.impl.EntryMap.put(II)V @ 120 c2
Event: 0.700 Thread 0x000001ee137d0210 DEOPT PACKING pc=0x000001edbe7fee74 sp=0x0000006779ffc220
Event: 0.700 Thread 0x000001ee137d0210 DEOPT UNPACKING pc=0x000001edbe157a82 sp=0x0000006779ffc1a0 mode 2
Event: 0.703 Thread 0x000001ee137d0210 Uncommon trap: trap_request=0xffffff5c fr.pc=0x000001edbe7d9f64 relative=0x0000000000000064
Event: 0.703 Thread 0x000001ee137d0210 Uncommon trap: reason=speculate_null_check action=make_not_entrant pc=0x000001edbe7d9f64 method=jdk.internal.misc.Unsafe.getIntUnaligned(Ljava/lang/Object;JZ)I @ 5 c2
Event: 0.703 Thread 0x000001ee137d0210 DEOPT PACKING pc=0x000001edbe7d9f64 sp=0x0000006779ffd270
Event: 0.703 Thread 0x000001ee137d0210 DEOPT UNPACKING pc=0x000001edbe157a82 sp=0x0000006779ffd1c8 mode 2
Event: 0.728 Thread 0x000001ee137d0210 Uncommon trap: trap_request=0xffffff4d fr.pc=0x000001edbe7c7c50 relative=0x0000000000000050
Event: 0.728 Thread 0x000001ee137d0210 Uncommon trap: reason=unstable_if action=reinterpret pc=0x000001edbe7c7c50 method=java.lang.CharacterData.of(I)Ljava/lang/CharacterData; @ 4 c2
Event: 0.728 Thread 0x000001ee137d0210 DEOPT PACKING pc=0x000001edbe7c7c50 sp=0x0000006779ffce40
Event: 0.728 Thread 0x000001ee137d0210 DEOPT UNPACKING pc=0x000001edbe157a82 sp=0x0000006779ffcdd8 mode 2
Event: 0.729 Thread 0x000001ee137d0210 Uncommon trap: trap_request=0xffffff4d fr.pc=0x000001edbe78ceb0 relative=0x0000000000000090
Event: 0.729 Thread 0x000001ee137d0210 Uncommon trap: reason=unstable_if action=reinterpret pc=0x000001edbe78ceb0 method=java.lang.String.isLatin1()Z @ 10 c2
Event: 0.729 Thread 0x000001ee137d0210 DEOPT PACKING pc=0x000001edbe78ceb0 sp=0x0000006779ffcf10
Event: 0.729 Thread 0x000001ee137d0210 DEOPT UNPACKING pc=0x000001edbe157a82 sp=0x0000006779ffce40 mode 2
Event: 0.980 Thread 0x000001ee137d0210 Uncommon trap: trap_request=0xffffff4d fr.pc=0x000001edbe81ade8 relative=0x0000000000000408
Event: 0.980 Thread 0x000001ee137d0210 Uncommon trap: reason=unstable_if action=reinterpret pc=0x000001edbe81ade8 method=java.lang.Character.isSurrogate(C)Z @ 3 c2
Event: 0.980 Thread 0x000001ee137d0210 DEOPT PACKING pc=0x000001edbe81ade8 sp=0x0000006779ffd140
Event: 0.980 Thread 0x000001ee137d0210 DEOPT UNPACKING pc=0x000001edbe157a82 sp=0x0000006779ffd058 mode 2

Classes loaded (20 events):
Event: 1.010 Loading class java/util/PriorityQueue
Event: 1.010 Loading class java/util/PriorityQueue done
Event: 1.010 Loading class javax/swing/TimerQueue$DelayedTimer
Event: 1.010 Loading class java/util/concurrent/Delayed
Event: 1.010 Loading class java/util/concurrent/Delayed done
Event: 1.010 Loading class javax/swing/TimerQueue$DelayedTimer done
Event: 1.010 Loading class java/awt/TextComponent
Event: 1.011 Loading class java/awt/TextComponent done
Event: 1.013 Loading class java/awt/Container$MouseEventTargetFilter
Event: 1.013 Loading class java/awt/Container$EventTargetFilter
Event: 1.013 Loading class java/awt/Container$EventTargetFilter done
Event: 1.013 Loading class java/awt/Container$MouseEventTargetFilter done
Event: 1.013 Loading class java/awt/event/AWTEventListenerProxy
Event: 1.013 Loading class java/awt/event/AWTEventListenerProxy done
Event: 1.013 Loading class java/awt/Toolkit$SelectiveAWTEventListener
Event: 1.013 Loading class java/awt/Toolkit$SelectiveAWTEventListener done
Event: 1.013 Loading class java/awt/Toolkit$ToolkitEventMulticaster
Event: 1.013 Loading class java/awt/Toolkit$ToolkitEventMulticaster done
Event: 1.013 Loading class java/awt/event/MouseWheelEvent
Event: 1.013 Loading class java/awt/event/MouseWheelEvent done

Classes unloaded (0 events):
No events

Classes redefined (0 events):
No events

Internal exceptions (20 events):
Event: 0.218 Thread 0x000001edabd2dc70 Exception <a 'java/lang/NoSuchMethodError'{0x000000008b96e0f8}: 'java.lang.Object java.lang.invoke.DirectMethodHandle$Holder.invokeVirtual(java.lang.Object, java.lang.Object, java.lang.Object)'> (0x000000008b96e0f8) 
thrown [s\src\hotspot\share\interpreter\linkResolver.cpp, line 805]
Event: 0.311 Thread 0x000001edabd2dc70 Exception <a 'java/lang/NoSuchMethodError'{0x000000008b4d0a48}: 'void java.lang.invoke.DirectMethodHandle$Holder.invokeStaticInit(java.lang.Object, java.lang.Object)'> (0x000000008b4d0a48) 
thrown [s\src\hotspot\share\interpreter\linkResolver.cpp, line 805]
Event: 0.359 Thread 0x000001edabd2dc70 Exception <a 'sun/nio/fs/WindowsException'{0x000000008b2a2508}> (0x000000008b2a2508) 
thrown [s\src\hotspot\share\prims\jni.cpp, line 518]
Event: 0.388 Thread 0x000001edabd2dc70 Exception <a 'java/lang/NoSuchMethodError'{0x000000008b14b948}: 'java.lang.Object java.lang.invoke.DirectMethodHandle$Holder.invokeStaticInit(java.lang.Object, int, int, int, int)'> (0x000000008b14b948) 
thrown [s\src\hotspot\share\interpreter\linkResolver.cpp, line 805]
Event: 0.406 Thread 0x000001edabd2dc70 Exception <a 'java/lang/NoSuchMethodError'{0x000000008b01f550}: 'java.lang.Object java.lang.invoke.DirectMethodHandle$Holder.invokeStaticInit(java.lang.Object, java.lang.Object, int, int, int, int)'> (0x000000008b01f550) 
thrown [s\src\hotspot\share\interpreter\linkResolver.cpp, line 805]
Event: 0.532 Thread 0x000001edabd2dc70 Exception <a 'java/lang/NoSuchMethodError'{0x000000008af2aa00}: 'void java.lang.invoke.DirectMethodHandle$Holder.invokeVirtual(java.lang.Object, java.lang.Object)'> (0x000000008af2aa00) 
thrown [s\src\hotspot\share\interpreter\linkResolver.cpp, line 805]
Event: 0.571 Thread 0x000001edabd2dc70 Exception <a 'java/lang/NoSuchMethodError'{0x000000008afeeb00}: 'java.lang.Object java.lang.invoke.Invokers$Holder.invoke_MT(java.lang.Object, java.lang.Object, java.lang.Object, java.lang.Object, java.lang.Object, java.lang.Object)'> (0x000000008afeeb00) 
thrown [s\src\hotspot\share\interpreter\linkResolver.cpp, line 805]
Event: 0.572 Thread 0x000001edabd2dc70 Exception <a 'java/lang/NoSuchMethodError'{0x000000008affa5c0}: 'java.lang.Object java.lang.invoke.DirectMethodHandle$Holder.invokeStatic(java.lang.Object, java.lang.Object, int)'> (0x000000008affa5c0) 
thrown [s\src\hotspot\share\interpreter\linkResolver.cpp, line 805]
Event: 0.574 Thread 0x000001edabd2dc70 Exception <a 'java/lang/NoSuchMethodError'{0x000000008ae1d250}: 'void java.lang.invoke.DelegatingMethodHandle$Holder.delegate(java.lang.Object, java.lang.Object, int, java.lang.Object)'> (0x000000008ae1d250) 
thrown [s\src\hotspot\share\interpreter\linkResolver.cpp, line 805]
Event: 0.574 Thread 0x000001edabd2dc70 Exception <a 'java/lang/NoSuchMethodError'{0x000000008ae25af0}: 'int java.lang.invoke.DirectMethodHandle$Holder.invokeSpecial(java.lang.Object, java.lang.Object, java.lang.Object)'> (0x000000008ae25af0) 
thrown [s\src\hotspot\share\interpreter\linkResolver.cpp, line 805]
Event: 0.637 Thread 0x000001edabd2dc70 Exception <a 'java/lang/NoSuchMethodError'{0x000000008ab04af0}: 'void java.lang.invoke.DirectMethodHandle$Holder.invokeStaticInit(java.lang.Object)'> (0x000000008ab04af0) 
thrown [s\src\hotspot\share\interpreter\linkResolver.cpp, line 805]
Event: 0.644 Thread 0x000001edabd2dc70 Exception <a 'java/lang/NoSuchMethodError'{0x000000008ab319e8}: 'long java.lang.invoke.DirectMethodHandle$Holder.invokeStaticInit(java.lang.Object, long, long, long, long)'> (0x000000008ab319e8) 
thrown [s\src\hotspot\share\interpreter\linkResolver.cpp, line 805]
Event: 0.644 Thread 0x000001edabd2dc70 Exception <a 'java/lang/NoSuchMethodError'{0x000000008ab3a3f0}: 'java.lang.Object java.lang.invoke.DirectMethodHandle$Holder.invokeInterface(java.lang.Object, java.lang.Object, long, long)'> (0x000000008ab3a3f0) 
thrown [s\src\hotspot\share\interpreter\linkResolver.cpp, line 805]
Event: 0.645 Thread 0x000001edabd2dc70 Exception <a 'java/lang/NoSuchMethodError'{0x000000008ab52cc8}: 'void java.lang.invoke.DirectMethodHandle$Holder.invokeStaticInit(java.lang.Object, java.lang.Object, long, java.lang.Object)'> (0x000000008ab52cc8) 
thrown [s\src\hotspot\share\interpreter\linkResolver.cpp, line 805]
Event: 0.645 Thread 0x000001edabd2dc70 Exception <a 'java/lang/NoSuchMethodError'{0x000000008ab5b438}: 'long java.lang.invoke.DirectMethodHandle$Holder.invokeStatic(java.lang.Object, long, long)'> (0x000000008ab5b438) 
thrown [s\src\hotspot\share\interpreter\linkResolver.cpp, line 805]
Event: 0.647 Thread 0x000001edabd2dc70 Exception <a 'java/lang/NoSuchMethodError'{0x000000008ab842a0}: 'java.lang.Object java.lang.invoke.DirectMethodHandle$Holder.newInvokeSpecial(java.lang.Object, int, java.lang.Object)'> (0x000000008ab842a0) 
thrown [s\src\hotspot\share\interpreter\linkResolver.cpp, line 805]
Event: 0.650 Thread 0x000001edabd2dc70 Exception <a 'java/io/FileNotFoundException'{0x000000008abb6b40}> (0x000000008abb6b40) 
thrown [s\src\hotspot\share\prims\jni.cpp, line 518]
Event: 0.698 Thread 0x000001ee137d0210 Exception <a 'java/lang/NoSuchMethodError'{0x000000008acaefd8}: 'void java.lang.invoke.DelegatingMethodHandle$Holder.reinvoke_L(java.lang.Object, java.lang.Object, java.lang.Object, java.lang.Object, long, long, float)'> (0x000000008acaefd8) 
thrown [s\src\hotspot\share\interpreter\linkResolver.cpp, line 805]
Event: 0.699 Thread 0x000001ee137d0210 Exception <a 'java/lang/NoSuchMethodError'{0x000000008accf628}: 'java.lang.Object java.lang.invoke.DirectMethodHandle$Holder.invokeStatic(java.lang.Object, java.lang.Object, java.lang.Object, java.lang.Object, java.lang.Object, long)'> (0x000000008accf628) 
thrown [s\src\hotspot\share\interpreter\linkResolver.cpp, line 805]
Event: 0.702 Thread 0x000001ee137d0210 Exception <a 'java/lang/NoSuchMethodError'{0x000000008a912e80}: 'float java.lang.invoke.DelegatingMethodHandle$Holder.reinvoke_L(java.lang.Object, java.lang.Object, java.lang.Object, java.lang.Object, long, long)'> (0x000000008a912e80) 
thrown [s\src\hotspot\share\interpreter\linkResolver.cpp, line 805]

VM Operations (20 events):
Event: 0.295 Executing VM operation: HandshakeAllThreads (Deoptimize)
Event: 0.295 Executing VM operation: HandshakeAllThreads (Deoptimize) done
Event: 0.343 Executing VM operation: HandshakeAllThreads (Deoptimize)
Event: 0.343 Executing VM operation: HandshakeAllThreads (Deoptimize) done
Event: 0.559 Executing VM operation: HandshakeAllThreads (Deoptimize)
Event: 0.559 Executing VM operation: HandshakeAllThreads (Deoptimize) done
Event: 0.573 Executing VM operation: HandshakeAllThreads (Deoptimize)
Event: 0.573 Executing VM operation: HandshakeAllThreads (Deoptimize) done
Event: 0.576 Executing VM operation: HandshakeAllThreads (Deoptimize)
Event: 0.576 Executing VM operation: HandshakeAllThreads (Deoptimize) done
Event: 0.576 Executing VM operation: HandshakeAllThreads (Deoptimize)
Event: 0.576 Executing VM operation: HandshakeAllThreads (Deoptimize) done
Event: 0.647 Executing VM operation: HandshakeAllThreads (Deoptimize)
Event: 0.647 Executing VM operation: HandshakeAllThreads (Deoptimize) done
Event: 0.682 Executing VM operation: HandshakeAllThreads (Deoptimize)
Event: 0.682 Executing VM operation: HandshakeAllThreads (Deoptimize) done
Event: 0.692 Executing VM operation: HandshakeAllThreads (Deoptimize)
Event: 0.692 Executing VM operation: HandshakeAllThreads (Deoptimize) done
Event: 0.729 Executing VM operation: HandshakeAllThreads (Deoptimize)
Event: 0.729 Executing VM operation: HandshakeAllThreads (Deoptimize) done

Memory protections (0 events):
No events

Nmethod flushes (0 events):
No events

Events (20 events):
Event: 0.021 Thread 0x000001edabd2dc70 Thread added: 0x000001edcbb63540
Event: 0.021 Thread 0x000001edabd2dc70 Thread added: 0x000001edcbb647b0
Event: 0.021 Thread 0x000001edabd2dc70 Thread added: 0x000001edcbb66e70
Event: 0.021 Thread 0x000001edabd2dc70 Thread added: 0x000001edcbb6f5c0
Event: 0.021 Thread 0x000001edabd2dc70 Thread added: 0x000001edcbb70550
Event: 0.021 Thread 0x000001edabd2dc70 Thread added: 0x000001edcbb74310
Event: 0.038 Thread 0x000001edabd2dc70 Thread added: 0x000001edcbc6d240
Event: 0.043 Thread 0x000001edcbb74310 Thread added: 0x000001edcbc74bc0
Event: 0.043 Thread 0x000001edcbc74bc0 Thread added: 0x000001edcbc90450
Event: 0.046 Thread 0x000001edcbc90450 Thread added: 0x000001edcbcbf600
Event: 0.049 Thread 0x000001edabd2dc70 Thread added: 0x000001edcbd48570
Event: 0.096 Thread 0x000001edabd2dc70 Thread added: 0x000001ee11464c00
Event: 0.096 Thread 0x000001edabd2dc70 Thread added: 0x000001ee111fec60
Event: 0.096 Thread 0x000001edabd2dc70 Thread added: 0x000001ee111ff7b0
Event: 0.178 Thread 0x000001edabd2dc70 Thread added: 0x000001edcbf58860
Event: 0.559 Thread 0x000001edcbc74bc0 Thread added: 0x000001ee117b6ed0
Event: 0.629 Thread 0x000001ee111ff7b0 Thread added: 0x000001ee137d0210
Event: 0.682 Thread 0x000001edabd2dc70 Thread exited: 0x000001edabd2dc70
Event: 0.682 Thread 0x000001edabd2dc70 Thread added: 0x000001edabd2dc70
Event: 1.010 Thread 0x000001ee137d0210 Thread added: 0x000001ee1381ddd0


Dynamic libraries:
0x00007ff614ae0000 - 0x00007ff614aee000 	C:\Program Files\Apache NetBeans\jdk\bin\java.exe
0x00007ffdf0b50000 - 0x00007ffdf0d67000 	C:\Windows\SYSTEM32\ntdll.dll
0x00007ffdefdf0000 - 0x00007ffdefeb4000 	C:\Windows\System32\KERNEL32.DLL
0x00007ffdee2b0000 - 0x00007ffdee66a000 	C:\Windows\System32\KERNELBASE.dll
0x00007ffdede90000 - 0x00007ffdedfa1000 	C:\Windows\System32\ucrtbase.dll
0x00007ffde5ff0000 - 0x00007ffde600e000 	C:\Program Files\Apache NetBeans\jdk\bin\VCRUNTIME140.dll
0x00007ffdd8a10000 - 0x00007ffdd8a26000 	C:\Program Files\Apache NetBeans\jdk\bin\jli.dll
0x00007ffdee8d0000 - 0x00007ffdeea7e000 	C:\Windows\System32\USER32.dll
0x00007ffdee280000 - 0x00007ffdee2a6000 	C:\Windows\System32\win32u.dll
0x00007ffded080000 - 0x00007ffded312000 	C:\Windows\WinSxS\amd64_microsoft.windows.common-controls_6595b64144ccf1df_6.0.22621.4541_none_2710d1c57384c085\COMCTL32.dll
0x00007ffdefd60000 - 0x00007ffdefd89000 	C:\Windows\System32\GDI32.dll
0x00007ffdf0980000 - 0x00007ffdf0a27000 	C:\Windows\System32\msvcrt.dll
0x00007ffdee670000 - 0x00007ffdee78b000 	C:\Windows\System32\gdi32full.dll
0x00007ffdee1e0000 - 0x00007ffdee27a000 	C:\Windows\System32\msvcp_win.dll
0x00007ffdeff80000 - 0x00007ffdeffb1000 	C:\Windows\System32\IMM32.DLL
0x00007ffded670000 - 0x00007ffded67c000 	C:\Program Files\Apache NetBeans\jdk\bin\vcruntime140_1.dll
0x00007ffdceb40000 - 0x00007ffdcebcd000 	C:\Program Files\Apache NetBeans\jdk\bin\msvcp140.dll
0x00007ffda1f00000 - 0x00007ffda2d7c000 	C:\Program Files\Apache NetBeans\jdk\bin\server\jvm.dll
0x00007ffdefec0000 - 0x00007ffdeff72000 	C:\Windows\System32\ADVAPI32.dll
0x00007ffdef410000 - 0x00007ffdef4b7000 	C:\Windows\System32\sechost.dll
0x00007ffdee810000 - 0x00007ffdee838000 	C:\Windows\System32\bcrypt.dll
0x00007ffdef240000 - 0x00007ffdef354000 	C:\Windows\System32\RPCRT4.dll
0x00007ffdee840000 - 0x00007ffdee8b1000 	C:\Windows\System32\WS2_32.dll
0x00007ffde5680000 - 0x00007ffde56b4000 	C:\Windows\SYSTEM32\WINMM.dll
0x00007ffded720000 - 0x00007ffded76d000 	C:\Windows\SYSTEM32\POWRPROF.dll
0x00007ffde5910000 - 0x00007ffde591a000 	C:\Windows\SYSTEM32\VERSION.dll
0x00007ffded450000 - 0x00007ffded463000 	C:\Windows\SYSTEM32\UMPDC.dll
0x00007ffdec5f0000 - 0x00007ffdec608000 	C:\Windows\SYSTEM32\kernel.appcore.dll
0x00007ffde4e00000 - 0x00007ffde4e0a000 	C:\Program Files\Apache NetBeans\jdk\bin\jimage.dll
0x00007ffded770000 - 0x00007ffded9a2000 	C:\Windows\SYSTEM32\DBGHELP.DLL
0x00007ffdf0090000 - 0x00007ffdf0421000 	C:\Windows\System32\combase.dll
0x00007ffdf0a30000 - 0x00007ffdf0b07000 	C:\Windows\System32\OLEAUT32.dll
0x00007ffded610000 - 0x00007ffded642000 	C:\Windows\SYSTEM32\dbgcore.DLL
0x00007ffdee790000 - 0x00007ffdee80b000 	C:\Windows\System32\bcryptPrimitives.dll
0x00007ffde5f50000 - 0x00007ffde5f6e000 	C:\Program Files\Apache NetBeans\jdk\bin\java.dll
0x00007ffdeef80000 - 0x00007ffdef125000 	C:\Windows\System32\ole32.dll
0x00007ffdef4c0000 - 0x00007ffdefd39000 	C:\Windows\System32\SHELL32.dll
0x00007ffdeb350000 - 0x00007ffdebc59000 	C:\Windows\SYSTEM32\windows.storage.dll
0x00007ffdeb210000 - 0x00007ffdeb34f000 	C:\Windows\SYSTEM32\wintypes.dll
0x00007ffdf0430000 - 0x00007ffdf052a000 	C:\Windows\System32\SHCORE.dll
0x00007ffdeef10000 - 0x00007ffdeef6e000 	C:\Windows\System32\shlwapi.dll
0x00007ffdedd40000 - 0x00007ffdedd6b000 	C:\Windows\SYSTEM32\profapi.dll
0x00007ffdd66c0000 - 0x00007ffdd6797000 	C:\Program Files\Apache NetBeans\jdk\bin\jsvml.dll
0x00007ffde4de0000 - 0x00007ffde4df0000 	C:\Program Files\Apache NetBeans\jdk\bin\net.dll
0x00007ffdeca30000 - 0x00007ffdeca99000 	C:\Windows\system32\mswsock.dll
0x00007ffdd6840000 - 0x00007ffdd6856000 	C:\Program Files\Apache NetBeans\jdk\bin\nio.dll
0x00007ffdd6890000 - 0x00007ffdd68a7000 	C:\Program Files\Apache NetBeans\jdk\bin\zip.dll
0x00007ffdc39c0000 - 0x00007ffdc3b3e000 	C:\Program Files\Apache NetBeans\jdk\bin\awt.dll
0x00007ffde4ed0000 - 0x00007ffde4f67000 	C:\Windows\SYSTEM32\apphelp.dll
0x00007ffdea550000 - 0x00007ffdea57b000 	C:\Windows\system32\DWMAPI.DLL
0x00007ffde7a00000 - 0x00007ffde7ab1000 	C:\Windows\system32\uxtheme.dll
0x00007ffdc4650000 - 0x00007ffdc4750000 	C:\Windows\system32\opengl32.dll
0x00007ffdd6610000 - 0x00007ffdd663d000 	C:\Windows\SYSTEM32\GLU32.dll
0x00007ffdea5b0000 - 0x00007ffdea5e7000 	C:\Windows\SYSTEM32\dxcore.dll
0x00007ffdf0710000 - 0x00007ffdf0871000 	C:\Windows\System32\MSCTF.dll
0x00007ffdec110000 - 0x00007ffdec212000 	C:\Windows\SYSTEM32\DNSAPI.dll
0x00007ffdec0e0000 - 0x00007ffdec10d000 	C:\Windows\SYSTEM32\IPHLPAPI.DLL
0x00007ffdeef00000 - 0x00007ffdeef09000 	C:\Windows\System32\NSI.dll
0x00007ffde5920000 - 0x00007ffde592a000 	C:\Windows\System32\rasadhlp.dll
0x00007ffde5250000 - 0x00007ffde52d3000 	C:\Windows\System32\fwpuclnt.dll
0x00007ffdd6a10000 - 0x00007ffdd6a19000 	C:\Program Files\Apache NetBeans\jdk\bin\extnet.dll
0x00007ffdedab0000 - 0x00007ffdedacb000 	C:\Windows\SYSTEM32\CRYPTSP.dll
0x00007ffdecb00000 - 0x00007ffdecb35000 	C:\Windows\system32\rsaenh.dll
0x00007ffdecb40000 - 0x00007ffdecb68000 	C:\Windows\SYSTEM32\USERENV.dll
0x00007ffdece80000 - 0x00007ffdece8c000 	C:\Windows\SYSTEM32\CRYPTBASE.dll
0x00007ffdd65c0000 - 0x00007ffdd65ce000 	C:\Program Files\Apache NetBeans\jdk\bin\sunmscapi.dll
0x00007ffdedfb0000 - 0x00007ffdee116000 	C:\Windows\System32\CRYPT32.dll
0x00007ffded050000 - 0x00007ffded07d000 	C:\Windows\SYSTEM32\ncrypt.dll
0x00007ffded010000 - 0x00007ffded047000 	C:\Windows\SYSTEM32\NTASN1.dll
0x00007ffdceab0000 - 0x00007ffdceb37000 	C:\Program Files\Apache NetBeans\jdk\bin\freetype.dll
0x00007ffdc38e0000 - 0x00007ffdc39b9000 	C:\Program Files\Apache NetBeans\jdk\bin\fontmanager.dll
0x00007ffdef360000 - 0x00007ffdef410000 	C:\Windows\System32\clbcatq.dll
0x00007ffde7810000 - 0x00007ffde79c0000 	C:\Windows\SYSTEM32\WindowsCodecs.dll
0x00007ffdc5ff0000 - 0x00007ffdc604e000 	C:\Windows\system32\dataexchange.dll
0x00007ffdddb40000 - 0x00007ffdddde4000 	C:\Windows\system32\twinapi.appcore.dll
0x00007ffdceff0000 - 0x00007ffdcf135000 	C:\Windows\SYSTEM32\textinputframework.dll
0x00007ffde4a30000 - 0x00007ffde4b63000 	C:\Windows\SYSTEM32\CoreMessaging.dll
0x00007ffddf660000 - 0x00007ffddf9cd000 	C:\Windows\SYSTEM32\CoreUIComponents.dll

JVMTI agents: none

dbghelp: loaded successfully - version: 4.0.5 - missing functions: none
symbol engine: initialized successfully - sym options: 0x614 - pdb path: .;C:\Program Files\Apache NetBeans\jdk\bin;C:\Windows\SYSTEM32;C:\Windows\WinSxS\amd64_microsoft.windows.common-controls_6595b64144ccf1df_6.0.22621.4541_none_2710d1c57384c085;C:\Program Files\Apache NetBeans\jdk\bin\server

VM Arguments:
jvm_args: -Dfile.encoding=UTF-8 --module-path=C:\Users\Admin\Documents\NetBeansProjects\EmplyeeMangagement\build\classes 
java_command: emplyeemangagement.Update
java_class_path (initial): C:\Users\Admin\Downloads\mysql-connector-java-8.0.28.jar;C:\Users\Admin\Downloads\jcalendar-tz-1.3.3-4.jar;C:\Users\Admin\Downloads\rs2xml.jar;C:\Users\Admin\Downloads\TimingFramework-0.55.jar;C:\Users\Admin\Downloads\jfreechart-1.5.6.jar;C:\Users\Admin\Documents\NetBeansProjects\EmplyeeMangagement\build\classes
Launcher Type: SUN_STANDARD

[Global flags]
     intx CICompilerCount                          = 12                                        {product} {ergonomic}
     uint ConcGCThreads                            = 3                                         {product} {ergonomic}
     uint G1ConcRefinementThreads                  = 13                                        {product} {ergonomic}
   size_t G1HeapRegionSize                         = 1048576                                   {product} {ergonomic}
   size_t InitialHeapSize                          = 130023424                                 {product} {ergonomic}
   size_t MarkStackSize                            = 4194304                                   {product} {ergonomic}
   size_t MarkStackSizeMax                         = 536870912                                 {product} {ergonomic}
   size_t MaxHeapSize                              = 2069889024                                {product} {ergonomic}
   size_t MaxNewSize                               = 1241513984                                {product} {ergonomic}
   size_t MinHeapDeltaBytes                        = 1048576                                   {product} {ergonomic}
   size_t MinHeapSize                              = 8388608                                   {product} {ergonomic}
    uintx NonNMethodCodeHeapSize                   = 7602176                                {pd product} {ergonomic}
    uintx NonProfiledCodeHeapSize                  = 122093568                              {pd product} {ergonomic}
    uintx ProfiledCodeHeapSize                     = 121962496                              {pd product} {ergonomic}
    uintx ReservedCodeCacheSize                    = 251658240                              {pd product} {ergonomic}
     bool SegmentedCodeCache                       = true                                      {product} {ergonomic}
   size_t SoftMaxHeapSize                          = 2069889024                             {manageable} {ergonomic}
     bool UseCompressedOops                        = true                           {product lp64_product} {ergonomic}
     bool UseG1GC                                  = true                                      {product} {ergonomic}
     bool UseLargePagesIndividualAllocation        = false                                  {pd product} {ergonomic}

Logging:
Log output configuration:
 #0: stdout all=warning uptime,level,tags foldmultilines=false
 #1: stderr all=off uptime,level,tags foldmultilines=false

Environment Variables:
PATH=C:\Program Files\Common Files\Oracle\Java\javapath;C:\Windows\system32;C:\Windows;C:\Windows\System32\Wbem;C:\Windows\System32\WindowsPowerShell\v1.0\;C:\Windows\System32\OpenSSH\;C:\Program Files (x86)\Microsoft SQL Server\160\Tools\Binn\;C:\Program Files\Microsoft SQL Server\160\Tools\Binn\;C:\Program Files\Microsoft SQL Server\Client SDK\ODBC\170\Tools\Binn\;C:\Program Files\Microsoft SQL Server\160\DTS\Binn\;C:\Program Files (x86)\Microsoft SQL Server\160\DTS\Binn\;C:\Users\Admin\AppData\Local\Programs\Python\Python313;C:\Program Files\MySQL\MySQL Server 9.2\bin\;C:\Program Files\Git\cmd;C:\Program Files\Cloudflare\Cloudflare WARP\;D:\msys64\ucrt64\bin;C:\Program Files\MySQL\MySQL Shell 8.0\bin\;C:\Users\Admin\AppData\Local\Programs\Python\Python310\Scripts\;C:\Users\Admin\AppData\Local\Programs\Python\Python310\;C:\Users\Admin\AppData\Local\Microsoft\WindowsApps;C:\Users\Admin\AppData\Local\Programs\Microsoft VS Code\bin;C:\Users\Admin\AppData\Local\Programs\Python\Python313;C:\Users\Admin\AppData\Local\GitHubDesktop\bin;D:\pycharm\PyCharm 2025.1.1\bin;;D:\mingw\ucrt64\bin;
USERNAME=Admin
OS=Windows_NT
PROCESSOR_IDENTIFIER=Intel64 Family 6 Model 154 Stepping 3, GenuineIntel
TMP=C:\Users\Admin\AppData\Local\Temp
TEMP=C:\Users\Admin\AppData\Local\Temp




Periodic native trim disabled

---------------  S Y S T E M  ---------------

OS:
 Windows 11 , 64 bit Build 22621 (10.0.22621.4391)
OS uptime: 3 days 17:59 hours

CPU: total 16 (initial active 16) (8 cores per cpu, 2 threads per core) family 6 model 154 stepping 3 microcode 0x424, cx8, cmov, fxsr, ht, mmx, 3dnowpref, sse, sse2, sse3, ssse3, sse4.1, sse4.2, popcnt, lzcnt, tsc, tscinvbit, avx, avx2, aes, erms, clmul, bmi1, bmi2, adx, sha, fma, vzeroupper, clflush, clflushopt, clwb, serialize, rdtscp, rdpid, fsrm, gfni, f16c, pku, cet_ibt, cet_ss
Processor Information for processor 0
  Max Mhz: 2300, Current Mhz: 2300, Mhz Limit: 2300
Processor Information for processor 1
  Max Mhz: 2300, Current Mhz: 1506, Mhz Limit: 2300
Processor Information for processor 2
  Max Mhz: 2300, Current Mhz: 2300, Mhz Limit: 2300
Processor Information for processor 3
  Max Mhz: 2300, Current Mhz: 1506, Mhz Limit: 2300
Processor Information for processor 4
  Max Mhz: 2300, Current Mhz: 2300, Mhz Limit: 2300
Processor Information for processor 5
  Max Mhz: 2300, Current Mhz: 1506, Mhz Limit: 2300
Processor Information for processor 6
  Max Mhz: 2300, Current Mhz: 2300, Mhz Limit: 2300
Processor Information for processor 7
  Max Mhz: 2300, Current Mhz: 1506, Mhz Limit: 2300
Processor Information for processor 8
  Max Mhz: 2300, Current Mhz: 2300, Mhz Limit: 2300
Processor Information for processor 9
  Max Mhz: 2300, Current Mhz: 2300, Mhz Limit: 2300
Processor Information for processor 10
  Max Mhz: 2300, Current Mhz: 2300, Mhz Limit: 2300
Processor Information for processor 11
  Max Mhz: 2300, Current Mhz: 2300, Mhz Limit: 2300
Processor Information for processor 12
  Max Mhz: 2300, Current Mhz: 2300, Mhz Limit: 2300
Processor Information for processor 13
  Max Mhz: 2300, Current Mhz: 2300, Mhz Limit: 2300
Processor Information for processor 14
  Max Mhz: 2300, Current Mhz: 2300, Mhz Limit: 2300
Processor Information for processor 15
  Max Mhz: 2300, Current Mhz: 2300, Mhz Limit: 2300

Memory: 4k page, system-wide physical 7895M (354M free)
TotalPageFile size 30028M (AvailPageFile size 8M)
current process WorkingSet (physical memory assigned to process): 132M, peak: 133M
current process commit charge ("private bytes"): 264M, peak: 269M

vm_info: OpenJDK 64-Bit Server VM (24.0.1+9) for windows-amd64 JRE (24.0.1+9) (Zulu24.30+11-CA), built on 2025-03-21T13:52:34Z with MS VC++ 17.1 (VS2022)

END.
